python : Creating test database for alias 'default'...
At line:1 char:288
+ ... rive\Project Claude\BGDDR\bgddr' ; python manage.py test 2>&1 | Out-F ...
+                                        ~~~~~~~~~~~~~~~~~~~~~~~~~~
    + CategoryInfo          : NotSpecified: (Creating test d...as 'default'...:String) [], RemoteException
    + FullyQualifiedErrorId : NativeCommandError
 

E2026-07-17 00:40:46,655 WARNING clinical_reasoning.services.engine: No ACTIVE rules matched for patient EX0 � 
differential will be empty. Ensure KnowledgeBase entries have ACTIVE status.
2026-07-17 00:40:46,669 INFO clinical_reasoning.event_handlers: Recomputed profile for patient EX0 after 
patient.registered
2026-07-17 00:40:46,681 INFO clinical_reasoning.event_handlers: Recomputed outcome for patient EX0 after lab event
2026-07-17 00:40:46,687 WARNING clinical_reasoning.services.engine: No ACTIVE rules matched for patient EX0 � 
differential will be empty. Ensure KnowledgeBase entries have ACTIVE status.
2026-07-17 00:40:46,694 INFO clinical_reasoning.event_handlers: Recomputed profile for patient EX0 after 
lab_result.created
2026-07-17 00:40:46,706 INFO clinical_reasoning.event_handlers: Recomputed outcome for patient EX0 after lab event
2026-07-17 00:40:46,712 WARNING clinical_reasoning.services.engine: No ACTIVE rules matched for patient EX0 � 
differential will be empty. Ensure KnowledgeBase entries have ACTIVE status.
2026-07-17 00:40:46,719 INFO clinical_reasoning.event_handlers: Recomputed profile for patient EX0 after 
lab_result.created
2026-07-17 00:40:46,728 WARNING clinical_reasoning.services.engine: No ACTIVE rules matched for patient EX0 � 
differential will be empty. Ensure KnowledgeBase entries have ACTIVE status.
2026-07-17 00:40:46,735 INFO clinical_reasoning.event_handlers: Recomputed profile for patient EX0 after 
patient.updated
2026-07-17 00:40:46,742 WARNING clinical_reasoning.services.engine: No ACTIVE rules matched for patient EX0 � 
differential will be empty. Ensure KnowledgeBase entries have ACTIVE status.
2026-07-17 00:40:46,749 INFO clinical_reasoning.event_handlers: Recomputed profile for patient EX0 after 
treatment_exposure.created
2026-07-17 00:40:46,759 INFO clinical_reasoning.event_handlers: Recomputed outcome for patient EX0 after clinical event
2026-07-17 00:40:46,765 WARNING clinical_reasoning.services.engine: No ACTIVE rules matched for patient EX0 � 
differential will be empty. Ensure KnowledgeBase entries have ACTIVE status.
2026-07-17 00:40:46,771 INFO clinical_reasoning.event_handlers: Recomputed profile for patient EX0 after 
clinical_event.created
2026-07-17 00:40:46,783 WARNING clinical_reasoning.services.engine: No ACTIVE rules matched for patient EX1 � 
differential will be empty. Ensure KnowledgeBase entries have ACTIVE status.
2026-07-17 00:40:46,790 INFO clinical_reasoning.event_handlers: Recomputed profile for patient EX1 after 
patient.registered
2026-07-17 00:40:46,799 INFO clinical_reasoning.event_handlers: Recomputed outcome for patient EX1 after lab event
2026-07-17 00:40:46,804 WARNING clinical_reasoning.services.engine: No ACTIVE rules matched for patient EX1 � 
differential will be empty. Ensure KnowledgeBase entries have ACTIVE status.
2026-07-17 00:40:46,810 INFO clinical_reasoning.event_handlers: Recomputed profile for patient EX1 after 
lab_result.created
2026-07-17 00:40:46,819 INFO clinical_reasoning.event_handlers: Recomputed outcome for patient EX1 after lab event
2026-07-17 00:40:46,823 WARNING clinical_reasoning.services.engine: No ACTIVE rules matched for patient EX1 � 
differential will be empty. Ensure KnowledgeBase entries have ACTIVE status.
2026-07-17 00:40:46,829 INFO clinical_reasoning.event_handlers: Recomputed profile for patient EX1 after 
lab_result.created
2026-07-17 00:40:46,836 WARNING clinical_reasoning.services.engine: No ACTIVE rules matched for patient EX1 � 
differential will be empty. Ensure KnowledgeBase entries have ACTIVE status.
2026-07-17 00:40:46,841 INFO clinical_reasoning.event_handlers: Recomputed profile for patient EX1 after 
patient.updated
2026-07-17 00:40:46,847 WARNING clinical_reasoning.services.engine: No ACTIVE rules matched for patient EX1 � 
differential will be empty. Ensure KnowledgeBase entries have ACTIVE status.
2026-07-17 00:40:46,852 INFO clinical_reasoning.event_handlers: Recomputed profile for patient EX1 after 
treatment_exposure.created
2026-07-17 00:40:46,861 INFO clinical_reasoning.event_handlers: Recomputed outcome for patient EX1 after lab event
2026-07-17 00:40:46,867 WARNING clinical_reasoning.services.engine: No ACTIVE rules matched for patient EX1 � 
differential will be empty. Ensure KnowledgeBase entries have ACTIVE status.
2026-07-17 00:40:46,874 INFO clinical_reasoning.event_handlers: Recomputed profile for patient EX1 after 
lab_result.created
2026-07-17 00:40:46,885 INFO clinical_reasoning.event_handlers: Recomputed outcome for patient EX1 after lab event
2026-07-17 00:40:46,891 WARNING clinical_reasoning.services.engine: No ACTIVE rules matched for patient EX1 � 
differential will be empty. Ensure KnowledgeBase entries have ACTIVE status.
2026-07-17 00:40:46,898 INFO clinical_reasoning.event_handlers: Recomputed profile for patient EX1 after 
lab_result.created
2026-07-17 00:40:46,907 WARNING clinical_reasoning.services.engine: No ACTIVE rules matched for patient EX1 � 
differential will be empty. Ensure KnowledgeBase entries have ACTIVE status.
2026-07-17 00:40:46,914 INFO clinical_reasoning.event_handlers: Recomputed profile for patient EX1 after 
patient.updated
2026-07-17 00:40:46,929 WARNING clinical_reasoning.services.engine: No ACTIVE rules matched for patient EX2 � 
differential will be empty. Ensure KnowledgeBase entries have ACTIVE status.
2026-07-17 00:40:46,935 INFO clinical_reasoning.event_handlers: Recomputed profile for patient EX2 after 
patient.registered
2026-07-17 00:40:46,946 INFO clinical_reasoning.event_handlers: Recomputed outcome for patient EX2 after lab event
2026-07-17 00:40:46,952 WARNING clinical_reasoning.services.engine: No ACTIVE rules matched for patient EX2 � 
differential will be empty. Ensure KnowledgeBase entries have ACTIVE status.
2026-07-17 00:40:46,959 INFO clinical_reasoning.event_handlers: Recomputed profile for patient EX2 after 
lab_result.created
2026-07-17 00:40:46,970 INFO clinical_reasoning.event_handlers: Recomputed outcome for patient EX2 after lab event
2026-07-17 00:40:46,976 WARNING clinical_reasoning.services.engine: No ACTIVE rules matched for patient EX2 � 
differential will be empty. Ensure KnowledgeBase entries have ACTIVE status.
2026-07-17 00:40:46,982 INFO clinical_reasoning.event_handlers: Recomputed profile for patient EX2 after 
lab_result.created
2026-07-17 00:40:46,989 WARNING clinical_reasoning.services.engine: No ACTIVE rules matched for patient EX2 � 
differential will be empty. Ensure KnowledgeBase entries have ACTIVE status.
2026-07-17 00:40:46,994 INFO clinical_reasoning.event_handlers: Recomputed profile for patient EX2 after 
patient.updated
2026-07-17 00:40:47,000 WARNING clinical_reasoning.services.engine: No ACTIVE rules matched for patient EX2 � 
differential will be empty. Ensure KnowledgeBase entries have ACTIVE status.
2026-07-17 00:40:47,006 INFO clinical_reasoning.event_handlers: Recomputed profile for patient EX2 after 
treatment_exposure.created
2026-07-17 00:40:47,015 INFO clinical_reasoning.event_handlers: Recomputed outcome for patient EX2 after lab event
2026-07-17 00:40:47,020 WARNING clinical_reasoning.services.engine: No ACTIVE rules matched for patient EX2 � 
differential will be empty. Ensure KnowledgeBase entries have ACTIVE status.
2026-07-17 00:40:47,025 INFO clinical_reasoning.event_handlers: Recomputed profile for patient EX2 after 
lab_result.created
2026-07-17 00:40:47,034 INFO clinical_reasoning.event_handlers: Recomputed outcome for patient EX2 after lab event
2026-07-17 00:40:47,039 WARNING clinical_reasoning.services.engine: No ACTIVE rules matched for patient EX2 � 
differential will be empty. Ensure KnowledgeBase entries have ACTIVE status.
2026-07-17 00:40:47,044 INFO clinical_reasoning.event_handlers: Recomputed profile for patient EX2 after 
lab_result.created
2026-07-17 00:40:47,051 WARNING clinical_reasoning.services.engine: No ACTIVE rules matched for patient EX2 � 
differential will be empty. Ensure KnowledgeBase entries have ACTIVE status.
2026-07-17 00:40:47,057 INFO clinical_reasoning.event_handlers: Recomputed profile for patient EX2 after 
patient.updated
2026-07-17 00:40:47,069 WARNING clinical_reasoning.services.engine: No ACTIVE rules matched for patient EX3 � 
differential will be empty. Ensure KnowledgeBase entries have ACTIVE status.
2026-07-17 00:40:47,075 INFO clinical_reasoning.event_handlers: Recomputed profile for patient EX3 after 
patient.registered
2026-07-17 00:40:47,084 INFO clinical_reasoning.event_handlers: Recomputed outcome for patient EX3 after lab event
2026-07-17 00:40:47,088 WARNING clinical_reasoning.services.engine: No ACTIVE rules matched for patient EX3 � 
differential will be empty. Ensure KnowledgeBase entries have ACTIVE status.
2026-07-17 00:40:47,094 INFO clinical_reasoning.event_handlers: Recomputed profile for patient EX3 after 
lab_result.created
2026-07-17 00:40:47,103 INFO clinical_reasoning.event_handlers: Recomputed outcome for patient EX3 after lab event
2026-07-17 00:40:47,107 WARNING clinical_reasoning.services.engine: No ACTIVE rules matched for patient EX3 � 
differential will be empty. Ensure KnowledgeBase entries have ACTIVE status.
2026-07-17 00:40:47,113 INFO clinical_reasoning.event_handlers: Recomputed profile for patient EX3 after 
lab_result.created
2026-07-17 00:40:47,120 WARNING clinical_reasoning.services.engine: No ACTIVE rules matched for patient EX3 � 
differential will be empty. Ensure KnowledgeBase entries have ACTIVE status.
2026-07-17 00:40:47,125 INFO clinical_reasoning.event_handlers: Recomputed profile for patient EX3 after 
patient.updated
2026-07-17 00:40:47,131 WARNING clinical_reasoning.services.engine: No ACTIVE rules matched for patient EX3 � 
differential will be empty. Ensure KnowledgeBase entries have ACTIVE status.
2026-07-17 00:40:47,137 INFO clinical_reasoning.event_handlers: Recomputed profile for patient EX3 after 
treatment_exposure.created
2026-07-17 00:40:47,146 INFO clinical_reasoning.event_handlers: Recomputed outcome for patient EX3 after lab event
2026-07-17 00:40:47,150 WARNING clinical_reasoning.services.engine: No ACTIVE rules matched for patient EX3 � 
differential will be empty. Ensure KnowledgeBase entries have ACTIVE status.
2026-07-17 00:40:47,156 INFO clinical_reasoning.event_handlers: Recomputed profile for patient EX3 after 
lab_result.created
2026-07-17 00:40:47,165 INFO clinical_reasoning.event_handlers: Recomputed outcome for patient EX3 after lab event
2026-07-17 00:40:47,169 WARNING clinical_reasoning.services.engine: No ACTIVE rules matched for patient EX3 � 
differential will be empty. Ensure KnowledgeBase entries have ACTIVE status.
2026-07-17 00:40:47,175 INFO clinical_reasoning.event_handlers: Recomputed profile for patient EX3 after 
lab_result.created
2026-07-17 00:40:47,182 WARNING clinical_reasoning.services.engine: No ACTIVE rules matched for patient EX3 � 
differential will be empty. Ensure KnowledgeBase entries have ACTIVE status.
2026-07-17 00:40:47,188 INFO clinical_reasoning.event_handlers: Recomputed profile for patient EX3 after 
patient.updated
2026-07-17 00:40:47,199 WARNING clinical_reasoning.services.engine: No ACTIVE rules matched for patient UN0 � 
differential will be empty. Ensure KnowledgeBase entries have ACTIVE status.
2026-07-17 00:40:47,205 INFO clinical_reasoning.event_handlers: Recomputed profile for patient UN0 after 
patient.registered
2026-07-17 00:40:47,214 INFO clinical_reasoning.event_handlers: Recomputed outcome for patient UN0 after lab event
2026-07-17 00:40:47,219 WARNING clinical_reasoning.services.engine: No ACTIVE rules matched for patient UN0 � 
differential will be empty. Ensure KnowledgeBase entries have ACTIVE status.
2026-07-17 00:40:47,224 INFO clinical_reasoning.event_handlers: Recomputed profile for patient UN0 after 
lab_result.created
2026-07-17 00:40:47,235 INFO clinical_reasoning.event_handlers: Recomputed outcome for patient UN0 after lab event
2026-07-17 00:40:47,240 WARNING clinical_reasoning.services.engine: No ACTIVE rules matched for patient UN0 � 
differential will be empty. Ensure KnowledgeBase entries have ACTIVE status.
2026-07-17 00:40:47,246 INFO clinical_reasoning.event_handlers: Recomputed profile for patient UN0 after 
lab_result.created
2026-07-17 00:40:47,255 WARNING clinical_reasoning.services.engine: No ACTIVE rules matched for patient UN0 � 
differential will be empty. Ensure KnowledgeBase entries have ACTIVE status.
2026-07-17 00:40:47,261 INFO clinical_reasoning.event_handlers: Recomputed profile for patient UN0 after 
patient.updated
2026-07-17 00:40:47,269 INFO clinical_reasoning.event_handlers: Recomputed outcome for patient UN0 after clinical event
2026-07-17 00:40:47,273 WARNING clinical_reasoning.services.engine: No ACTIVE rules matched for patient UN0 � 
differential will be empty. Ensure KnowledgeBase entries have ACTIVE status.
2026-07-17 00:40:47,279 INFO clinical_reasoning.event_handlers: Recomputed profile for patient UN0 after 
clinical_event.created
2026-07-17 00:40:47,290 WARNING clinical_reasoning.services.engine: No ACTIVE rules matched for patient UN1 � 
differential will be empty. Ensure KnowledgeBase entries have ACTIVE status.
2026-07-17 00:40:47,296 INFO clinical_reasoning.event_handlers: Recomputed profile for patient UN1 after 
patient.registered
2026-07-17 00:40:47,305 INFO clinical_reasoning.event_handlers: Recomputed outcome for patient UN1 after lab event
2026-07-17 00:40:47,310 WARNING clinical_reasoning.services.engine: No ACTIVE rules matched for patient UN1 � 
differential will be empty. Ensure KnowledgeBase entries have ACTIVE status.
2026-07-17 00:40:47,316 INFO clinical_reasoning.event_handlers: Recomputed profile for patient UN1 after 
lab_result.created
2026-07-17 00:40:47,325 INFO clinical_reasoning.event_handlers: Recomputed outcome for patient UN1 after lab event
2026-07-17 00:40:47,329 WARNING clinical_reasoning.services.engine: No ACTIVE rules matched for patient UN1 � 
differential will be empty. Ensure KnowledgeBase entries have ACTIVE status.
2026-07-17 00:40:47,335 INFO clinical_reasoning.event_handlers: Recomputed profile for patient UN1 after 
lab_result.created
2026-07-17 00:40:47,342 WARNING clinical_reasoning.services.engine: No ACTIVE rules matched for patient UN1 � 
differential will be empty. Ensure KnowledgeBase entries have ACTIVE status.
2026-07-17 00:40:47,348 INFO clinical_reasoning.event_handlers: Recomputed profile for patient UN1 after 
patient.updated
2026-07-17 00:40:47,356 INFO clinical_reasoning.event_handlers: Recomputed outcome for patient UN1 after clinical event
2026-07-17 00:40:47,361 WARNING clinical_reasoning.services.engine: No ACTIVE rules matched for patient UN1 � 
differential will be empty. Ensure KnowledgeBase entries have ACTIVE status.
2026-07-17 00:40:47,366 INFO clinical_reasoning.event_handlers: Recomputed profile for patient UN1 after 
clinical_event.created
2026-07-17 00:40:47,378 WARNING clinical_reasoning.services.engine: No ACTIVE rules matched for patient UN2 � 
differential will be empty. Ensure KnowledgeBase entries have ACTIVE status.
2026-07-17 00:40:47,384 INFO clinical_reasoning.event_handlers: Recomputed profile for patient UN2 after 
patient.registered
2026-07-17 00:40:47,393 INFO clinical_reasoning.event_handlers: Recomputed outcome for patient UN2 after lab event
2026-07-17 00:40:47,397 WARNING clinical_reasoning.services.engine: No ACTIVE rules matched for patient UN2 � 
differential will be empty. Ensure KnowledgeBase entries have ACTIVE status.
2026-07-17 00:40:47,403 INFO clinical_reasoning.event_handlers: Recomputed profile for patient UN2 after 
lab_result.created
2026-07-17 00:40:47,412 INFO clinical_reasoning.event_handlers: Recomputed outcome for patient UN2 after lab event
2026-07-17 00:40:47,416 WARNING clinical_reasoning.services.engine: No ACTIVE rules matched for patient UN2 � 
differential will be empty. Ensure KnowledgeBase entries have ACTIVE status.
2026-07-17 00:40:47,422 INFO clinical_reasoning.event_handlers: Recomputed profile for patient UN2 after 
lab_result.created
2026-07-17 00:40:47,429 WARNING clinical_reasoning.services.engine: No ACTIVE rules matched for patient UN2 � 
differential will be empty. Ensure KnowledgeBase entries have ACTIVE status.
2026-07-17 00:40:47,434 INFO clinical_reasoning.event_handlers: Recomputed profile for patient UN2 after 
patient.updated
2026-07-17 00:40:47,442 INFO clinical_reasoning.event_handlers: Recomputed outcome for patient UN2 after clinical event
2026-07-17 00:40:47,447 WARNING clinical_reasoning.services.engine: No ACTIVE rules matched for patient UN2 � 
differential will be empty. Ensure KnowledgeBase entries have ACTIVE status.
2026-07-17 00:40:47,452 INFO clinical_reasoning.event_handlers: Recomputed profile for patient UN2 after 
clinical_event.created
2026-07-17 00:40:47,464 WARNING clinical_reasoning.services.engine: No ACTIVE rules matched for patient UN3 � 
differential will be empty. Ensure KnowledgeBase entries have ACTIVE status.
2026-07-17 00:40:47,470 INFO clinical_reasoning.event_handlers: Recomputed profile for patient UN3 after 
patient.registered
2026-07-17 00:40:47,479 INFO clinical_reasoning.event_handlers: Recomputed outcome for patient UN3 after lab event
2026-07-17 00:40:47,483 WARNING clinical_reasoning.services.engine: No ACTIVE rules matched for patient UN3 � 
differential will be empty. Ensure KnowledgeBase entries have ACTIVE status.
2026-07-17 00:40:47,489 INFO clinical_reasoning.event_handlers: Recomputed profile for patient UN3 after 
lab_result.created
2026-07-17 00:40:47,499 INFO clinical_reasoning.event_handlers: Recomputed outcome for patient UN3 after lab event
2026-07-17 00:40:47,503 WARNING clinical_reasoning.services.engine: No ACTIVE rules matched for patient UN3 � 
differential will be empty. Ensure KnowledgeBase entries have ACTIVE status.
2026-07-17 00:40:47,509 INFO clinical_reasoning.event_handlers: Recomputed profile for patient UN3 after 
lab_result.created
2026-07-17 00:40:47,516 WARNING clinical_reasoning.services.engine: No ACTIVE rules matched for patient UN3 � 
differential will be empty. Ensure KnowledgeBase entries have ACTIVE status.
2026-07-17 00:40:47,522 INFO clinical_reasoning.event_handlers: Recomputed profile for patient UN3 after 
patient.updated
2026-07-17 00:40:47,532 INFO clinical_reasoning.event_handlers: Recomputed outcome for patient UN3 after lab event
2026-07-17 00:40:47,536 WARNING clinical_reasoning.services.engine: No ACTIVE rules matched for patient UN3 � 
differential will be empty. Ensure KnowledgeBase entries have ACTIVE status.
2026-07-17 00:40:47,542 INFO clinical_reasoning.event_handlers: Recomputed profile for patient UN3 after 
lab_result.created
2026-07-17 00:40:47,551 INFO clinical_reasoning.event_handlers: Recomputed outcome for patient UN3 after lab event
2026-07-17 00:40:47,556 WARNING clinical_reasoning.services.engine: No ACTIVE rules matched for patient UN3 � 
differential will be empty. Ensure KnowledgeBase entries have ACTIVE status.
2026-07-17 00:40:47,562 INFO clinical_reasoning.event_handlers: Recomputed profile for patient UN3 after 
lab_result.created
2026-07-17 00:40:47,569 WARNING clinical_reasoning.services.engine: No ACTIVE rules matched for patient UN3 � 
differential will be empty. Ensure KnowledgeBase entries have ACTIVE status.
2026-07-17 00:40:47,575 INFO clinical_reasoning.event_handlers: Recomputed profile for patient UN3 after 
patient.updated
.2026-07-17 00:40:47,614 WARNING clinical_reasoning.services.engine: No ACTIVE rules matched for patient C1 � 
differential will be empty. Ensure KnowledgeBase entries have ACTIVE status.
2026-07-17 00:40:47,620 INFO clinical_reasoning.event_handlers: Recomputed profile for patient C1 after 
patient.registered
2026-07-17 00:40:47,630 INFO clinical_reasoning.event_handlers: Recomputed outcome for patient C1 after lab event
2026-07-17 00:40:47,635 WARNING clinical_reasoning.services.engine: No ACTIVE rules matched for patient C1 � 
differential will be empty. Ensure KnowledgeBase entries have ACTIVE status.
2026-07-17 00:40:47,641 INFO clinical_reasoning.event_handlers: Recomputed profile for patient C1 after 
lab_result.created
2026-07-17 00:40:47,650 INFO clinical_reasoning.event_handlers: Recomputed outcome for patient C1 after lab event
2026-07-17 00:40:47,655 WARNING clinical_reasoning.services.engine: No ACTIVE rules matched for patient C1 � 
differential will be empty. Ensure KnowledgeBase entries have ACTIVE status.
2026-07-17 00:40:47,661 INFO clinical_reasoning.event_handlers: Recomputed profile for patient C1 after 
lab_result.created
2026-07-17 00:40:47,668 WARNING clinical_reasoning.services.engine: No ACTIVE rules matched for patient C1 � 
differential will be empty. Ensure KnowledgeBase entries have ACTIVE status.
2026-07-17 00:40:47,674 INFO clinical_reasoning.event_handlers: Recomputed profile for patient C1 after patient.updated
2026-07-17 00:40:47,680 WARNING clinical_reasoning.services.engine: No ACTIVE rules matched for patient C1 � 
differential will be empty. Ensure KnowledgeBase entries have ACTIVE status.
2026-07-17 00:40:47,686 INFO clinical_reasoning.event_handlers: Recomputed profile for patient C1 after 
treatment_exposure.created
2026-07-17 00:40:47,696 INFO clinical_reasoning.event_handlers: Recomputed outcome for patient C1 after lab event
2026-07-17 00:40:47,701 WARNING clinical_reasoning.services.engine: No ACTIVE rules matched for patient C1 � 
differential will be empty. Ensure KnowledgeBase entries have ACTIVE status.
2026-07-17 00:40:47,706 INFO clinical_reasoning.event_handlers: Recomputed profile for patient C1 after 
lab_result.created
2026-07-17 00:40:47,716 INFO clinical_reasoning.event_handlers: Recomputed outcome for patient C1 after lab event
2026-07-17 00:40:47,721 WARNING clinical_reasoning.services.engine: No ACTIVE rules matched for patient C1 � 
differential will be empty. Ensure KnowledgeBase entries have ACTIVE status.
2026-07-17 00:40:47,726 INFO clinical_reasoning.event_handlers: Recomputed profile for patient C1 after 
lab_result.created
2026-07-17 00:40:47,733 WARNING clinical_reasoning.services.engine: No ACTIVE rules matched for patient C1 � 
differential will be empty. Ensure KnowledgeBase entries have ACTIVE status.
2026-07-17 00:40:47,739 INFO clinical_reasoning.event_handlers: Recomputed profile for patient C1 after patient.updated
2026-07-17 00:40:47,751 WARNING clinical_reasoning.services.engine: No ACTIVE rules matched for patient C2 � 
differential will be empty. Ensure KnowledgeBase entries have ACTIVE status.
2026-07-17 00:40:47,756 INFO clinical_reasoning.event_handlers: Recomputed profile for patient C2 after 
patient.registered
2026-07-17 00:40:47,765 INFO clinical_reasoning.event_handlers: Recomputed outcome for patient C2 after lab event
2026-07-17 00:40:47,770 WARNING clinical_reasoning.services.engine: No ACTIVE rules matched for patient C2 � 
differential will be empty. Ensure KnowledgeBase entries have ACTIVE status.
2026-07-17 00:40:47,775 INFO clinical_reasoning.event_handlers: Recomputed profile for patient C2 after 
lab_result.created
2026-07-17 00:40:47,784 INFO clinical_reasoning.event_handlers: Recomputed outcome for patient C2 after lab event
2026-07-17 00:40:47,789 WARNING clinical_reasoning.services.engine: No ACTIVE rules matched for patient C2 � 
differential will be empty. Ensure KnowledgeBase entries have ACTIVE status.
2026-07-17 00:40:47,795 INFO clinical_reasoning.event_handlers: Recomputed profile for patient C2 after 
lab_result.created
2026-07-17 00:40:47,802 WARNING clinical_reasoning.services.engine: No ACTIVE rules matched for patient C2 � 
differential will be empty. Ensure KnowledgeBase entries have ACTIVE status.
2026-07-17 00:40:47,807 INFO clinical_reasoning.event_handlers: Recomputed profile for patient C2 after patient.updated
2026-07-17 00:40:47,816 INFO clinical_reasoning.event_handlers: Recomputed outcome for patient C2 after clinical event
2026-07-17 00:40:47,821 WARNING clinical_reasoning.services.engine: No ACTIVE rules matched for patient C2 � 
differential will be empty. Ensure KnowledgeBase entries have ACTIVE status.
2026-07-17 00:40:47,826 INFO clinical_reasoning.event_handlers: Recomputed profile for patient C2 after 
clinical_event.created
.2026-07-17 00:40:47,861 WARNING clinical_reasoning.services.engine: No ACTIVE rules matched for patient EX0 � 
differential will be empty. Ensure KnowledgeBase entries have ACTIVE status.
2026-07-17 00:40:47,868 INFO clinical_reasoning.event_handlers: Recomputed profile for patient EX0 after 
patient.registered
2026-07-17 00:40:47,877 INFO clinical_reasoning.event_handlers: Recomputed outcome for patient EX0 after lab event
2026-07-17 00:40:47,881 WARNING clinical_reasoning.services.engine: No ACTIVE rules matched for patient EX0 � 
differential will be empty. Ensure KnowledgeBase entries have ACTIVE status.
2026-07-17 00:40:47,887 INFO clinical_reasoning.event_handlers: Recomputed profile for patient EX0 after 
lab_result.created
2026-07-17 00:40:47,896 INFO clinical_reasoning.event_handlers: Recomputed outcome for patient EX0 after lab event
2026-07-17 00:40:47,901 WARNING clinical_reasoning.services.engine: No ACTIVE rules matched for patient EX0 � 
differential will be empty. Ensure KnowledgeBase entries have ACTIVE status.
2026-07-17 00:40:47,906 INFO clinical_reasoning.event_handlers: Recomputed profile for patient EX0 after 
lab_result.created
2026-07-17 00:40:47,913 WARNING clinical_reasoning.services.engine: No ACTIVE rules matched for patient EX0 � 
differential will be empty. Ensure KnowledgeBase entries have ACTIVE status.
2026-07-17 00:40:47,919 INFO clinical_reasoning.event_handlers: Recomputed profile for patient EX0 after 
patient.updated
2026-07-17 00:40:47,925 WARNING clinical_reasoning.services.engine: No ACTIVE rules matched for patient EX0 � 
differential will be empty. Ensure KnowledgeBase entries have ACTIVE status.
2026-07-17 00:40:47,930 INFO clinical_reasoning.event_handlers: Recomputed profile for patient EX0 after 
treatment_exposure.created
2026-07-17 00:40:47,939 INFO clinical_reasoning.event_handlers: Recomputed outcome for patient EX0 after clinical event
2026-07-17 00:40:47,943 WARNING clinical_reasoning.services.engine: No ACTIVE rules matched for patient EX0 � 
differential will be empty. Ensure KnowledgeBase entries have ACTIVE status.
2026-07-17 00:40:47,949 INFO clinical_reasoning.event_handlers: Recomputed profile for patient EX0 after 
clinical_event.created
2026-07-17 00:40:47,961 WARNING clinical_reasoning.services.engine: No ACTIVE rules matched for patient EX1 � 
differential will be empty. Ensure KnowledgeBase entries have ACTIVE status.
2026-07-17 00:40:47,966 INFO clinical_reasoning.event_handlers: Recomputed profile for patient EX1 after 
patient.registered
2026-07-17 00:40:47,976 INFO clinical_reasoning.event_handlers: Recomputed outcome for patient EX1 after lab event
2026-07-17 00:40:47,980 WARNING clinical_reasoning.services.engine: No ACTIVE rules matched for patient EX1 � 
differential will be empty. Ensure KnowledgeBase entries have ACTIVE status.
2026-07-17 00:40:47,986 INFO clinical_reasoning.event_handlers: Recomputed profile for patient EX1 after 
lab_result.created
2026-07-17 00:40:47,995 INFO clinical_reasoning.event_handlers: Recomputed outcome for patient EX1 after lab event
2026-07-17 00:40:48,000 WARNING clinical_reasoning.services.engine: No ACTIVE rules matched for patient EX1 � 
differential will be empty. Ensure KnowledgeBase entries have ACTIVE status.
2026-07-17 00:40:48,005 INFO clinical_reasoning.event_handlers: Recomputed profile for patient EX1 after 
lab_result.created
2026-07-17 00:40:48,012 WARNING clinical_reasoning.services.engine: No ACTIVE rules matched for patient EX1 � 
differential will be empty. Ensure KnowledgeBase entries have ACTIVE status.
2026-07-17 00:40:48,018 INFO clinical_reasoning.event_handlers: Recomputed profile for patient EX1 after 
patient.updated
2026-07-17 00:40:48,024 WARNING clinical_reasoning.services.engine: No ACTIVE rules matched for patient EX1 � 
differential will be empty. Ensure KnowledgeBase entries have ACTIVE status.
2026-07-17 00:40:48,029 INFO clinical_reasoning.event_handlers: Recomputed profile for patient EX1 after 
treatment_exposure.created
2026-07-17 00:40:48,039 INFO clinical_reasoning.event_handlers: Recomputed outcome for patient EX1 after lab event
2026-07-17 00:40:48,044 WARNING clinical_reasoning.services.engine: No ACTIVE rules matched for patient EX1 � 
differential will be empty. Ensure KnowledgeBase entries have ACTIVE status.
2026-07-17 00:40:48,050 INFO clinical_reasoning.event_handlers: Recomputed profile for patient EX1 after 
lab_result.created
2026-07-17 00:40:48,061 INFO clinical_reasoning.event_handlers: Recomputed outcome for patient EX1 after lab event
2026-07-17 00:40:48,065 WARNING clinical_reasoning.services.engine: No ACTIVE rules matched for patient EX1 � 
differential will be empty. Ensure KnowledgeBase entries have ACTIVE status.
2026-07-17 00:40:48,071 INFO clinical_reasoning.event_handlers: Recomputed profile for patient EX1 after 
lab_result.created
2026-07-17 00:40:48,079 WARNING clinical_reasoning.services.engine: No ACTIVE rules matched for patient EX1 � 
differential will be empty. Ensure KnowledgeBase entries have ACTIVE status.
2026-07-17 00:40:48,085 INFO clinical_reasoning.event_handlers: Recomputed profile for patient EX1 after 
patient.updated
2026-07-17 00:40:48,097 WARNING clinical_reasoning.services.engine: No ACTIVE rules matched for patient EX2 � 
differential will be empty. Ensure KnowledgeBase entries have ACTIVE status.
2026-07-17 00:40:48,103 INFO clinical_reasoning.event_handlers: Recomputed profile for patient EX2 after 
patient.registered
2026-07-17 00:40:48,112 INFO clinical_reasoning.event_handlers: Recomputed outcome for patient EX2 after lab event
2026-07-17 00:40:48,116 WARNING clinical_reasoning.services.engine: No ACTIVE rules matched for patient EX2 � 
differential will be empty. Ensure KnowledgeBase entries have ACTIVE status.
2026-07-17 00:40:48,122 INFO clinical_reasoning.event_handlers: Recomputed profile for patient EX2 after 
lab_result.created
2026-07-17 00:40:48,131 INFO clinical_reasoning.event_handlers: Recomputed outcome for patient EX2 after lab event
2026-07-17 00:40:48,136 WARNING clinical_reasoning.services.engine: No ACTIVE rules matched for patient EX2 � 
differential will be empty. Ensure KnowledgeBase entries have ACTIVE status.
2026-07-17 00:40:48,141 INFO clinical_reasoning.event_handlers: Recomputed profile for patient EX2 after 
lab_result.created
2026-07-17 00:40:48,148 WARNING clinical_reasoning.services.engine: No ACTIVE rules matched for patient EX2 � 
differential will be empty. Ensure KnowledgeBase entries have ACTIVE status.
2026-07-17 00:40:48,154 INFO clinical_reasoning.event_handlers: Recomputed profile for patient EX2 after 
patient.updated
2026-07-17 00:40:48,160 WARNING clinical_reasoning.services.engine: No ACTIVE rules matched for patient EX2 � 
differential will be empty. Ensure KnowledgeBase entries have ACTIVE status.
2026-07-17 00:40:48,165 INFO clinical_reasoning.event_handlers: Recomputed profile for patient EX2 after 
treatment_exposure.created
2026-07-17 00:40:48,174 INFO clinical_reasoning.event_handlers: Recomputed outcome for patient EX2 after lab event
2026-07-17 00:40:48,179 WARNING clinical_reasoning.services.engine: No ACTIVE rules matched for patient EX2 � 
differential will be empty. Ensure KnowledgeBase entries have ACTIVE status.
2026-07-17 00:40:48,184 INFO clinical_reasoning.event_handlers: Recomputed profile for patient EX2 after 
lab_result.created
2026-07-17 00:40:48,193 INFO clinical_reasoning.event_handlers: Recomputed outcome for patient EX2 after lab event
2026-07-17 00:40:48,198 WARNING clinical_reasoning.services.engine: No ACTIVE rules matched for patient EX2 � 
differential will be empty. Ensure KnowledgeBase entries have ACTIVE status.
2026-07-17 00:40:48,203 INFO clinical_reasoning.event_handlers: Recomputed profile for patient EX2 after 
lab_result.created
2026-07-17 00:40:48,211 WARNING clinical_reasoning.services.engine: No ACTIVE rules matched for patient EX2 � 
differential will be empty. Ensure KnowledgeBase entries have ACTIVE status.
2026-07-17 00:40:48,216 INFO clinical_reasoning.event_handlers: Recomputed profile for patient EX2 after 
patient.updated
2026-07-17 00:40:48,229 WARNING clinical_reasoning.services.engine: No ACTIVE rules matched for patient EX3 � 
differential will be empty. Ensure KnowledgeBase entries have ACTIVE status.
2026-07-17 00:40:48,235 INFO clinical_reasoning.event_handlers: Recomputed profile for patient EX3 after 
patient.registered
2026-07-17 00:40:48,247 INFO clinical_reasoning.event_handlers: Recomputed outcome for patient EX3 after lab event
2026-07-17 00:40:48,252 WARNING clinical_reasoning.services.engine: No ACTIVE rules matched for patient EX3 � 
differential will be empty. Ensure KnowledgeBase entries have ACTIVE status.
2026-07-17 00:40:48,257 INFO clinical_reasoning.event_handlers: Recomputed profile for patient EX3 after 
lab_result.created
2026-07-17 00:40:48,266 INFO clinical_reasoning.event_handlers: Recomputed outcome for patient EX3 after lab event
2026-07-17 00:40:48,271 WARNING clinical_reasoning.services.engine: No ACTIVE rules matched for patient EX3 � 
differential will be empty. Ensure KnowledgeBase entries have ACTIVE status.
2026-07-17 00:40:48,277 INFO clinical_reasoning.event_handlers: Recomputed profile for patient EX3 after 
lab_result.created
2026-07-17 00:40:48,284 WARNING clinical_reasoning.services.engine: No ACTIVE rules matched for patient EX3 � 
differential will be empty. Ensure KnowledgeBase entries have ACTIVE status.
2026-07-17 00:40:48,289 INFO clinical_reasoning.event_handlers: Recomputed profile for patient EX3 after 
patient.updated
2026-07-17 00:40:48,295 WARNING clinical_reasoning.services.engine: No ACTIVE rules matched for patient EX3 � 
differential will be empty. Ensure KnowledgeBase entries have ACTIVE status.
2026-07-17 00:40:48,300 INFO clinical_reasoning.event_handlers: Recomputed profile for patient EX3 after 
treatment_exposure.created
2026-07-17 00:40:48,309 INFO clinical_reasoning.event_handlers: Recomputed outcome for patient EX3 after lab event
2026-07-17 00:40:48,314 WARNING clinical_reasoning.services.engine: No ACTIVE rules matched for patient EX3 � 
differential will be empty. Ensure KnowledgeBase entries have ACTIVE status.
2026-07-17 00:40:48,320 INFO clinical_reasoning.event_handlers: Recomputed profile for patient EX3 after 
lab_result.created
2026-07-17 00:40:48,329 INFO clinical_reasoning.event_handlers: Recomputed outcome for patient EX3 after lab event
2026-07-17 00:40:48,333 WARNING clinical_reasoning.services.engine: No ACTIVE rules matched for patient EX3 � 
differential will be empty. Ensure KnowledgeBase entries have ACTIVE status.
2026-07-17 00:40:48,339 INFO clinical_reasoning.event_handlers: Recomputed profile for patient EX3 after 
lab_result.created
2026-07-17 00:40:48,346 WARNING clinical_reasoning.services.engine: No ACTIVE rules matched for patient EX3 � 
differential will be empty. Ensure KnowledgeBase entries have ACTIVE status.
2026-07-17 00:40:48,352 INFO clinical_reasoning.event_handlers: Recomputed profile for patient EX3 after 
patient.updated
2026-07-17 00:40:48,364 WARNING clinical_reasoning.services.engine: No ACTIVE rules matched for patient EX4 � 
differential will be empty. Ensure KnowledgeBase entries have ACTIVE status.
2026-07-17 00:40:48,370 INFO clinical_reasoning.event_handlers: Recomputed profile for patient EX4 after 
patient.registered
2026-07-17 00:40:48,379 INFO clinical_reasoning.event_handlers: Recomputed outcome for patient EX4 after lab event
2026-07-17 00:40:48,383 WARNING clinical_reasoning.services.engine: No ACTIVE rules matched for patient EX4 � 
differential will be empty. Ensure KnowledgeBase entries have ACTIVE status.
2026-07-17 00:40:48,389 INFO clinical_reasoning.event_handlers: Recomputed profile for patient EX4 after 
lab_result.created
2026-07-17 00:40:48,398 INFO clinical_reasoning.event_handlers: Recomputed outcome for patient EX4 after lab event
2026-07-17 00:40:48,403 WARNING clinical_reasoning.services.engine: No ACTIVE rules matched for patient EX4 � 
differential will be empty. Ensure KnowledgeBase entries have ACTIVE status.
2026-07-17 00:40:48,408 INFO clinical_reasoning.event_handlers: Recomputed profile for patient EX4 after 
lab_result.created
2026-07-17 00:40:48,416 WARNING clinical_reasoning.services.engine: No ACTIVE rules matched for patient EX4 � 
differential will be empty. Ensure KnowledgeBase entries have ACTIVE status.
2026-07-17 00:40:48,421 INFO clinical_reasoning.event_handlers: Recomputed profile for patient EX4 after 
patient.updated
2026-07-17 00:40:48,427 WARNING clinical_reasoning.services.engine: No ACTIVE rules matched for patient EX4 � 
differential will be empty. Ensure KnowledgeBase entries have ACTIVE status.
2026-07-17 00:40:48,432 INFO clinical_reasoning.event_handlers: Recomputed profile for patient EX4 after 
treatment_exposure.created
2026-07-17 00:40:48,442 INFO clinical_reasoning.event_handlers: Recomputed outcome for patient EX4 after lab event
2026-07-17 00:40:48,447 WARNING clinical_reasoning.services.engine: No ACTIVE rules matched for patient EX4 � 
differential will be empty. Ensure KnowledgeBase entries have ACTIVE status.
2026-07-17 00:40:48,452 INFO clinical_reasoning.event_handlers: Recomputed profile for patient EX4 after 
lab_result.created
2026-07-17 00:40:48,461 INFO clinical_reasoning.event_handlers: Recomputed outcome for patient EX4 after lab event
2026-07-17 00:40:48,466 WARNING clinical_reasoning.services.engine: No ACTIVE rules matched for patient EX4 � 
differential will be empty. Ensure KnowledgeBase entries have ACTIVE status.
2026-07-17 00:40:48,472 INFO clinical_reasoning.event_handlers: Recomputed profile for patient EX4 after 
lab_result.created
2026-07-17 00:40:48,479 WARNING clinical_reasoning.services.engine: No ACTIVE rules matched for patient EX4 � 
differential will be empty. Ensure KnowledgeBase entries have ACTIVE status.
2026-07-17 00:40:48,485 INFO clinical_reasoning.event_handlers: Recomputed profile for patient EX4 after 
patient.updated
2026-07-17 00:40:48,496 WARNING clinical_reasoning.services.engine: No ACTIVE rules matched for patient EX5 � 
differential will be empty. Ensure KnowledgeBase entries have ACTIVE status.
2026-07-17 00:40:48,502 INFO clinical_reasoning.event_handlers: Recomputed profile for patient EX5 after 
patient.registered
2026-07-17 00:40:48,511 INFO clinical_reasoning.event_handlers: Recomputed outcome for patient EX5 after lab event
2026-07-17 00:40:48,516 WARNING clinical_reasoning.services.engine: No ACTIVE rules matched for patient EX5 � 
differential will be empty. Ensure KnowledgeBase entries have ACTIVE status.
2026-07-17 00:40:48,521 INFO clinical_reasoning.event_handlers: Recomputed profile for patient EX5 after 
lab_result.created
2026-07-17 00:40:48,530 INFO clinical_reasoning.event_handlers: Recomputed outcome for patient EX5 after lab event
2026-07-17 00:40:48,535 WARNING clinical_reasoning.services.engine: No ACTIVE rules matched for patient EX5 � 
differential will be empty. Ensure KnowledgeBase entries have ACTIVE status.
2026-07-17 00:40:48,541 INFO clinical_reasoning.event_handlers: Recomputed profile for patient EX5 after 
lab_result.created
2026-07-17 00:40:48,548 WARNING clinical_reasoning.services.engine: No ACTIVE rules matched for patient EX5 � 
differential will be empty. Ensure KnowledgeBase entries have ACTIVE status.
2026-07-17 00:40:48,553 INFO clinical_reasoning.event_handlers: Recomputed profile for patient EX5 after 
patient.updated
2026-07-17 00:40:48,559 WARNING clinical_reasoning.services.engine: No ACTIVE rules matched for patient EX5 � 
differential will be empty. Ensure KnowledgeBase entries have ACTIVE status.
2026-07-17 00:40:48,565 INFO clinical_reasoning.event_handlers: Recomputed profile for patient EX5 after 
treatment_exposure.created
2026-07-17 00:40:48,574 INFO clinical_reasoning.event_handlers: Recomputed outcome for patient EX5 after lab event
2026-07-17 00:40:48,579 WARNING clinical_reasoning.services.engine: No ACTIVE rules matched for patient EX5 � 
differential will be empty. Ensure KnowledgeBase entries have ACTIVE status.
2026-07-17 00:40:48,584 INFO clinical_reasoning.event_handlers: Recomputed profile for patient EX5 after 
lab_result.created
2026-07-17 00:40:48,593 INFO clinical_reasoning.event_handlers: Recomputed outcome for patient EX5 after lab event
2026-07-17 00:40:48,598 WARNING clinical_reasoning.services.engine: No ACTIVE rules matched for patient EX5 � 
differential will be empty. Ensure KnowledgeBase entries have ACTIVE status.
2026-07-17 00:40:48,603 INFO clinical_reasoning.event_handlers: Recomputed profile for patient EX5 after 
lab_result.created
2026-07-17 00:40:48,610 WARNING clinical_reasoning.services.engine: No ACTIVE rules matched for patient EX5 � 
differential will be empty. Ensure KnowledgeBase entries have ACTIVE status.
2026-07-17 00:40:48,616 INFO clinical_reasoning.event_handlers: Recomputed profile for patient EX5 after 
patient.updated
2026-07-17 00:40:48,628 WARNING clinical_reasoning.services.engine: No ACTIVE rules matched for patient UN0 � 
differential will be empty. Ensure KnowledgeBase entries have ACTIVE status.
2026-07-17 00:40:48,634 INFO clinical_reasoning.event_handlers: Recomputed profile for patient UN0 after 
patient.registered
2026-07-17 00:40:48,643 INFO clinical_reasoning.event_handlers: Recomputed outcome for patient UN0 after lab event
2026-07-17 00:40:48,647 WARNING clinical_reasoning.services.engine: No ACTIVE rules matched for patient UN0 � 
differential will be empty. Ensure KnowledgeBase entries have ACTIVE status.
2026-07-17 00:40:48,653 INFO clinical_reasoning.event_handlers: Recomputed profile for patient UN0 after 
lab_result.created
2026-07-17 00:40:48,662 INFO clinical_reasoning.event_handlers: Recomputed outcome for patient UN0 after lab event
2026-07-17 00:40:48,667 WARNING clinical_reasoning.services.engine: No ACTIVE rules matched for patient UN0 � 
differential will be empty. Ensure KnowledgeBase entries have ACTIVE status.
2026-07-17 00:40:48,672 INFO clinical_reasoning.event_handlers: Recomputed profile for patient UN0 after 
lab_result.created
2026-07-17 00:40:48,679 WARNING clinical_reasoning.services.engine: No ACTIVE rules matched for patient UN0 � 
differential will be empty. Ensure KnowledgeBase entries have ACTIVE status.
2026-07-17 00:40:48,685 INFO clinical_reasoning.event_handlers: Recomputed profile for patient UN0 after 
patient.updated
2026-07-17 00:40:48,693 INFO clinical_reasoning.event_handlers: Recomputed outcome for patient UN0 after clinical event
2026-07-17 00:40:48,698 WARNING clinical_reasoning.services.engine: No ACTIVE rules matched for patient UN0 � 
differential will be empty. Ensure KnowledgeBase entries have ACTIVE status.
2026-07-17 00:40:48,703 INFO clinical_reasoning.event_handlers: Recomputed profile for patient UN0 after 
clinical_event.created
2026-07-17 00:40:48,715 WARNING clinical_reasoning.services.engine: No ACTIVE rules matched for patient UN1 � 
differential will be empty. Ensure KnowledgeBase entries have ACTIVE status.
2026-07-17 00:40:48,721 INFO clinical_reasoning.event_handlers: Recomputed profile for patient UN1 after 
patient.registered
2026-07-17 00:40:48,730 INFO clinical_reasoning.event_handlers: Recomputed outcome for patient UN1 after lab event
2026-07-17 00:40:48,734 WARNING clinical_reasoning.services.engine: No ACTIVE rules matched for patient UN1 � 
differential will be empty. Ensure KnowledgeBase entries have ACTIVE status.
2026-07-17 00:40:48,740 INFO clinical_reasoning.event_handlers: Recomputed profile for patient UN1 after 
lab_result.created
2026-07-17 00:40:48,749 INFO clinical_reasoning.event_handlers: Recomputed outcome for patient UN1 after lab event
2026-07-17 00:40:48,754 WARNING clinical_reasoning.services.engine: No ACTIVE rules matched for patient UN1 � 
differential will be empty. Ensure KnowledgeBase entries have ACTIVE status.
2026-07-17 00:40:48,759 INFO clinical_reasoning.event_handlers: Recomputed profile for patient UN1 after 
lab_result.created
2026-07-17 00:40:48,766 WARNING clinical_reasoning.services.engine: No ACTIVE rules matched for patient UN1 � 
differential will be empty. Ensure KnowledgeBase entries have ACTIVE status.
2026-07-17 00:40:48,772 INFO clinical_reasoning.event_handlers: Recomputed profile for patient UN1 after 
patient.updated
2026-07-17 00:40:48,780 INFO clinical_reasoning.event_handlers: Recomputed outcome for patient UN1 after clinical event
2026-07-17 00:40:48,784 WARNING clinical_reasoning.services.engine: No ACTIVE rules matched for patient UN1 � 
differential will be empty. Ensure KnowledgeBase entries have ACTIVE status.
2026-07-17 00:40:48,790 INFO clinical_reasoning.event_handlers: Recomputed profile for patient UN1 after 
clinical_event.created
2026-07-17 00:40:48,801 WARNING clinical_reasoning.services.engine: No ACTIVE rules matched for patient UN2 � 
differential will be empty. Ensure KnowledgeBase entries have ACTIVE status.
2026-07-17 00:40:48,807 INFO clinical_reasoning.event_handlers: Recomputed profile for patient UN2 after 
patient.registered
2026-07-17 00:40:48,816 INFO clinical_reasoning.event_handlers: Recomputed outcome for patient UN2 after lab event
2026-07-17 00:40:48,821 WARNING clinical_reasoning.services.engine: No ACTIVE rules matched for patient UN2 � 
differential will be empty. Ensure KnowledgeBase entries have ACTIVE status.
2026-07-17 00:40:48,827 INFO clinical_reasoning.event_handlers: Recomputed profile for patient UN2 after 
lab_result.created
2026-07-17 00:40:48,836 INFO clinical_reasoning.event_handlers: Recomputed outcome for patient UN2 after lab event
2026-07-17 00:40:48,841 WARNING clinical_reasoning.services.engine: No ACTIVE rules matched for patient UN2 � 
differential will be empty. Ensure KnowledgeBase entries have ACTIVE status.
2026-07-17 00:40:48,847 INFO clinical_reasoning.event_handlers: Recomputed profile for patient UN2 after 
lab_result.created
2026-07-17 00:40:48,854 WARNING clinical_reasoning.services.engine: No ACTIVE rules matched for patient UN2 � 
differential will be empty. Ensure KnowledgeBase entries have ACTIVE status.
2026-07-17 00:40:48,859 INFO clinical_reasoning.event_handlers: Recomputed profile for patient UN2 after 
patient.updated
2026-07-17 00:40:48,867 INFO clinical_reasoning.event_handlers: Recomputed outcome for patient UN2 after clinical event
2026-07-17 00:40:48,872 WARNING clinical_reasoning.services.engine: No ACTIVE rules matched for patient UN2 � 
differential will be empty. Ensure KnowledgeBase entries have ACTIVE status.
2026-07-17 00:40:48,877 INFO clinical_reasoning.event_handlers: Recomputed profile for patient UN2 after 
clinical_event.created
2026-07-17 00:40:48,889 WARNING clinical_reasoning.services.engine: No ACTIVE rules matched for patient UN3 � 
differential will be empty. Ensure KnowledgeBase entries have ACTIVE status.
2026-07-17 00:40:48,895 INFO clinical_reasoning.event_handlers: Recomputed profile for patient UN3 after 
patient.registered
2026-07-17 00:40:48,903 INFO clinical_reasoning.event_handlers: Recomputed outcome for patient UN3 after lab event
2026-07-17 00:40:48,908 WARNING clinical_reasoning.services.engine: No ACTIVE rules matched for patient UN3 � 
differential will be empty. Ensure KnowledgeBase entries have ACTIVE status.
2026-07-17 00:40:48,914 INFO clinical_reasoning.event_handlers: Recomputed profile for patient UN3 after 
lab_result.created
2026-07-17 00:40:48,923 INFO clinical_reasoning.event_handlers: Recomputed outcome for patient UN3 after lab event
2026-07-17 00:40:48,927 WARNING clinical_reasoning.services.engine: No ACTIVE rules matched for patient UN3 � 
differential will be empty. Ensure KnowledgeBase entries have ACTIVE status.
2026-07-17 00:40:48,933 INFO clinical_reasoning.event_handlers: Recomputed profile for patient UN3 after 
lab_result.created
2026-07-17 00:40:48,940 WARNING clinical_reasoning.services.engine: No ACTIVE rules matched for patient UN3 � 
differential will be empty. Ensure KnowledgeBase entries have ACTIVE status.
2026-07-17 00:40:48,945 INFO clinical_reasoning.event_handlers: Recomputed profile for patient UN3 after 
patient.updated
2026-07-17 00:40:48,953 INFO clinical_reasoning.event_handlers: Recomputed outcome for patient UN3 after clinical event
2026-07-17 00:40:48,958 WARNING clinical_reasoning.services.engine: No ACTIVE rules matched for patient UN3 � 
differential will be empty. Ensure KnowledgeBase entries have ACTIVE status.
2026-07-17 00:40:48,963 INFO clinical_reasoning.event_handlers: Recomputed profile for patient UN3 after 
clinical_event.created
2026-07-17 00:40:48,975 WARNING clinical_reasoning.services.engine: No ACTIVE rules matched for patient UN4 � 
differential will be empty. Ensure KnowledgeBase entries have ACTIVE status.
2026-07-17 00:40:48,981 INFO clinical_reasoning.event_handlers: Recomputed profile for patient UN4 after 
patient.registered
2026-07-17 00:40:48,990 INFO clinical_reasoning.event_handlers: Recomputed outcome for patient UN4 after lab event
2026-07-17 00:40:48,994 WARNING clinical_reasoning.services.engine: No ACTIVE rules matched for patient UN4 � 
differential will be empty. Ensure KnowledgeBase entries have ACTIVE status.
2026-07-17 00:40:49,000 INFO clinical_reasoning.event_handlers: Recomputed profile for patient UN4 after 
lab_result.created
2026-07-17 00:40:49,009 INFO clinical_reasoning.event_handlers: Recomputed outcome for patient UN4 after lab event
2026-07-17 00:40:49,013 WARNING clinical_reasoning.services.engine: No ACTIVE rules matched for patient UN4 � 
differential will be empty. Ensure KnowledgeBase entries have ACTIVE status.
2026-07-17 00:40:49,019 INFO clinical_reasoning.event_handlers: Recomputed profile for patient UN4 after 
lab_result.created
2026-07-17 00:40:49,026 WARNING clinical_reasoning.services.engine: No ACTIVE rules matched for patient UN4 � 
differential will be empty. Ensure KnowledgeBase entries have ACTIVE status.
2026-07-17 00:40:49,032 INFO clinical_reasoning.event_handlers: Recomputed profile for patient UN4 after 
patient.updated
2026-07-17 00:40:49,041 INFO clinical_reasoning.event_handlers: Recomputed outcome for patient UN4 after lab event
2026-07-17 00:40:49,045 WARNING clinical_reasoning.services.engine: No ACTIVE rules matched for patient UN4 � 
differential will be empty. Ensure KnowledgeBase entries have ACTIVE status.
2026-07-17 00:40:49,051 INFO clinical_reasoning.event_handlers: Recomputed profile for patient UN4 after 
lab_result.created
2026-07-17 00:40:49,060 INFO clinical_reasoning.event_handlers: Recomputed outcome for patient UN4 after lab event
2026-07-17 00:40:49,065 WARNING clinical_reasoning.services.engine: No ACTIVE rules matched for patient UN4 � 
differential will be empty. Ensure KnowledgeBase entries have ACTIVE status.
2026-07-17 00:40:49,070 INFO clinical_reasoning.event_handlers: Recomputed profile for patient UN4 after 
lab_result.created
2026-07-17 00:40:49,077 WARNING clinical_reasoning.services.engine: No ACTIVE rules matched for patient UN4 � 
differential will be empty. Ensure KnowledgeBase entries have ACTIVE status.
2026-07-17 00:40:49,083 INFO clinical_reasoning.event_handlers: Recomputed profile for patient UN4 after 
patient.updated
2026-07-17 00:40:49,095 WARNING clinical_reasoning.services.engine: No ACTIVE rules matched for patient UN5 � 
differential will be empty. Ensure KnowledgeBase entries have ACTIVE status.
2026-07-17 00:40:49,101 INFO clinical_reasoning.event_handlers: Recomputed profile for patient UN5 after 
patient.registered
2026-07-17 00:40:49,109 INFO clinical_reasoning.event_handlers: Recomputed outcome for patient UN5 after lab event
2026-07-17 00:40:49,114 WARNING clinical_reasoning.services.engine: No ACTIVE rules matched for patient UN5 � 
differential will be empty. Ensure KnowledgeBase entries have ACTIVE status.
2026-07-17 00:40:49,120 INFO clinical_reasoning.event_handlers: Recomputed profile for patient UN5 after 
lab_result.created
2026-07-17 00:40:49,128 INFO clinical_reasoning.event_handlers: Recomputed outcome for patient UN5 after lab event
2026-07-17 00:40:49,133 WARNING clinical_reasoning.services.engine: No ACTIVE rules matched for patient UN5 � 
differential will be empty. Ensure KnowledgeBase entries have ACTIVE status.
2026-07-17 00:40:49,139 INFO clinical_reasoning.event_handlers: Recomputed profile for patient UN5 after 
lab_result.created
2026-07-17 00:40:49,146 WARNING clinical_reasoning.services.engine: No ACTIVE rules matched for patient UN5 � 
differential will be empty. Ensure KnowledgeBase entries have ACTIVE status.
2026-07-17 00:40:49,152 INFO clinical_reasoning.event_handlers: Recomputed profile for patient UN5 after 
patient.updated
2026-07-17 00:40:49,161 INFO clinical_reasoning.event_handlers: Recomputed outcome for patient UN5 after lab event
2026-07-17 00:40:49,165 WARNING clinical_reasoning.services.engine: No ACTIVE rules matched for patient UN5 � 
differential will be empty. Ensure KnowledgeBase entries have ACTIVE status.
2026-07-17 00:40:49,171 INFO clinical_reasoning.event_handlers: Recomputed profile for patient UN5 after 
lab_result.created
2026-07-17 00:40:49,180 INFO clinical_reasoning.event_handlers: Recomputed outcome for patient UN5 after lab event
2026-07-17 00:40:49,185 WARNING clinical_reasoning.services.engine: No ACTIVE rules matched for patient UN5 � 
differential will be empty. Ensure KnowledgeBase entries have ACTIVE status.
2026-07-17 00:40:49,190 INFO clinical_reasoning.event_handlers: Recomputed profile for patient UN5 after 
lab_result.created
2026-07-17 00:40:49,197 WARNING clinical_reasoning.services.engine: No ACTIVE rules matched for patient UN5 � 
differential will be empty. Ensure KnowledgeBase entries have ACTIVE status.
2026-07-17 00:40:49,203 INFO clinical_reasoning.event_handlers: Recomputed profile for patient UN5 after 
patient.updated
.2026-07-17 00:40:49,244 WARNING clinical_reasoning.services.engine: No ACTIVE rules matched for patient E1 � 
differential will be empty. Ensure KnowledgeBase entries have ACTIVE status.
2026-07-17 00:40:49,251 INFO clinical_reasoning.event_handlers: Recomputed profile for patient E1 after 
patient.registered
2026-07-17 00:40:49,260 INFO clinical_reasoning.event_handlers: Recomputed outcome for patient E1 after lab event
2026-07-17 00:40:49,265 WARNING clinical_reasoning.services.engine: No ACTIVE rules matched for patient E1 � 
differential will be empty. Ensure KnowledgeBase entries have ACTIVE status.
2026-07-17 00:40:49,270 INFO clinical_reasoning.event_handlers: Recomputed profile for patient E1 after 
lab_result.created
2026-07-17 00:40:49,281 INFO clinical_reasoning.event_handlers: Recomputed outcome for patient E1 after lab event
2026-07-17 00:40:49,286 WARNING clinical_reasoning.services.engine: No ACTIVE rules matched for patient E1 � 
differential will be empty. Ensure KnowledgeBase entries have ACTIVE status.
2026-07-17 00:40:49,291 INFO clinical_reasoning.event_handlers: Recomputed profile for patient E1 after 
lab_result.created
2026-07-17 00:40:49,298 WARNING clinical_reasoning.services.engine: No ACTIVE rules matched for patient E1 � 
differential will be empty. Ensure KnowledgeBase entries have ACTIVE status.
2026-07-17 00:40:49,304 INFO clinical_reasoning.event_handlers: Recomputed profile for patient E1 after patient.updated
2026-07-17 00:40:49,309 WARNING clinical_reasoning.services.engine: No ACTIVE rules matched for patient E1 � 
differential will be empty. Ensure KnowledgeBase entries have ACTIVE status.
2026-07-17 00:40:49,315 INFO clinical_reasoning.event_handlers: Recomputed profile for patient E1 after 
treatment_exposure.created
2026-07-17 00:40:49,324 INFO clinical_reasoning.event_handlers: Recomputed outcome for patient E1 after lab event
2026-07-17 00:40:49,328 WARNING clinical_reasoning.services.engine: No ACTIVE rules matched for patient E1 � 
differential will be empty. Ensure KnowledgeBase entries have ACTIVE status.
2026-07-17 00:40:49,334 INFO clinical_reasoning.event_handlers: Recomputed profile for patient E1 after 
lab_result.created
2026-07-17 00:40:49,343 INFO clinical_reasoning.event_handlers: Recomputed outcome for patient E1 after lab event
2026-07-17 00:40:49,348 WARNING clinical_reasoning.services.engine: No ACTIVE rules matched for patient E1 � 
differential will be empty. Ensure KnowledgeBase entries have ACTIVE status.
2026-07-17 00:40:49,353 INFO clinical_reasoning.event_handlers: Recomputed profile for patient E1 after 
lab_result.created
2026-07-17 00:40:49,360 WARNING clinical_reasoning.services.engine: No ACTIVE rules matched for patient E1 � 
differential will be empty. Ensure KnowledgeBase entries have ACTIVE status.
2026-07-17 00:40:49,366 INFO clinical_reasoning.event_handlers: Recomputed profile for patient E1 after patient.updated
2026-07-17 00:40:49,378 WARNING clinical_reasoning.services.engine: No ACTIVE rules matched for patient U1 � 
differential will be empty. Ensure KnowledgeBase entries have ACTIVE status.
2026-07-17 00:40:49,384 INFO clinical_reasoning.event_handlers: Recomputed profile for patient U1 after 
patient.registered
2026-07-17 00:40:49,393 INFO clinical_reasoning.event_handlers: Recomputed outcome for patient U1 after lab event
2026-07-17 00:40:49,397 WARNING clinical_reasoning.services.engine: No ACTIVE rules matched for patient U1 � 
differential will be empty. Ensure KnowledgeBase entries have ACTIVE status.
2026-07-17 00:40:49,403 INFO clinical_reasoning.event_handlers: Recomputed profile for patient U1 after 
lab_result.created
2026-07-17 00:40:49,413 INFO clinical_reasoning.event_handlers: Recomputed outcome for patient U1 after lab event
2026-07-17 00:40:49,418 WARNING clinical_reasoning.services.engine: No ACTIVE rules matched for patient U1 � 
differential will be empty. Ensure KnowledgeBase entries have ACTIVE status.
2026-07-17 00:40:49,424 INFO clinical_reasoning.event_handlers: Recomputed profile for patient U1 after 
lab_result.created
2026-07-17 00:40:49,431 WARNING clinical_reasoning.services.engine: No ACTIVE rules matched for patient U1 � 
differential will be empty. Ensure KnowledgeBase entries have ACTIVE status.
2026-07-17 00:40:49,436 INFO clinical_reasoning.event_handlers: Recomputed profile for patient U1 after patient.updated
2026-07-17 00:40:49,444 INFO clinical_reasoning.event_handlers: Recomputed outcome for patient U1 after clinical event
2026-07-17 00:40:49,449 WARNING clinical_reasoning.services.engine: No ACTIVE rules matched for patient U1 � 
differential will be empty. Ensure KnowledgeBase entries have ACTIVE status.
2026-07-17 00:40:49,454 INFO clinical_reasoning.event_handlers: Recomputed profile for patient U1 after 
clinical_event.created
.....2026-07-17 00:40:49,497 WARNING clinical_reasoning.services.engine: No ACTIVE rules matched for patient BGD-O1 � 
differential will be empty. Ensure KnowledgeBase entries have ACTIVE status.
2026-07-17 00:40:49,503 INFO clinical_reasoning.event_handlers: Recomputed profile for patient BGD-O1 after 
patient.registered
2026-07-17 00:40:49,513 INFO clinical_reasoning.event_handlers: Recomputed outcome for patient BGD-O1 after lab event
2026-07-17 00:40:49,517 WARNING clinical_reasoning.services.engine: No ACTIVE rules matched for patient BGD-O1 � 
differential will be empty. Ensure KnowledgeBase entries have ACTIVE status.
2026-07-17 00:40:49,523 INFO clinical_reasoning.event_handlers: Recomputed profile for patient BGD-O1 after 
lab_result.created
2026-07-17 00:40:49,532 INFO clinical_reasoning.event_handlers: Recomputed outcome for patient BGD-O1 after lab event
2026-07-17 00:40:49,537 WARNING clinical_reasoning.services.engine: No ACTIVE rules matched for patient BGD-O1 � 
differential will be empty. Ensure KnowledgeBase entries have ACTIVE status.
2026-07-17 00:40:49,542 INFO clinical_reasoning.event_handlers: Recomputed profile for patient BGD-O1 after 
lab_result.created
2026-07-17 00:40:49,550 WARNING clinical_reasoning.services.engine: No ACTIVE rules matched for patient BGD-O1 � 
differential will be empty. Ensure KnowledgeBase entries have ACTIVE status.
2026-07-17 00:40:49,555 INFO clinical_reasoning.event_handlers: Recomputed profile for patient BGD-O1 after 
patient.updated
2026-07-17 00:40:49,564 INFO clinical_reasoning.event_handlers: Recomputed outcome for patient BGD-O1 after lab event
2026-07-17 00:40:49,569 WARNING clinical_reasoning.services.engine: No ACTIVE rules matched for patient BGD-O1 � 
differential will be empty. Ensure KnowledgeBase entries have ACTIVE status.
2026-07-17 00:40:49,575 INFO clinical_reasoning.event_handlers: Recomputed profile for patient BGD-O1 after 
lab_result.created
2026-07-17 00:40:49,584 INFO clinical_reasoning.event_handlers: Recomputed outcome for patient BGD-O1 after lab event
2026-07-17 00:40:49,589 WARNING clinical_reasoning.services.engine: No ACTIVE rules matched for patient BGD-O1 � 
differential will be empty. Ensure KnowledgeBase entries have ACTIVE status.
2026-07-17 00:40:49,595 INFO clinical_reasoning.event_handlers: Recomputed profile for patient BGD-O1 after 
lab_result.created
2026-07-17 00:40:49,602 WARNING clinical_reasoning.services.engine: No ACTIVE rules matched for patient BGD-O1 � 
differential will be empty. Ensure KnowledgeBase entries have ACTIVE status.
2026-07-17 00:40:49,607 INFO clinical_reasoning.event_handlers: Recomputed profile for patient BGD-O1 after 
patient.updated
.2026-07-17 00:40:49,644 WARNING clinical_reasoning.services.engine: No ACTIVE rules matched for patient BGD-O1 � 
differential will be empty. Ensure KnowledgeBase entries have ACTIVE status.
2026-07-17 00:40:49,653 INFO clinical_reasoning.event_handlers: Recomputed profile for patient BGD-O1 after 
patient.registered
2026-07-17 00:40:49,663 INFO clinical_reasoning.event_handlers: Recomputed outcome for patient BGD-O1 after lab event
2026-07-17 00:40:49,668 WARNING clinical_reasoning.services.engine: No ACTIVE rules matched for patient BGD-O1 � 
differential will be empty. Ensure KnowledgeBase entries have ACTIVE status.
2026-07-17 00:40:49,674 INFO clinical_reasoning.event_handlers: Recomputed profile for patient BGD-O1 after 
lab_result.created
2026-07-17 00:40:49,683 INFO clinical_reasoning.event_handlers: Recomputed outcome for patient BGD-O1 after lab event
2026-07-17 00:40:49,688 WARNING clinical_reasoning.services.engine: No ACTIVE rules matched for patient BGD-O1 � 
differential will be empty. Ensure KnowledgeBase entries have ACTIVE status.
2026-07-17 00:40:49,694 INFO clinical_reasoning.event_handlers: Recomputed profile for patient BGD-O1 after 
lab_result.created
2026-07-17 00:40:49,703 INFO clinical_reasoning.event_handlers: Recomputed outcome for patient BGD-O1 after lab event
2026-07-17 00:40:49,708 WARNING clinical_reasoning.services.engine: No ACTIVE rules matched for patient BGD-O1 � 
differential will be empty. Ensure KnowledgeBase entries have ACTIVE status.
2026-07-17 00:40:49,714 INFO clinical_reasoning.event_handlers: Recomputed profile for patient BGD-O1 after 
lab_result.created
.2026-07-17 00:40:49,747 WARNING clinical_reasoning.services.engine: No ACTIVE rules matched for patient BGD-O1 � 
differential will be empty. Ensure KnowledgeBase entries have ACTIVE status.
2026-07-17 00:40:49,753 INFO clinical_reasoning.event_handlers: Recomputed profile for patient BGD-O1 after 
patient.registered
2026-07-17 00:40:49,763 INFO clinical_reasoning.event_handlers: Recomputed outcome for patient BGD-O1 after lab event
2026-07-17 00:40:49,767 WARNING clinical_reasoning.services.engine: No ACTIVE rules matched for patient BGD-O1 � 
differential will be empty. Ensure KnowledgeBase entries have ACTIVE status.
2026-07-17 00:40:49,773 INFO clinical_reasoning.event_handlers: Recomputed profile for patient BGD-O1 after 
lab_result.created
2026-07-17 00:40:49,782 INFO clinical_reasoning.event_handlers: Recomputed outcome for patient BGD-O1 after lab event
2026-07-17 00:40:49,786 WARNING clinical_reasoning.services.engine: No ACTIVE rules matched for patient BGD-O1 � 
differential will be empty. Ensure KnowledgeBase entries have ACTIVE status.
2026-07-17 00:40:49,792 INFO clinical_reasoning.event_handlers: Recomputed profile for patient BGD-O1 after 
lab_result.created
2026-07-17 00:40:49,799 WARNING clinical_reasoning.services.engine: No ACTIVE rules matched for patient BGD-O1 � 
differential will be empty. Ensure KnowledgeBase entries have ACTIVE status.
2026-07-17 00:40:49,804 INFO clinical_reasoning.event_handlers: Recomputed profile for patient BGD-O1 after 
patient.updated
2026-07-17 00:40:49,812 INFO clinical_reasoning.event_handlers: Recomputed outcome for patient BGD-O1 after clinical 
event
2026-07-17 00:40:49,817 WARNING clinical_reasoning.services.engine: No ACTIVE rules matched for patient BGD-O1 � 
differential will be empty. Ensure KnowledgeBase entries have ACTIVE status.
2026-07-17 00:40:49,822 INFO clinical_reasoning.event_handlers: Recomputed profile for patient BGD-O1 after 
clinical_event.created
.2026-07-17 00:40:49,855 WARNING clinical_reasoning.services.engine: No ACTIVE rules matched for patient BGD-O1 � 
differential will be empty. Ensure KnowledgeBase entries have ACTIVE status.
2026-07-17 00:40:49,861 INFO clinical_reasoning.event_handlers: Recomputed profile for patient BGD-O1 after 
patient.registered
2026-07-17 00:40:49,870 INFO clinical_reasoning.event_handlers: Recomputed outcome for patient BGD-O1 after lab event
2026-07-17 00:40:49,875 WARNING clinical_reasoning.services.engine: No ACTIVE rules matched for patient BGD-O1 � 
differential will be empty. Ensure KnowledgeBase entries have ACTIVE status.
2026-07-17 00:40:49,881 INFO clinical_reasoning.event_handlers: Recomputed profile for patient BGD-O1 after 
lab_result.created
2026-07-17 00:40:49,891 INFO clinical_reasoning.event_handlers: Recomputed outcome for patient BGD-O1 after lab event
2026-07-17 00:40:49,895 WARNING clinical_reasoning.services.engine: No ACTIVE rules matched for patient BGD-O1 � 
differential will be empty. Ensure KnowledgeBase entries have ACTIVE status.
2026-07-17 00:40:49,901 INFO clinical_reasoning.event_handlers: Recomputed profile for patient BGD-O1 after 
lab_result.created
2026-07-17 00:40:49,910 INFO clinical_reasoning.event_handlers: Recomputed outcome for patient BGD-O1 after lab event
2026-07-17 00:40:49,915 WARNING clinical_reasoning.services.engine: No ACTIVE rules matched for patient BGD-O1 � 
differential will be empty. Ensure KnowledgeBase entries have ACTIVE status.
2026-07-17 00:40:49,922 INFO clinical_reasoning.event_handlers: Recomputed profile for patient BGD-O1 after 
lab_result.created
.2026-07-17 00:40:49,957 WARNING clinical_reasoning.services.engine: No ACTIVE rules matched for patient BGD-O1 � 
differential will be empty. Ensure KnowledgeBase entries have ACTIVE status.
2026-07-17 00:40:49,963 INFO clinical_reasoning.event_handlers: Recomputed profile for patient BGD-O1 after 
patient.registered
2026-07-17 00:40:49,972 INFO clinical_reasoning.event_handlers: Recomputed outcome for patient BGD-O1 after lab event
2026-07-17 00:40:49,977 WARNING clinical_reasoning.services.engine: No ACTIVE rules matched for patient BGD-O1 � 
differential will be empty. Ensure KnowledgeBase entries have ACTIVE status.
2026-07-17 00:40:49,983 INFO clinical_reasoning.event_handlers: Recomputed profile for patient BGD-O1 after 
lab_result.created
2026-07-17 00:40:49,991 INFO clinical_reasoning.event_handlers: Recomputed outcome for patient BGD-O1 after lab event
2026-07-17 00:40:49,996 WARNING clinical_reasoning.services.engine: No ACTIVE rules matched for patient BGD-O1 � 
differential will be empty. Ensure KnowledgeBase entries have ACTIVE status.
2026-07-17 00:40:50,002 INFO clinical_reasoning.event_handlers: Recomputed profile for patient BGD-O1 after 
lab_result.created
2026-07-17 00:40:50,011 INFO clinical_reasoning.event_handlers: Recomputed outcome for patient BGD-O1 after lab event
2026-07-17 00:40:50,016 WARNING clinical_reasoning.services.engine: No ACTIVE rules matched for patient BGD-O1 � 
differential will be empty. Ensure KnowledgeBase entries have ACTIVE status.
2026-07-17 00:40:50,022 INFO clinical_reasoning.event_handlers: Recomputed profile for patient BGD-O1 after 
lab_result.created
.2026-07-17 00:40:50,053 WARNING clinical_reasoning.services.engine: No ACTIVE rules matched for patient BGD-O1 � 
differential will be empty. Ensure KnowledgeBase entries have ACTIVE status.
2026-07-17 00:40:50,059 INFO clinical_reasoning.event_handlers: Recomputed profile for patient BGD-O1 after 
patient.registered
2026-07-17 00:40:50,069 INFO clinical_reasoning.event_handlers: Recomputed outcome for patient BGD-O1 after lab event
2026-07-17 00:40:50,073 WARNING clinical_reasoning.services.engine: No ACTIVE rules matched for patient BGD-O1 � 
differential will be empty. Ensure KnowledgeBase entries have ACTIVE status.
2026-07-17 00:40:50,079 INFO clinical_reasoning.event_handlers: Recomputed profile for patient BGD-O1 after 
lab_result.created
2026-07-17 00:40:50,088 INFO clinical_reasoning.event_handlers: Recomputed outcome for patient BGD-O1 after lab event
2026-07-17 00:40:50,092 WARNING clinical_reasoning.services.engine: No ACTIVE rules matched for patient BGD-O1 � 
differential will be empty. Ensure KnowledgeBase entries have ACTIVE status.
2026-07-17 00:40:50,098 INFO clinical_reasoning.event_handlers: Recomputed profile for patient BGD-O1 after 
lab_result.created
2026-07-17 00:40:50,105 WARNING clinical_reasoning.services.engine: No ACTIVE rules matched for patient BGD-O1 � 
differential will be empty. Ensure KnowledgeBase entries have ACTIVE status.
2026-07-17 00:40:50,111 INFO clinical_reasoning.event_handlers: Recomputed profile for patient BGD-O1 after 
patient.updated
2026-07-17 00:40:50,120 INFO clinical_reasoning.event_handlers: Recomputed outcome for patient BGD-O1 after lab event
2026-07-17 00:40:50,124 WARNING clinical_reasoning.services.engine: No ACTIVE rules matched for patient BGD-O1 � 
differential will be empty. Ensure KnowledgeBase entries have ACTIVE status.
2026-07-17 00:40:50,130 INFO clinical_reasoning.event_handlers: Recomputed profile for patient BGD-O1 after 
lab_result.created
2026-07-17 00:40:50,139 INFO clinical_reasoning.event_handlers: Recomputed outcome for patient BGD-O1 after lab event
2026-07-17 00:40:50,144 WARNING clinical_reasoning.services.engine: No ACTIVE rules matched for patient BGD-O1 � 
differential will be empty. Ensure KnowledgeBase entries have ACTIVE status.
2026-07-17 00:40:50,149 INFO clinical_reasoning.event_handlers: Recomputed profile for patient BGD-O1 after 
lab_result.created
2026-07-17 00:40:50,156 WARNING clinical_reasoning.services.engine: No ACTIVE rules matched for patient BGD-O1 � 
differential will be empty. Ensure KnowledgeBase entries have ACTIVE status.
2026-07-17 00:40:50,164 INFO clinical_reasoning.event_handlers: Recomputed profile for patient BGD-O1 after 
patient.updated
2026-07-17 00:40:50,175 INFO clinical_reasoning.event_handlers: Recomputed outcome for patient BGD-O1 after lab event
2026-07-17 00:40:50,180 WARNING clinical_reasoning.services.engine: No ACTIVE rules matched for patient BGD-O1 � 
differential will be empty. Ensure KnowledgeBase entries have ACTIVE status.
2026-07-17 00:40:50,187 INFO clinical_reasoning.event_handlers: Recomputed profile for patient BGD-O1 after 
lab_result.created
2026-07-17 00:40:50,198 INFO clinical_reasoning.event_handlers: Recomputed outcome for patient BGD-O1 after lab event
2026-07-17 00:40:50,205 WARNING clinical_reasoning.services.engine: No ACTIVE rules matched for patient BGD-O1 � 
differential will be empty. Ensure KnowledgeBase entries have ACTIVE status.
2026-07-17 00:40:50,210 INFO clinical_reasoning.event_handlers: Recomputed profile for patient BGD-O1 after 
lab_result.created
2026-07-17 00:40:50,218 WARNING clinical_reasoning.services.engine: No ACTIVE rules matched for patient BGD-O1 � 
differential will be empty. Ensure KnowledgeBase entries have ACTIVE status.
2026-07-17 00:40:50,223 INFO clinical_reasoning.event_handlers: Recomputed profile for patient BGD-O1 after 
patient.updated
.2026-07-17 00:40:50,256 WARNING clinical_reasoning.services.engine: No ACTIVE rules matched for patient BGD-O1 � 
differential will be empty. Ensure KnowledgeBase entries have ACTIVE status.
2026-07-17 00:40:50,263 INFO clinical_reasoning.event_handlers: Recomputed profile for patient BGD-O1 after 
patient.registered
2026-07-17 00:40:50,274 INFO clinical_reasoning.event_handlers: Recomputed outcome for patient BGD-O1 after lab event
2026-07-17 00:40:50,279 WARNING clinical_reasoning.services.engine: No ACTIVE rules matched for patient BGD-O1 � 
differential will be empty. Ensure KnowledgeBase entries have ACTIVE status.
2026-07-17 00:40:50,286 INFO clinical_reasoning.event_handlers: Recomputed profile for patient BGD-O1 after 
lab_result.created
2026-07-17 00:40:50,297 INFO clinical_reasoning.event_handlers: Recomputed outcome for patient BGD-O1 after lab event
2026-07-17 00:40:50,302 WARNING clinical_reasoning.services.engine: No ACTIVE rules matched for patient BGD-O1 � 
differential will be empty. Ensure KnowledgeBase entries have ACTIVE status.
2026-07-17 00:40:50,309 INFO clinical_reasoning.event_handlers: Recomputed profile for patient BGD-O1 after 
lab_result.created
2026-07-17 00:40:50,318 INFO clinical_reasoning.event_handlers: Recomputed outcome for patient BGD-O1 after lab event
2026-07-17 00:40:50,323 WARNING clinical_reasoning.services.engine: No ACTIVE rules matched for patient BGD-O1 � 
differential will be empty. Ensure KnowledgeBase entries have ACTIVE status.
2026-07-17 00:40:50,329 INFO clinical_reasoning.event_handlers: Recomputed profile for patient BGD-O1 after 
lab_result.created
...2026-07-17 00:40:50,399 WARNING clinical_reasoning.services.engine: No ACTIVE rules matched for patient PR-1 � 
differential will be empty. Ensure KnowledgeBase entries have ACTIVE status.
2026-07-17 00:40:50,405 INFO clinical_reasoning.event_handlers: Recomputed profile for patient PR-1 after 
patient.registered
2026-07-17 00:40:50,415 INFO clinical_reasoning.event_handlers: Recomputed outcome for patient PR-1 after lab event
2026-07-17 00:40:50,419 WARNING clinical_reasoning.services.engine: No ACTIVE rules matched for patient PR-1 � 
differential will be empty. Ensure KnowledgeBase entries have ACTIVE status.
2026-07-17 00:40:50,425 INFO clinical_reasoning.event_handlers: Recomputed profile for patient PR-1 after 
lab_result.created
2026-07-17 00:40:50,434 INFO clinical_reasoning.event_handlers: Recomputed outcome for patient PR-1 after lab event
2026-07-17 00:40:50,438 WARNING clinical_reasoning.services.engine: No ACTIVE rules matched for patient PR-1 � 
differential will be empty. Ensure KnowledgeBase entries have ACTIVE status.
2026-07-17 00:40:50,444 INFO clinical_reasoning.event_handlers: Recomputed profile for patient PR-1 after 
lab_result.created
2026-07-17 00:40:50,453 INFO clinical_reasoning.event_handlers: Recomputed outcome for patient PR-1 after lab event
2026-07-17 00:40:50,458 WARNING clinical_reasoning.services.engine: No ACTIVE rules matched for patient PR-1 � 
differential will be empty. Ensure KnowledgeBase entries have ACTIVE status.
2026-07-17 00:40:50,464 INFO clinical_reasoning.event_handlers: Recomputed profile for patient PR-1 after 
lab_result.created
.2026-07-17 00:40:50,495 WARNING clinical_reasoning.services.engine: No ACTIVE rules matched for patient PR-LN2 � 
differential will be empty. Ensure KnowledgeBase entries have ACTIVE status.
2026-07-17 00:40:50,501 INFO clinical_reasoning.event_handlers: Recomputed profile for patient PR-LN2 after 
patient.registered
2026-07-17 00:40:50,511 INFO clinical_reasoning.event_handlers: Recomputed outcome for patient PR-LN2 after lab event
2026-07-17 00:40:50,515 WARNING clinical_reasoning.services.engine: No ACTIVE rules matched for patient PR-LN2 � 
differential will be empty. Ensure KnowledgeBase entries have ACTIVE status.
2026-07-17 00:40:50,521 INFO clinical_reasoning.event_handlers: Recomputed profile for patient PR-LN2 after 
lab_result.created
2026-07-17 00:40:50,530 INFO clinical_reasoning.event_handlers: Recomputed outcome for patient PR-LN2 after lab event
2026-07-17 00:40:50,535 WARNING clinical_reasoning.services.engine: No ACTIVE rules matched for patient PR-LN2 � 
differential will be empty. Ensure KnowledgeBase entries have ACTIVE status.
2026-07-17 00:40:50,541 INFO clinical_reasoning.event_handlers: Recomputed profile for patient PR-LN2 after 
lab_result.created
2026-07-17 00:40:50,550 INFO clinical_reasoning.event_handlers: Recomputed outcome for patient PR-LN2 after lab event
2026-07-17 00:40:50,555 WARNING clinical_reasoning.services.engine: No ACTIVE rules matched for patient PR-LN2 � 
differential will be empty. Ensure KnowledgeBase entries have ACTIVE status.
2026-07-17 00:40:50,560 INFO clinical_reasoning.event_handlers: Recomputed profile for patient PR-LN2 after 
lab_result.created
2026-07-17 00:40:50,570 INFO clinical_reasoning.event_handlers: Recomputed outcome for patient PR-LN2 after lab event
2026-07-17 00:40:50,574 WARNING clinical_reasoning.services.engine: No ACTIVE rules matched for patient PR-LN2 � 
differential will be empty. Ensure KnowledgeBase entries have ACTIVE status.
2026-07-17 00:40:50,580 INFO clinical_reasoning.event_handlers: Recomputed profile for patient PR-LN2 after 
lab_result.created
2026-07-17 00:40:50,587 WARNING clinical_reasoning.services.engine: No ACTIVE rules matched for patient PR-LN2 � 
differential will be empty. Ensure KnowledgeBase entries have ACTIVE status.
2026-07-17 00:40:50,593 INFO clinical_reasoning.event_handlers: Recomputed profile for patient PR-LN2 after 
patient.updated
2026-07-17 00:40:50,602 INFO clinical_reasoning.event_handlers: Recomputed outcome for patient PR-LN2 after lab event
2026-07-17 00:40:50,607 WARNING clinical_reasoning.services.engine: No ACTIVE rules matched for patient PR-LN2 � 
differential will be empty. Ensure KnowledgeBase entries have ACTIVE status.
2026-07-17 00:40:50,613 INFO clinical_reasoning.event_handlers: Recomputed profile for patient PR-LN2 after 
lab_result.created
2026-07-17 00:40:50,622 INFO clinical_reasoning.event_handlers: Recomputed outcome for patient PR-LN2 after lab event
2026-07-17 00:40:50,627 WARNING clinical_reasoning.services.engine: No ACTIVE rules matched for patient PR-LN2 � 
differential will be empty. Ensure KnowledgeBase entries have ACTIVE status.
2026-07-17 00:40:50,636 INFO clinical_reasoning.event_handlers: Recomputed profile for patient PR-LN2 after 
lab_result.created
2026-07-17 00:40:50,644 WARNING clinical_reasoning.services.engine: No ACTIVE rules matched for patient PR-LN2 � 
differential will be empty. Ensure KnowledgeBase entries have ACTIVE status.
2026-07-17 00:40:50,649 INFO clinical_reasoning.event_handlers: Recomputed profile for patient PR-LN2 after 
patient.updated
.2026-07-17 00:40:50,681 WARNING clinical_reasoning.services.engine: No ACTIVE rules matched for patient PR-LN1 � 
differential will be empty. Ensure KnowledgeBase entries have ACTIVE status.
2026-07-17 00:40:50,688 INFO clinical_reasoning.event_handlers: Recomputed profile for patient PR-LN1 after 
patient.registered
2026-07-17 00:40:50,697 INFO clinical_reasoning.event_handlers: Recomputed outcome for patient PR-LN1 after lab event
2026-07-17 00:40:50,702 WARNING clinical_reasoning.services.engine: No ACTIVE rules matched for patient PR-LN1 � 
differential will be empty. Ensure KnowledgeBase entries have ACTIVE status.
2026-07-17 00:40:50,708 INFO clinical_reasoning.event_handlers: Recomputed profile for patient PR-LN1 after 
lab_result.created
2026-07-17 00:40:50,716 INFO clinical_reasoning.event_handlers: Recomputed outcome for patient PR-LN1 after lab event
2026-07-17 00:40:50,721 WARNING clinical_reasoning.services.engine: No ACTIVE rules matched for patient PR-LN1 � 
differential will be empty. Ensure KnowledgeBase entries have ACTIVE status.
2026-07-17 00:40:50,727 INFO clinical_reasoning.event_handlers: Recomputed profile for patient PR-LN1 after 
lab_result.created
2026-07-17 00:40:50,736 INFO clinical_reasoning.event_handlers: Recomputed outcome for patient PR-LN1 after lab event
2026-07-17 00:40:50,741 WARNING clinical_reasoning.services.engine: No ACTIVE rules matched for patient PR-LN1 � 
differential will be empty. Ensure KnowledgeBase entries have ACTIVE status.
2026-07-17 00:40:50,747 INFO clinical_reasoning.event_handlers: Recomputed profile for patient PR-LN1 after 
lab_result.created
.2026-07-17 00:40:50,778 WARNING clinical_reasoning.services.engine: No ACTIVE rules matched for patient PR-1 � 
differential will be empty. Ensure KnowledgeBase entries have ACTIVE status.
2026-07-17 00:40:50,784 INFO clinical_reasoning.event_handlers: Recomputed profile for patient PR-1 after 
patient.registered
2026-07-17 00:40:50,793 INFO clinical_reasoning.event_handlers: Recomputed outcome for patient PR-1 after lab event
2026-07-17 00:40:50,798 WARNING clinical_reasoning.services.engine: No ACTIVE rules matched for patient PR-1 � 
differential will be empty. Ensure KnowledgeBase entries have ACTIVE status.
2026-07-17 00:40:50,804 INFO clinical_reasoning.event_handlers: Recomputed profile for patient PR-1 after 
lab_result.created
2026-07-17 00:40:50,812 INFO clinical_reasoning.event_handlers: Recomputed outcome for patient PR-1 after lab event
2026-07-17 00:40:50,817 WARNING clinical_reasoning.services.engine: No ACTIVE rules matched for patient PR-1 � 
differential will be empty. Ensure KnowledgeBase entries have ACTIVE status.
2026-07-17 00:40:50,823 INFO clinical_reasoning.event_handlers: Recomputed profile for patient PR-1 after 
lab_result.created
..............2026-07-17 00:40:51,760 WARNING clinical_reasoning.services.engine: No ACTIVE rules matched for patient 
AUD1 � differential will be empty. Ensure KnowledgeBase entries have ACTIVE status.
2026-07-17 00:40:51,766 INFO clinical_reasoning.event_handlers: Recomputed profile for patient AUD1 after 
patient.registered
...2026-07-17 00:40:53,540 WARNING clinical_reasoning.services.engine: No ACTIVE rules matched for patient R1 � 
differential will be empty. Ensure KnowledgeBase entries have ACTIVE status.
2026-07-17 00:40:53,547 INFO clinical_reasoning.event_handlers: Recomputed profile for patient R1 after 
patient.registered
.2026-07-17 00:40:55,210 WARNING clinical_reasoning.services.engine: No ACTIVE rules matched for patient W1 � 
differential will be empty. Ensure KnowledgeBase entries have ACTIVE status.
2026-07-17 00:40:55,216 INFO clinical_reasoning.event_handlers: Recomputed profile for patient W1 after 
patient.registered
.2026-07-17 00:40:56,191 WARNING clinical_reasoning.services.engine: No ACTIVE rules matched for patient W1 � 
differential will be empty. Ensure KnowledgeBase entries have ACTIVE status.
2026-07-17 00:40:56,197 INFO clinical_reasoning.event_handlers: Recomputed profile for patient W1 after 
patient.registered
.2026-07-17 00:40:56,985 WARNING clinical_reasoning.services.engine: No ACTIVE rules matched for patient W2 � 
differential will be empty. Ensure KnowledgeBase entries have ACTIVE status.
2026-07-17 00:40:56,992 INFO clinical_reasoning.event_handlers: Recomputed profile for patient W2 after 
patient.registered
.2026-07-17 00:40:57,797 WARNING clinical_reasoning.services.engine: No ACTIVE rules matched for patient W3 � 
differential will be empty. Ensure KnowledgeBase entries have ACTIVE status.
2026-07-17 00:40:57,803 INFO clinical_reasoning.event_handlers: Recomputed profile for patient W3 after 
patient.registered
2026-07-17 00:40:57,811 WARNING clinical_reasoning.services.engine: No ACTIVE rules matched for patient W3 � 
differential will be empty. Ensure KnowledgeBase entries have ACTIVE status.
2026-07-17 00:40:57,816 INFO clinical_reasoning.event_handlers: Recomputed profile for patient W3 after biopsy.created
...2026-07-17 00:40:59,418 WARNING clinical_reasoning.services.engine: No ACTIVE rules matched for patient A1 � 
differential will be empty. Ensure KnowledgeBase entries have ACTIVE status.
2026-07-17 00:40:59,424 INFO clinical_reasoning.event_handlers: Recomputed profile for patient A1 after 
patient.registered
.2026-07-17 00:40:59,432 WARNING clinical_reasoning.services.engine: No ACTIVE rules matched for patient A5 � 
differential will be empty. Ensure KnowledgeBase entries have ACTIVE status.
2026-07-17 00:40:59,437 INFO clinical_reasoning.event_handlers: Recomputed profile for patient A5 after 
patient.registered
2026-07-17 00:40:59,444 WARNING clinical_reasoning.services.engine: No ACTIVE rules matched for patient A5 � 
differential will be empty. Ensure KnowledgeBase entries have ACTIVE status.
2026-07-17 00:40:59,450 INFO clinical_reasoning.event_handlers: Recomputed profile for patient A5 after patient.updated
.2026-07-17 00:40:59,457 WARNING clinical_reasoning.services.engine: No ACTIVE rules matched for patient A4 � 
differential will be empty. Ensure KnowledgeBase entries have ACTIVE status.
2026-07-17 00:40:59,463 INFO clinical_reasoning.event_handlers: Recomputed profile for patient A4 after 
patient.registered
2026-07-17 00:40:59,469 WARNING clinical_reasoning.services.engine: No ACTIVE rules matched for patient A4 � 
differential will be empty. Ensure KnowledgeBase entries have ACTIVE status.
2026-07-17 00:40:59,475 INFO clinical_reasoning.event_handlers: Recomputed profile for patient A4 after patient.updated
.2026-07-17 00:40:59,482 WARNING clinical_reasoning.services.engine: No ACTIVE rules matched for patient A2 � 
differential will be empty. Ensure KnowledgeBase entries have ACTIVE status.
2026-07-17 00:40:59,488 INFO clinical_reasoning.event_handlers: Recomputed profile for patient A2 after 
patient.registered
2026-07-17 00:40:59,494 WARNING clinical_reasoning.services.engine: No ACTIVE rules matched for patient A2 � 
differential will be empty. Ensure KnowledgeBase entries have ACTIVE status.
2026-07-17 00:40:59,501 INFO clinical_reasoning.event_handlers: Recomputed profile for patient A2 after patient.updated
.2026-07-17 00:40:59,509 WARNING clinical_reasoning.services.engine: No ACTIVE rules matched for patient A3 � 
differential will be empty. Ensure KnowledgeBase entries have ACTIVE status.
2026-07-17 00:40:59,516 INFO clinical_reasoning.event_handlers: Recomputed profile for patient A3 after 
patient.registered
2026-07-17 00:40:59,523 WARNING clinical_reasoning.services.engine: No ACTIVE rules matched for patient A3 � 
differential will be empty. Ensure KnowledgeBase entries have ACTIVE status.
2026-07-17 00:40:59,529 INFO clinical_reasoning.event_handlers: Recomputed profile for patient A3 after patient.updated
.2026-07-17 00:40:59,538 WARNING clinical_reasoning.services.engine: No ACTIVE rules matched for patient C1 � 
differential will be empty. Ensure KnowledgeBase entries have ACTIVE status.
2026-07-17 00:40:59,544 INFO clinical_reasoning.event_handlers: Recomputed profile for patient C1 after 
patient.registered
.2026-07-17 00:40:59,554 WARNING clinical_reasoning.services.engine: No ACTIVE rules matched for patient C1 � 
differential will be empty. Ensure KnowledgeBase entries have ACTIVE status.
2026-07-17 00:40:59,561 INFO clinical_reasoning.event_handlers: Recomputed profile for patient C1 after 
patient.registered
.2026-07-17 00:40:59,572 WARNING clinical_reasoning.services.engine: No ACTIVE rules matched for patient C1 � 
differential will be empty. Ensure KnowledgeBase entries have ACTIVE status.
2026-07-17 00:40:59,579 INFO clinical_reasoning.event_handlers: Recomputed profile for patient C1 after 
patient.registered
.2026-07-17 00:40:59,591 WARNING clinical_reasoning.services.engine: No ACTIVE rules matched for patient C1 � 
differential will be empty. Ensure KnowledgeBase entries have ACTIVE status.
2026-07-17 00:40:59,598 INFO clinical_reasoning.event_handlers: Recomputed profile for patient C1 after 
patient.registered
.2026-07-17 00:40:59,613 WARNING clinical_reasoning.services.engine: No ACTIVE rules matched for patient C1 � 
differential will be empty. Ensure KnowledgeBase entries have ACTIVE status.
2026-07-17 00:40:59,620 INFO clinical_reasoning.event_handlers: Recomputed profile for patient C1 after 
patient.registered
..2026-07-17 00:40:59,633 WARNING clinical_reasoning.services.engine: No ACTIVE rules matched for patient B1 � 
differential will be empty. Ensure KnowledgeBase entries have ACTIVE status.
2026-07-17 00:40:59,640 INFO clinical_reasoning.event_handlers: Recomputed profile for patient B1 after 
patient.registered
2026-07-17 00:40:59,648 WARNING clinical_reasoning.services.engine: No ACTIVE rules matched for patient B1 � 
differential will be empty. Ensure KnowledgeBase entries have ACTIVE status.
2026-07-17 00:40:59,655 INFO clinical_reasoning.event_handlers: Recomputed profile for patient B1 after patient.updated
.2026-07-17 00:40:59,662 WARNING clinical_reasoning.services.engine: No ACTIVE rules matched for patient B2 � 
differential will be empty. Ensure KnowledgeBase entries have ACTIVE status.
2026-07-17 00:40:59,669 INFO clinical_reasoning.event_handlers: Recomputed profile for patient B2 after 
patient.registered
2026-07-17 00:40:59,678 WARNING clinical_reasoning.services.engine: No ACTIVE rules matched for patient B2 � 
differential will be empty. Ensure KnowledgeBase entries have ACTIVE status.
2026-07-17 00:40:59,684 INFO clinical_reasoning.event_handlers: Recomputed profile for patient B2 after patient.updated
.2026-07-17 00:40:59,714 WARNING clinical_reasoning.services.engine: No ACTIVE rules matched for patient BM3 � 
differential will be empty. Ensure KnowledgeBase entries have ACTIVE status.
2026-07-17 00:40:59,721 INFO clinical_reasoning.event_handlers: Recomputed profile for patient BM3 after 
patient.registered
2026-07-17 00:40:59,733 INFO clinical_reasoning.event_handlers: Recomputed outcome for patient BM3 after lab event
2026-07-17 00:40:59,739 WARNING clinical_reasoning.services.engine: No ACTIVE rules matched for patient BM3 � 
differential will be empty. Ensure KnowledgeBase entries have ACTIVE status.
2026-07-17 00:40:59,746 INFO clinical_reasoning.event_handlers: Recomputed profile for patient BM3 after 
lab_result.created
2026-07-17 00:40:59,756 INFO clinical_reasoning.event_handlers: Recomputed outcome for patient BM3 after lab event
2026-07-17 00:40:59,761 WARNING clinical_reasoning.services.engine: No ACTIVE rules matched for patient BM3 � 
differential will be empty. Ensure KnowledgeBase entries have ACTIVE status.
2026-07-17 00:40:59,769 INFO clinical_reasoning.event_handlers: Recomputed profile for patient BM3 after 
lab_result.created
.2026-07-17 00:40:59,802 WARNING clinical_reasoning.services.engine: No ACTIVE rules matched for patient BM2 � 
differential will be empty. Ensure KnowledgeBase entries have ACTIVE status.
2026-07-17 00:40:59,809 INFO clinical_reasoning.event_handlers: Recomputed profile for patient BM2 after 
patient.registered
2026-07-17 00:40:59,819 INFO clinical_reasoning.event_handlers: Recomputed outcome for patient BM2 after lab event
2026-07-17 00:40:59,824 WARNING clinical_reasoning.services.engine: No ACTIVE rules matched for patient BM2 � 
differential will be empty. Ensure KnowledgeBase entries have ACTIVE status.
2026-07-17 00:40:59,830 INFO clinical_reasoning.event_handlers: Recomputed profile for patient BM2 after 
lab_result.created
2026-07-17 00:40:59,839 INFO clinical_reasoning.event_handlers: Recomputed outcome for patient BM2 after lab event
2026-07-17 00:40:59,844 WARNING clinical_reasoning.services.engine: No ACTIVE rules matched for patient BM2 � 
differential will be empty. Ensure KnowledgeBase entries have ACTIVE status.
2026-07-17 00:40:59,850 INFO clinical_reasoning.event_handlers: Recomputed profile for patient BM2 after 
lab_result.created
.2026-07-17 00:40:59,883 WARNING clinical_reasoning.services.engine: No ACTIVE rules matched for patient BM1 � 
differential will be empty. Ensure KnowledgeBase entries have ACTIVE status.
2026-07-17 00:40:59,890 INFO clinical_reasoning.event_handlers: Recomputed profile for patient BM1 after 
patient.registered
2026-07-17 00:40:59,900 INFO clinical_reasoning.event_handlers: Recomputed outcome for patient BM1 after lab event
2026-07-17 00:40:59,906 WARNING clinical_reasoning.services.engine: No ACTIVE rules matched for patient BM1 � 
differential will be empty. Ensure KnowledgeBase entries have ACTIVE status.
2026-07-17 00:40:59,912 INFO clinical_reasoning.event_handlers: Recomputed profile for patient BM1 after 
lab_result.created
2026-07-17 00:40:59,922 INFO clinical_reasoning.event_handlers: Recomputed outcome for patient BM1 after lab event
2026-07-17 00:40:59,927 WARNING clinical_reasoning.services.engine: No ACTIVE rules matched for patient BM1 � 
differential will be empty. Ensure KnowledgeBase entries have ACTIVE status.
2026-07-17 00:40:59,933 INFO clinical_reasoning.event_handlers: Recomputed profile for patient BM1 after 
lab_result.created
2026-07-17 00:40:59,942 INFO clinical_reasoning.event_handlers: Recomputed outcome for patient BM1 after lab event
2026-07-17 00:40:59,947 WARNING clinical_reasoning.services.engine: No ACTIVE rules matched for patient BM1 � 
differential will be empty. Ensure KnowledgeBase entries have ACTIVE status.
2026-07-17 00:40:59,953 INFO clinical_reasoning.event_handlers: Recomputed profile for patient BM1 after 
lab_result.created
.2026-07-17 00:40:59,985 WARNING clinical_reasoning.services.engine: No ACTIVE rules matched for patient G1 � 
differential will be empty. Ensure KnowledgeBase entries have ACTIVE status.
2026-07-17 00:40:59,992 INFO clinical_reasoning.event_handlers: Recomputed profile for patient G1 after 
patient.registered
2026-07-17 00:41:00,002 INFO clinical_reasoning.event_handlers: Recomputed outcome for patient G1 after lab event
2026-07-17 00:41:00,007 WARNING clinical_reasoning.services.engine: No ACTIVE rules matched for patient G1 � 
differential will be empty. Ensure KnowledgeBase entries have ACTIVE status.
2026-07-17 00:41:00,013 INFO clinical_reasoning.event_handlers: Recomputed profile for patient G1 after 
lab_result.created
2026-07-17 00:41:00,023 INFO clinical_reasoning.event_handlers: Recomputed outcome for patient G1 after lab event
2026-07-17 00:41:00,027 WARNING clinical_reasoning.services.engine: No ACTIVE rules matched for patient G1 � 
differential will be empty. Ensure KnowledgeBase entries have ACTIVE status.
2026-07-17 00:41:00,033 INFO clinical_reasoning.event_handlers: Recomputed profile for patient G1 after 
lab_result.created
2026-07-17 00:41:00,043 INFO clinical_reasoning.event_handlers: Recomputed outcome for patient G1 after lab event
2026-07-17 00:41:00,048 WARNING clinical_reasoning.services.engine: No ACTIVE rules matched for patient G1 � 
differential will be empty. Ensure KnowledgeBase entries have ACTIVE status.
2026-07-17 00:41:00,053 INFO clinical_reasoning.event_handlers: Recomputed profile for patient G1 after 
lab_result.created
2026-07-17 00:41:00,063 INFO clinical_reasoning.event_handlers: Recomputed outcome for patient G1 after lab event
2026-07-17 00:41:00,068 WARNING clinical_reasoning.services.engine: No ACTIVE rules matched for patient G1 � 
differential will be empty. Ensure KnowledgeBase entries have ACTIVE status.
2026-07-17 00:41:00,074 INFO clinical_reasoning.event_handlers: Recomputed profile for patient G1 after 
lab_result.created
2026-07-17 00:41:00,084 INFO clinical_reasoning.event_handlers: Recomputed outcome for patient G1 after lab event
2026-07-17 00:41:00,089 WARNING clinical_reasoning.services.engine: No ACTIVE rules matched for patient G1 � 
differential will be empty. Ensure KnowledgeBase entries have ACTIVE status.
2026-07-17 00:41:00,095 INFO clinical_reasoning.event_handlers: Recomputed profile for patient G1 after 
lab_result.created
2026-07-17 00:41:00,112 WARNING clinical_reasoning.services.engine: No ACTIVE rules matched for patient G2 � 
differential will be empty. Ensure KnowledgeBase entries have ACTIVE status.
2026-07-17 00:41:00,118 INFO clinical_reasoning.event_handlers: Recomputed profile for patient G2 after 
patient.registered
2026-07-17 00:41:00,128 INFO clinical_reasoning.event_handlers: Recomputed outcome for patient G2 after lab event
2026-07-17 00:41:00,133 WARNING clinical_reasoning.services.engine: No ACTIVE rules matched for patient G2 � 
differential will be empty. Ensure KnowledgeBase entries have ACTIVE status.
2026-07-17 00:41:00,139 INFO clinical_reasoning.event_handlers: Recomputed profile for patient G2 after 
lab_result.created
2026-07-17 00:41:00,148 INFO clinical_reasoning.event_handlers: Recomputed outcome for patient G2 after lab event
2026-07-17 00:41:00,153 WARNING clinical_reasoning.services.engine: No ACTIVE rules matched for patient G2 � 
differential will be empty. Ensure KnowledgeBase entries have ACTIVE status.
2026-07-17 00:41:00,159 INFO clinical_reasoning.event_handlers: Recomputed profile for patient G2 after 
lab_result.created
2026-07-17 00:41:00,169 INFO clinical_reasoning.event_handlers: Recomputed outcome for patient G2 after lab event
2026-07-17 00:41:00,174 WARNING clinical_reasoning.services.engine: No ACTIVE rules matched for patient G2 � 
differential will be empty. Ensure KnowledgeBase entries have ACTIVE status.
2026-07-17 00:41:00,180 INFO clinical_reasoning.event_handlers: Recomputed profile for patient G2 after 
lab_result.created
2026-07-17 00:41:00,189 INFO clinical_reasoning.event_handlers: Recomputed outcome for patient G2 after lab event
2026-07-17 00:41:00,194 WARNING clinical_reasoning.services.engine: No ACTIVE rules matched for patient G2 � 
differential will be empty. Ensure KnowledgeBase entries have ACTIVE status.
2026-07-17 00:41:00,200 INFO clinical_reasoning.event_handlers: Recomputed profile for patient G2 after 
lab_result.created
.2026-07-17 00:41:00,239 WARNING clinical_reasoning.services.engine: No ACTIVE rules matched for patient ER0 � 
differential will be empty. Ensure KnowledgeBase entries have ACTIVE status.
2026-07-17 00:41:00,245 INFO clinical_reasoning.event_handlers: Recomputed profile for patient ER0 after 
patient.registered
2026-07-17 00:41:00,255 INFO clinical_reasoning.event_handlers: Recomputed outcome for patient ER0 after lab event
2026-07-17 00:41:00,260 WARNING clinical_reasoning.services.engine: No ACTIVE rules matched for patient ER0 � 
differential will be empty. Ensure KnowledgeBase entries have ACTIVE status.
2026-07-17 00:41:00,266 INFO clinical_reasoning.event_handlers: Recomputed profile for patient ER0 after 
lab_result.created
2026-07-17 00:41:00,275 INFO clinical_reasoning.event_handlers: Recomputed outcome for patient ER0 after lab event
2026-07-17 00:41:00,280 WARNING clinical_reasoning.services.engine: No ACTIVE rules matched for patient ER0 � 
differential will be empty. Ensure KnowledgeBase entries have ACTIVE status.
2026-07-17 00:41:00,286 INFO clinical_reasoning.event_handlers: Recomputed profile for patient ER0 after 
lab_result.created
2026-07-17 00:41:00,295 INFO clinical_reasoning.event_handlers: Recomputed outcome for patient ER0 after lab event
2026-07-17 00:41:00,300 WARNING clinical_reasoning.services.engine: No ACTIVE rules matched for patient ER0 � 
differential will be empty. Ensure KnowledgeBase entries have ACTIVE status.
2026-07-17 00:41:00,306 INFO clinical_reasoning.event_handlers: Recomputed profile for patient ER0 after 
lab_result.created
2026-07-17 00:41:00,315 INFO clinical_reasoning.event_handlers: Recomputed outcome for patient ER0 after lab event
2026-07-17 00:41:00,320 WARNING clinical_reasoning.services.engine: No ACTIVE rules matched for patient ER0 � 
differential will be empty. Ensure KnowledgeBase entries have ACTIVE status.
2026-07-17 00:41:00,326 INFO clinical_reasoning.event_handlers: Recomputed profile for patient ER0 after 
lab_result.created
2026-07-17 00:41:00,335 INFO clinical_reasoning.event_handlers: Recomputed outcome for patient ER0 after lab event
2026-07-17 00:41:00,340 WARNING clinical_reasoning.services.engine: No ACTIVE rules matched for patient ER0 � 
differential will be empty. Ensure KnowledgeBase entries have ACTIVE status.
2026-07-17 00:41:00,346 INFO clinical_reasoning.event_handlers: Recomputed profile for patient ER0 after 
lab_result.created
2026-07-17 00:41:00,363 WARNING clinical_reasoning.services.engine: No ACTIVE rules matched for patient ER1 � 
differential will be empty. Ensure KnowledgeBase entries have ACTIVE status.
2026-07-17 00:41:00,369 INFO clinical_reasoning.event_handlers: Recomputed profile for patient ER1 after 
patient.registered
2026-07-17 00:41:00,378 INFO clinical_reasoning.event_handlers: Recomputed outcome for patient ER1 after lab event
2026-07-17 00:41:00,383 WARNING clinical_reasoning.services.engine: No ACTIVE rules matched for patient ER1 � 
differential will be empty. Ensure KnowledgeBase entries have ACTIVE status.
2026-07-17 00:41:00,389 INFO clinical_reasoning.event_handlers: Recomputed profile for patient ER1 after 
lab_result.created
2026-07-17 00:41:00,398 INFO clinical_reasoning.event_handlers: Recomputed outcome for patient ER1 after lab event
2026-07-17 00:41:00,403 WARNING clinical_reasoning.services.engine: No ACTIVE rules matched for patient ER1 � 
differential will be empty. Ensure KnowledgeBase entries have ACTIVE status.
2026-07-17 00:41:00,409 INFO clinical_reasoning.event_handlers: Recomputed profile for patient ER1 after 
lab_result.created
2026-07-17 00:41:00,418 INFO clinical_reasoning.event_handlers: Recomputed outcome for patient ER1 after lab event
2026-07-17 00:41:00,423 WARNING clinical_reasoning.services.engine: No ACTIVE rules matched for patient ER1 � 
differential will be empty. Ensure KnowledgeBase entries have ACTIVE status.
2026-07-17 00:41:00,429 INFO clinical_reasoning.event_handlers: Recomputed profile for patient ER1 after 
lab_result.created
2026-07-17 00:41:00,438 INFO clinical_reasoning.event_handlers: Recomputed outcome for patient ER1 after lab event
2026-07-17 00:41:00,443 WARNING clinical_reasoning.services.engine: No ACTIVE rules matched for patient ER1 � 
differential will be empty. Ensure KnowledgeBase entries have ACTIVE status.
2026-07-17 00:41:00,449 INFO clinical_reasoning.event_handlers: Recomputed profile for patient ER1 after 
lab_result.created
2026-07-17 00:41:00,459 INFO clinical_reasoning.event_handlers: Recomputed outcome for patient ER1 after lab event
2026-07-17 00:41:00,464 WARNING clinical_reasoning.services.engine: No ACTIVE rules matched for patient ER1 � 
differential will be empty. Ensure KnowledgeBase entries have ACTIVE status.
2026-07-17 00:41:00,470 INFO clinical_reasoning.event_handlers: Recomputed profile for patient ER1 after 
lab_result.created
2026-07-17 00:41:00,486 WARNING clinical_reasoning.services.engine: No ACTIVE rules matched for patient ER2 � 
differential will be empty. Ensure KnowledgeBase entries have ACTIVE status.
2026-07-17 00:41:00,492 INFO clinical_reasoning.event_handlers: Recomputed profile for patient ER2 after 
patient.registered
2026-07-17 00:41:00,501 INFO clinical_reasoning.event_handlers: Recomputed outcome for patient ER2 after lab event
2026-07-17 00:41:00,506 WARNING clinical_reasoning.services.engine: No ACTIVE rules matched for patient ER2 � 
differential will be empty. Ensure KnowledgeBase entries have ACTIVE status.
2026-07-17 00:41:00,512 INFO clinical_reasoning.event_handlers: Recomputed profile for patient ER2 after 
lab_result.created
2026-07-17 00:41:00,521 INFO clinical_reasoning.event_handlers: Recomputed outcome for patient ER2 after lab event
2026-07-17 00:41:00,526 WARNING clinical_reasoning.services.engine: No ACTIVE rules matched for patient ER2 � 
differential will be empty. Ensure KnowledgeBase entries have ACTIVE status.
2026-07-17 00:41:00,532 INFO clinical_reasoning.event_handlers: Recomputed profile for patient ER2 after 
lab_result.created
2026-07-17 00:41:00,541 INFO clinical_reasoning.event_handlers: Recomputed outcome for patient ER2 after lab event
2026-07-17 00:41:00,546 WARNING clinical_reasoning.services.engine: No ACTIVE rules matched for patient ER2 � 
differential will be empty. Ensure KnowledgeBase entries have ACTIVE status.
2026-07-17 00:41:00,552 INFO clinical_reasoning.event_handlers: Recomputed profile for patient ER2 after 
lab_result.created
2026-07-17 00:41:00,561 INFO clinical_reasoning.event_handlers: Recomputed outcome for patient ER2 after lab event
2026-07-17 00:41:00,566 WARNING clinical_reasoning.services.engine: No ACTIVE rules matched for patient ER2 � 
differential will be empty. Ensure KnowledgeBase entries have ACTIVE status.
2026-07-17 00:41:00,572 INFO clinical_reasoning.event_handlers: Recomputed profile for patient ER2 after 
lab_result.created
2026-07-17 00:41:00,581 INFO clinical_reasoning.event_handlers: Recomputed outcome for patient ER2 after lab event
2026-07-17 00:41:00,586 WARNING clinical_reasoning.services.engine: No ACTIVE rules matched for patient ER2 � 
differential will be empty. Ensure KnowledgeBase entries have ACTIVE status.
2026-07-17 00:41:00,592 INFO clinical_reasoning.event_handlers: Recomputed profile for patient ER2 after 
lab_result.created
2026-07-17 00:41:00,611 WARNING clinical_reasoning.services.engine: No ACTIVE rules matched for patient ER3 � 
differential will be empty. Ensure KnowledgeBase entries have ACTIVE status.
2026-07-17 00:41:00,617 INFO clinical_reasoning.event_handlers: Recomputed profile for patient ER3 after 
patient.registered
2026-07-17 00:41:00,627 INFO clinical_reasoning.event_handlers: Recomputed outcome for patient ER3 after lab event
2026-07-17 00:41:00,632 WARNING clinical_reasoning.services.engine: No ACTIVE rules matched for patient ER3 � 
differential will be empty. Ensure KnowledgeBase entries have ACTIVE status.
2026-07-17 00:41:00,638 INFO clinical_reasoning.event_handlers: Recomputed profile for patient ER3 after 
lab_result.created
2026-07-17 00:41:00,648 INFO clinical_reasoning.event_handlers: Recomputed outcome for patient ER3 after lab event
2026-07-17 00:41:00,652 WARNING clinical_reasoning.services.engine: No ACTIVE rules matched for patient ER3 � 
differential will be empty. Ensure KnowledgeBase entries have ACTIVE status.
2026-07-17 00:41:00,659 INFO clinical_reasoning.event_handlers: Recomputed profile for patient ER3 after 
lab_result.created
2026-07-17 00:41:00,669 INFO clinical_reasoning.event_handlers: Recomputed outcome for patient ER3 after lab event
2026-07-17 00:41:00,675 WARNING clinical_reasoning.services.engine: No ACTIVE rules matched for patient ER3 � 
differential will be empty. Ensure KnowledgeBase entries have ACTIVE status.
2026-07-17 00:41:00,681 INFO clinical_reasoning.event_handlers: Recomputed profile for patient ER3 after 
lab_result.created
2026-07-17 00:41:00,690 INFO clinical_reasoning.event_handlers: Recomputed outcome for patient ER3 after lab event
2026-07-17 00:41:00,695 WARNING clinical_reasoning.services.engine: No ACTIVE rules matched for patient ER3 � 
differential will be empty. Ensure KnowledgeBase entries have ACTIVE status.
2026-07-17 00:41:00,702 INFO clinical_reasoning.event_handlers: Recomputed profile for patient ER3 after 
lab_result.created
2026-07-17 00:41:00,711 INFO clinical_reasoning.event_handlers: Recomputed outcome for patient ER3 after lab event
2026-07-17 00:41:00,716 WARNING clinical_reasoning.services.engine: No ACTIVE rules matched for patient ER3 � 
differential will be empty. Ensure KnowledgeBase entries have ACTIVE status.
2026-07-17 00:41:00,722 INFO clinical_reasoning.event_handlers: Recomputed profile for patient ER3 after 
lab_result.created
2026-07-17 00:41:00,739 WARNING clinical_reasoning.services.engine: No ACTIVE rules matched for patient ERX � 
differential will be empty. Ensure KnowledgeBase entries have ACTIVE status.
2026-07-17 00:41:00,745 INFO clinical_reasoning.event_handlers: Recomputed profile for patient ERX after 
patient.registered
2026-07-17 00:41:00,754 INFO clinical_reasoning.event_handlers: Recomputed outcome for patient ERX after lab event
2026-07-17 00:41:00,759 WARNING clinical_reasoning.services.engine: No ACTIVE rules matched for patient ERX � 
differential will be empty. Ensure KnowledgeBase entries have ACTIVE status.
2026-07-17 00:41:00,766 INFO clinical_reasoning.event_handlers: Recomputed profile for patient ERX after 
lab_result.created
2026-07-17 00:41:00,775 INFO clinical_reasoning.event_handlers: Recomputed outcome for patient ERX after lab event
2026-07-17 00:41:00,780 WARNING clinical_reasoning.services.engine: No ACTIVE rules matched for patient ERX � 
differential will be empty. Ensure KnowledgeBase entries have ACTIVE status.
2026-07-17 00:41:00,786 INFO clinical_reasoning.event_handlers: Recomputed profile for patient ERX after 
lab_result.created
2026-07-17 00:41:00,796 INFO clinical_reasoning.event_handlers: Recomputed outcome for patient ERX after lab event
2026-07-17 00:41:00,801 WARNING clinical_reasoning.services.engine: No ACTIVE rules matched for patient ERX � 
differential will be empty. Ensure KnowledgeBase entries have ACTIVE status.
2026-07-17 00:41:00,807 INFO clinical_reasoning.event_handlers: Recomputed profile for patient ERX after 
lab_result.created
2026-07-17 00:41:00,817 INFO clinical_reasoning.event_handlers: Recomputed outcome for patient ERX after lab event
2026-07-17 00:41:00,822 WARNING clinical_reasoning.services.engine: No ACTIVE rules matched for patient ERX � 
differential will be empty. Ensure KnowledgeBase entries have ACTIVE status.
2026-07-17 00:41:00,828 INFO clinical_reasoning.event_handlers: Recomputed profile for patient ERX after 
lab_result.created
2026-07-17 00:41:00,846 WARNING clinical_reasoning.services.engine: No ACTIVE rules matched for patient NR0 � 
differential will be empty. Ensure KnowledgeBase entries have ACTIVE status.
2026-07-17 00:41:00,852 INFO clinical_reasoning.event_handlers: Recomputed profile for patient NR0 after 
patient.registered
2026-07-17 00:41:00,862 INFO clinical_reasoning.event_handlers: Recomputed outcome for patient NR0 after lab event
2026-07-17 00:41:00,867 WARNING clinical_reasoning.services.engine: No ACTIVE rules matched for patient NR0 � 
differential will be empty. Ensure KnowledgeBase entries have ACTIVE status.
2026-07-17 00:41:00,874 INFO clinical_reasoning.event_handlers: Recomputed profile for patient NR0 after 
lab_result.created
2026-07-17 00:41:00,883 INFO clinical_reasoning.event_handlers: Recomputed outcome for patient NR0 after lab event
2026-07-17 00:41:00,888 WARNING clinical_reasoning.services.engine: No ACTIVE rules matched for patient NR0 � 
differential will be empty. Ensure KnowledgeBase entries have ACTIVE status.
2026-07-17 00:41:00,894 INFO clinical_reasoning.event_handlers: Recomputed profile for patient NR0 after 
lab_result.created
2026-07-17 00:41:00,904 INFO clinical_reasoning.event_handlers: Recomputed outcome for patient NR0 after lab event
2026-07-17 00:41:00,909 WARNING clinical_reasoning.services.engine: No ACTIVE rules matched for patient NR0 � 
differential will be empty. Ensure KnowledgeBase entries have ACTIVE status.
2026-07-17 00:41:00,915 INFO clinical_reasoning.event_handlers: Recomputed profile for patient NR0 after 
lab_result.created
2026-07-17 00:41:00,925 INFO clinical_reasoning.event_handlers: Recomputed outcome for patient NR0 after lab event
2026-07-17 00:41:00,930 WARNING clinical_reasoning.services.engine: No ACTIVE rules matched for patient NR0 � 
differential will be empty. Ensure KnowledgeBase entries have ACTIVE status.
2026-07-17 00:41:00,936 INFO clinical_reasoning.event_handlers: Recomputed profile for patient NR0 after 
lab_result.created
2026-07-17 00:41:00,953 WARNING clinical_reasoning.services.engine: No ACTIVE rules matched for patient NR1 � 
differential will be empty. Ensure KnowledgeBase entries have ACTIVE status.
2026-07-17 00:41:00,959 INFO clinical_reasoning.event_handlers: Recomputed profile for patient NR1 after 
patient.registered
2026-07-17 00:41:00,969 INFO clinical_reasoning.event_handlers: Recomputed outcome for patient NR1 after lab event
2026-07-17 00:41:00,974 WARNING clinical_reasoning.services.engine: No ACTIVE rules matched for patient NR1 � 
differential will be empty. Ensure KnowledgeBase entries have ACTIVE status.
2026-07-17 00:41:00,980 INFO clinical_reasoning.event_handlers: Recomputed profile for patient NR1 after 
lab_result.created
2026-07-17 00:41:00,989 INFO clinical_reasoning.event_handlers: Recomputed outcome for patient NR1 after lab event
2026-07-17 00:41:00,994 WARNING clinical_reasoning.services.engine: No ACTIVE rules matched for patient NR1 � 
differential will be empty. Ensure KnowledgeBase entries have ACTIVE status.
2026-07-17 00:41:01,000 INFO clinical_reasoning.event_handlers: Recomputed profile for patient NR1 after 
lab_result.created
2026-07-17 00:41:01,009 INFO clinical_reasoning.event_handlers: Recomputed outcome for patient NR1 after lab event
2026-07-17 00:41:01,014 WARNING clinical_reasoning.services.engine: No ACTIVE rules matched for patient NR1 � 
differential will be empty. Ensure KnowledgeBase entries have ACTIVE status.
2026-07-17 00:41:01,020 INFO clinical_reasoning.event_handlers: Recomputed profile for patient NR1 after 
lab_result.created
2026-07-17 00:41:01,030 INFO clinical_reasoning.event_handlers: Recomputed outcome for patient NR1 after lab event
2026-07-17 00:41:01,035 WARNING clinical_reasoning.services.engine: No ACTIVE rules matched for patient NR1 � 
differential will be empty. Ensure KnowledgeBase entries have ACTIVE status.
2026-07-17 00:41:01,041 INFO clinical_reasoning.event_handlers: Recomputed profile for patient NR1 after 
lab_result.created
2026-07-17 00:41:01,058 WARNING clinical_reasoning.services.engine: No ACTIVE rules matched for patient NR2 � 
differential will be empty. Ensure KnowledgeBase entries have ACTIVE status.
2026-07-17 00:41:01,064 INFO clinical_reasoning.event_handlers: Recomputed profile for patient NR2 after 
patient.registered
2026-07-17 00:41:01,074 INFO clinical_reasoning.event_handlers: Recomputed outcome for patient NR2 after lab event
2026-07-17 00:41:01,078 WARNING clinical_reasoning.services.engine: No ACTIVE rules matched for patient NR2 � 
differential will be empty. Ensure KnowledgeBase entries have ACTIVE status.
2026-07-17 00:41:01,084 INFO clinical_reasoning.event_handlers: Recomputed profile for patient NR2 after 
lab_result.created
2026-07-17 00:41:01,094 INFO clinical_reasoning.event_handlers: Recomputed outcome for patient NR2 after lab event
2026-07-17 00:41:01,098 WARNING clinical_reasoning.services.engine: No ACTIVE rules matched for patient NR2 � 
differential will be empty. Ensure KnowledgeBase entries have ACTIVE status.
2026-07-17 00:41:01,105 INFO clinical_reasoning.event_handlers: Recomputed profile for patient NR2 after 
lab_result.created
2026-07-17 00:41:01,114 INFO clinical_reasoning.event_handlers: Recomputed outcome for patient NR2 after lab event
2026-07-17 00:41:01,119 WARNING clinical_reasoning.services.engine: No ACTIVE rules matched for patient NR2 � 
differential will be empty. Ensure KnowledgeBase entries have ACTIVE status.
2026-07-17 00:41:01,125 INFO clinical_reasoning.event_handlers: Recomputed profile for patient NR2 after 
lab_result.created
2026-07-17 00:41:01,134 INFO clinical_reasoning.event_handlers: Recomputed outcome for patient NR2 after lab event
2026-07-17 00:41:01,139 WARNING clinical_reasoning.services.engine: No ACTIVE rules matched for patient NR2 � 
differential will be empty. Ensure KnowledgeBase entries have ACTIVE status.
2026-07-17 00:41:01,146 INFO clinical_reasoning.event_handlers: Recomputed profile for patient NR2 after 
lab_result.created
2026-07-17 00:41:01,162 WARNING clinical_reasoning.services.engine: No ACTIVE rules matched for patient NR3 � 
differential will be empty. Ensure KnowledgeBase entries have ACTIVE status.
2026-07-17 00:41:01,168 INFO clinical_reasoning.event_handlers: Recomputed profile for patient NR3 after 
patient.registered
2026-07-17 00:41:01,178 INFO clinical_reasoning.event_handlers: Recomputed outcome for patient NR3 after lab event
2026-07-17 00:41:01,182 WARNING clinical_reasoning.services.engine: No ACTIVE rules matched for patient NR3 � 
differential will be empty. Ensure KnowledgeBase entries have ACTIVE status.
2026-07-17 00:41:01,189 INFO clinical_reasoning.event_handlers: Recomputed profile for patient NR3 after 
lab_result.created
2026-07-17 00:41:01,198 INFO clinical_reasoning.event_handlers: Recomputed outcome for patient NR3 after lab event
2026-07-17 00:41:01,203 WARNING clinical_reasoning.services.engine: No ACTIVE rules matched for patient NR3 � 
differential will be empty. Ensure KnowledgeBase entries have ACTIVE status.
2026-07-17 00:41:01,209 INFO clinical_reasoning.event_handlers: Recomputed profile for patient NR3 after 
lab_result.created
2026-07-17 00:41:01,218 INFO clinical_reasoning.event_handlers: Recomputed outcome for patient NR3 after lab event
2026-07-17 00:41:01,223 WARNING clinical_reasoning.services.engine: No ACTIVE rules matched for patient NR3 � 
differential will be empty. Ensure KnowledgeBase entries have ACTIVE status.
2026-07-17 00:41:01,229 INFO clinical_reasoning.event_handlers: Recomputed profile for patient NR3 after 
lab_result.created
2026-07-17 00:41:01,238 INFO clinical_reasoning.event_handlers: Recomputed outcome for patient NR3 after lab event
2026-07-17 00:41:01,243 WARNING clinical_reasoning.services.engine: No ACTIVE rules matched for patient NR3 � 
differential will be empty. Ensure KnowledgeBase entries have ACTIVE status.
2026-07-17 00:41:01,249 INFO clinical_reasoning.event_handlers: Recomputed profile for patient NR3 after 
lab_result.created
2026-07-17 00:41:01,266 WARNING clinical_reasoning.services.engine: No ACTIVE rules matched for patient NRX � 
differential will be empty. Ensure KnowledgeBase entries have ACTIVE status.
2026-07-17 00:41:01,272 INFO clinical_reasoning.event_handlers: Recomputed profile for patient NRX after 
patient.registered
2026-07-17 00:41:01,282 INFO clinical_reasoning.event_handlers: Recomputed outcome for patient NRX after lab event
2026-07-17 00:41:01,286 WARNING clinical_reasoning.services.engine: No ACTIVE rules matched for patient NRX � 
differential will be empty. Ensure KnowledgeBase entries have ACTIVE status.
2026-07-17 00:41:01,292 INFO clinical_reasoning.event_handlers: Recomputed profile for patient NRX after 
lab_result.created
2026-07-17 00:41:01,301 INFO clinical_reasoning.event_handlers: Recomputed outcome for patient NRX after lab event
2026-07-17 00:41:01,306 WARNING clinical_reasoning.services.engine: No ACTIVE rules matched for patient NRX � 
differential will be empty. Ensure KnowledgeBase entries have ACTIVE status.
2026-07-17 00:41:01,312 INFO clinical_reasoning.event_handlers: Recomputed profile for patient NRX after 
lab_result.created
2026-07-17 00:41:01,322 INFO clinical_reasoning.event_handlers: Recomputed outcome for patient NRX after lab event
2026-07-17 00:41:01,327 WARNING clinical_reasoning.services.engine: No ACTIVE rules matched for patient NRX � 
differential will be empty. Ensure KnowledgeBase entries have ACTIVE status.
2026-07-17 00:41:01,333 INFO clinical_reasoning.event_handlers: Recomputed profile for patient NRX after 
lab_result.created
2026-07-17 00:41:01,342 INFO clinical_reasoning.event_handlers: Recomputed outcome for patient NRX after lab event
2026-07-17 00:41:01,347 WARNING clinical_reasoning.services.engine: No ACTIVE rules matched for patient NRX � 
differential will be empty. Ensure KnowledgeBase entries have ACTIVE status.
2026-07-17 00:41:01,355 INFO clinical_reasoning.event_handlers: Recomputed profile for patient NRX after 
lab_result.created
2026-07-17 00:41:01,364 INFO clinical_reasoning.event_handlers: Recomputed outcome for patient NRX after lab event
2026-07-17 00:41:01,369 WARNING clinical_reasoning.services.engine: No ACTIVE rules matched for patient NRX � 
differential will be empty. Ensure KnowledgeBase entries have ACTIVE status.
2026-07-17 00:41:01,375 INFO clinical_reasoning.event_handlers: Recomputed profile for patient NRX after 
lab_result.created
.2026-07-17 00:41:01,395 WARNING clinical_reasoning.services.engine: No ACTIVE rules matched for patient BGD-00001 � 
differential will be empty. Ensure KnowledgeBase entries have ACTIVE status.
2026-07-17 00:41:01,401 INFO clinical_reasoning.event_handlers: Recomputed profile for patient BGD-00001 after 
patient.registered
2026-07-17 00:41:01,408 WARNING clinical_reasoning.services.engine: No ACTIVE rules matched for patient BGD-00001 � 
differential will be empty. Ensure KnowledgeBase entries have ACTIVE status.
2026-07-17 00:41:01,413 INFO clinical_reasoning.event_handlers: Recomputed profile for patient BGD-00001 after 
encounter.created
2026-07-17 00:41:01,424 INFO clinical_reasoning.event_handlers: Recomputed outcome for patient BGD-00001 after 
clinical event
2026-07-17 00:41:01,429 WARNING clinical_reasoning.services.engine: No ACTIVE rules matched for patient BGD-00001 � 
differential will be empty. Ensure KnowledgeBase entries have ACTIVE status.
2026-07-17 00:41:01,436 INFO clinical_reasoning.event_handlers: Recomputed profile for patient BGD-00001 after 
clinical_assessment.created
.2026-07-17 00:41:01,448 WARNING clinical_reasoning.services.engine: No ACTIVE rules matched for patient BGD-00001 � 
differential will be empty. Ensure KnowledgeBase entries have ACTIVE status.
2026-07-17 00:41:01,454 INFO clinical_reasoning.event_handlers: Recomputed profile for patient BGD-00001 after 
patient.registered
2026-07-17 00:41:01,461 WARNING clinical_reasoning.services.engine: No ACTIVE rules matched for patient BGD-00001 � 
differential will be empty. Ensure KnowledgeBase entries have ACTIVE status.
2026-07-17 00:41:01,467 INFO clinical_reasoning.event_handlers: Recomputed profile for patient BGD-00001 after 
encounter.created
2026-07-17 00:41:01,476 INFO clinical_reasoning.event_handlers: Recomputed outcome for patient BGD-00001 after 
clinical event
2026-07-17 00:41:01,481 WARNING clinical_reasoning.services.engine: No ACTIVE rules matched for patient BGD-00001 � 
differential will be empty. Ensure KnowledgeBase entries have ACTIVE status.
2026-07-17 00:41:01,488 INFO clinical_reasoning.event_handlers: Recomputed profile for patient BGD-00001 after 
clinical_assessment.created
.2026-07-17 00:41:01,495 WARNING clinical_reasoning.services.engine: No ACTIVE rules matched for patient BGD-00001 � 
differential will be empty. Ensure KnowledgeBase entries have ACTIVE status.
2026-07-17 00:41:01,501 INFO clinical_reasoning.event_handlers: Recomputed profile for patient BGD-00001 after 
patient.registered
2026-07-17 00:41:01,508 WARNING clinical_reasoning.services.engine: No ACTIVE rules matched for patient BGD-00001 � 
differential will be empty. Ensure KnowledgeBase entries have ACTIVE status.
2026-07-17 00:41:01,514 INFO clinical_reasoning.event_handlers: Recomputed profile for patient BGD-00001 after 
encounter.created
2026-07-17 00:41:01,523 INFO clinical_reasoning.event_handlers: Recomputed outcome for patient BGD-00001 after 
clinical event
2026-07-17 00:41:01,528 WARNING clinical_reasoning.services.engine: No ACTIVE rules matched for patient BGD-00001 � 
differential will be empty. Ensure KnowledgeBase entries have ACTIVE status.
2026-07-17 00:41:01,534 INFO clinical_reasoning.event_handlers: Recomputed profile for patient BGD-00001 after 
clinical_assessment.created
.2026-07-17 00:41:01,542 WARNING clinical_reasoning.services.engine: No ACTIVE rules matched for patient BGD-00001 � 
differential will be empty. Ensure KnowledgeBase entries have ACTIVE status.
2026-07-17 00:41:01,548 INFO clinical_reasoning.event_handlers: Recomputed profile for patient BGD-00001 after 
patient.registered
2026-07-17 00:41:01,555 WARNING clinical_reasoning.services.engine: No ACTIVE rules matched for patient BGD-00001 � 
differential will be empty. Ensure KnowledgeBase entries have ACTIVE status.
2026-07-17 00:41:01,561 INFO clinical_reasoning.event_handlers: Recomputed profile for patient BGD-00001 after 
encounter.created
2026-07-17 00:41:01,571 INFO clinical_reasoning.event_handlers: Recomputed outcome for patient BGD-00001 after 
clinical event
2026-07-17 00:41:01,576 WARNING clinical_reasoning.services.engine: No ACTIVE rules matched for patient BGD-00001 � 
differential will be empty. Ensure KnowledgeBase entries have ACTIVE status.
2026-07-17 00:41:01,583 INFO clinical_reasoning.event_handlers: Recomputed profile for patient BGD-00001 after 
clinical_assessment.created
.2026-07-17 00:41:01,590 WARNING clinical_reasoning.services.engine: No ACTIVE rules matched for patient BGD-00001 � 
differential will be empty. Ensure KnowledgeBase entries have ACTIVE status.
2026-07-17 00:41:01,596 INFO clinical_reasoning.event_handlers: Recomputed profile for patient BGD-00001 after 
patient.registered
2026-07-17 00:41:01,603 WARNING clinical_reasoning.services.engine: No ACTIVE rules matched for patient BGD-00001 � 
differential will be empty. Ensure KnowledgeBase entries have ACTIVE status.
2026-07-17 00:41:01,609 INFO clinical_reasoning.event_handlers: Recomputed profile for patient BGD-00001 after 
encounter.created
2026-07-17 00:41:01,619 INFO clinical_reasoning.event_handlers: Recomputed outcome for patient BGD-00001 after 
clinical event
2026-07-17 00:41:01,624 WARNING clinical_reasoning.services.engine: No ACTIVE rules matched for patient BGD-00001 � 
differential will be empty. Ensure KnowledgeBase entries have ACTIVE status.
2026-07-17 00:41:01,630 INFO clinical_reasoning.event_handlers: Recomputed profile for patient BGD-00001 after 
clinical_assessment.created
.2026-07-17 00:41:01,638 WARNING clinical_reasoning.services.engine: No ACTIVE rules matched for patient BGD-00001 � 
differential will be empty. Ensure KnowledgeBase entries have ACTIVE status.
2026-07-17 00:41:01,644 INFO clinical_reasoning.event_handlers: Recomputed profile for patient BGD-00001 after 
patient.registered
2026-07-17 00:41:01,651 WARNING clinical_reasoning.services.engine: No ACTIVE rules matched for patient BGD-00001 � 
differential will be empty. Ensure KnowledgeBase entries have ACTIVE status.
2026-07-17 00:41:01,658 INFO clinical_reasoning.event_handlers: Recomputed profile for patient BGD-00001 after 
encounter.created
2026-07-17 00:41:01,668 INFO clinical_reasoning.event_handlers: Recomputed outcome for patient BGD-00001 after 
clinical event
2026-07-17 00:41:01,673 WARNING clinical_reasoning.services.engine: No ACTIVE rules matched for patient BGD-00001 � 
differential will be empty. Ensure KnowledgeBase entries have ACTIVE status.
2026-07-17 00:41:01,679 INFO clinical_reasoning.event_handlers: Recomputed profile for patient BGD-00001 after 
clinical_assessment.created
.2026-07-17 00:41:01,687 WARNING clinical_reasoning.services.engine: No ACTIVE rules matched for patient BGD-00001 � 
differential will be empty. Ensure KnowledgeBase entries have ACTIVE status.
2026-07-17 00:41:01,693 INFO clinical_reasoning.event_handlers: Recomputed profile for patient BGD-00001 after 
patient.registered
2026-07-17 00:41:01,700 WARNING clinical_reasoning.services.engine: No ACTIVE rules matched for patient BGD-00001 � 
differential will be empty. Ensure KnowledgeBase entries have ACTIVE status.
2026-07-17 00:41:01,706 INFO clinical_reasoning.event_handlers: Recomputed profile for patient BGD-00001 after 
encounter.created
2026-07-17 00:41:01,715 INFO clinical_reasoning.event_handlers: Recomputed outcome for patient BGD-00001 after 
clinical event
2026-07-17 00:41:01,721 WARNING clinical_reasoning.services.engine: No ACTIVE rules matched for patient BGD-00001 � 
differential will be empty. Ensure KnowledgeBase entries have ACTIVE status.
2026-07-17 00:41:01,727 INFO clinical_reasoning.event_handlers: Recomputed profile for patient BGD-00001 after 
clinical_assessment.created
2026-07-17 00:41:01,736 INFO clinical_reasoning.event_handlers: Recomputed outcome for patient BGD-00001 after 
clinical event
2026-07-17 00:41:01,742 WARNING clinical_reasoning.services.engine: No ACTIVE rules matched for patient BGD-00001 � 
differential will be empty. Ensure KnowledgeBase entries have ACTIVE status.
2026-07-17 00:41:01,748 INFO clinical_reasoning.event_handlers: Recomputed profile for patient BGD-00001 after 
clinical_assessment.created
2026-07-17 00:41:01,758 INFO clinical_reasoning.event_handlers: Recomputed outcome for patient BGD-00001 after 
clinical event
2026-07-17 00:41:01,764 WARNING clinical_reasoning.services.engine: No ACTIVE rules matched for patient BGD-00001 � 
differential will be empty. Ensure KnowledgeBase entries have ACTIVE status.
2026-07-17 00:41:01,770 INFO clinical_reasoning.event_handlers: Recomputed profile for patient BGD-00001 after 
clinical_assessment.created
2026-07-17 00:41:01,780 INFO clinical_reasoning.event_handlers: Recomputed outcome for patient BGD-00001 after 
clinical event
2026-07-17 00:41:01,786 WARNING clinical_reasoning.services.engine: No ACTIVE rules matched for patient BGD-00001 � 
differential will be empty. Ensure KnowledgeBase entries have ACTIVE status.
2026-07-17 00:41:01,792 INFO clinical_reasoning.event_handlers: Recomputed profile for patient BGD-00001 after 
clinical_assessment.created
.2026-07-17 00:41:01,799 WARNING clinical_reasoning.services.engine: No ACTIVE rules matched for patient BGD-00001 � 
differential will be empty. Ensure KnowledgeBase entries have ACTIVE status.
2026-07-17 00:41:01,806 INFO clinical_reasoning.event_handlers: Recomputed profile for patient BGD-00001 after 
patient.registered
2026-07-17 00:41:01,812 WARNING clinical_reasoning.services.engine: No ACTIVE rules matched for patient BGD-00001 � 
differential will be empty. Ensure KnowledgeBase entries have ACTIVE status.
2026-07-17 00:41:01,818 INFO clinical_reasoning.event_handlers: Recomputed profile for patient BGD-00001 after 
encounter.created
.2026-07-17 00:41:01,830 WARNING clinical_reasoning.services.engine: No ACTIVE rules matched for patient BGD-00001 � 
differential will be empty. Ensure KnowledgeBase entries have ACTIVE status.
2026-07-17 00:41:01,836 INFO clinical_reasoning.event_handlers: Recomputed profile for patient BGD-00001 after 
patient.registered
2026-07-17 00:41:01,843 WARNING clinical_reasoning.services.engine: No ACTIVE rules matched for patient BGD-00001 � 
differential will be empty. Ensure KnowledgeBase entries have ACTIVE status.
2026-07-17 00:41:01,849 INFO clinical_reasoning.event_handlers: Recomputed profile for patient BGD-00001 after 
encounter.created
.2026-07-17 00:41:01,856 WARNING clinical_reasoning.services.engine: No ACTIVE rules matched for patient BGD-00001 � 
differential will be empty. Ensure KnowledgeBase entries have ACTIVE status.
2026-07-17 00:41:01,863 INFO clinical_reasoning.event_handlers: Recomputed profile for patient BGD-00001 after 
patient.registered
2026-07-17 00:41:01,869 WARNING clinical_reasoning.services.engine: No ACTIVE rules matched for patient BGD-00001 � 
differential will be empty. Ensure KnowledgeBase entries have ACTIVE status.
2026-07-17 00:41:01,876 INFO clinical_reasoning.event_handlers: Recomputed profile for patient BGD-00001 after 
encounter.created
.2026-07-17 00:41:01,884 WARNING clinical_reasoning.services.engine: No ACTIVE rules matched for patient BGD-00001 � 
differential will be empty. Ensure KnowledgeBase entries have ACTIVE status.
2026-07-17 00:41:01,890 INFO clinical_reasoning.event_handlers: Recomputed profile for patient BGD-00001 after 
patient.registered
2026-07-17 00:41:01,896 WARNING clinical_reasoning.services.engine: No ACTIVE rules matched for patient BGD-00001 � 
differential will be empty. Ensure KnowledgeBase entries have ACTIVE status.
2026-07-17 00:41:01,902 INFO clinical_reasoning.event_handlers: Recomputed profile for patient BGD-00001 after 
encounter.created
.2026-07-17 00:41:01,910 WARNING clinical_reasoning.services.engine: No ACTIVE rules matched for patient BGD-00001 � 
differential will be empty. Ensure KnowledgeBase entries have ACTIVE status.
2026-07-17 00:41:01,916 INFO clinical_reasoning.event_handlers: Recomputed profile for patient BGD-00001 after 
patient.registered
2026-07-17 00:41:01,922 WARNING clinical_reasoning.services.engine: No ACTIVE rules matched for patient BGD-00001 � 
differential will be empty. Ensure KnowledgeBase entries have ACTIVE status.
2026-07-17 00:41:01,928 INFO clinical_reasoning.event_handlers: Recomputed profile for patient BGD-00001 after 
encounter.created
.2026-07-17 00:41:01,936 WARNING clinical_reasoning.services.engine: No ACTIVE rules matched for patient BGD-00001 � 
differential will be empty. Ensure KnowledgeBase entries have ACTIVE status.
2026-07-17 00:41:01,942 INFO clinical_reasoning.event_handlers: Recomputed profile for patient BGD-00001 after 
patient.registered
2026-07-17 00:41:01,949 WARNING clinical_reasoning.services.engine: No ACTIVE rules matched for patient BGD-00001 � 
differential will be empty. Ensure KnowledgeBase entries have ACTIVE status.
2026-07-17 00:41:01,955 INFO clinical_reasoning.event_handlers: Recomputed profile for patient BGD-00001 after 
encounter.created
.2026-07-17 00:41:01,983 WARNING clinical_reasoning.services.engine: No ACTIVE rules matched for patient EXP-1 � 
differential will be empty. Ensure KnowledgeBase entries have ACTIVE status.
2026-07-17 00:41:01,989 INFO clinical_reasoning.event_handlers: Recomputed profile for patient EXP-1 after 
patient.registered
2026-07-17 00:41:01,999 INFO clinical_reasoning.event_handlers: Recomputed outcome for patient EXP-1 after lab event
2026-07-17 00:41:02,004 WARNING clinical_reasoning.services.engine: No ACTIVE rules matched for patient EXP-1 � 
differential will be empty. Ensure KnowledgeBase entries have ACTIVE status.
2026-07-17 00:41:02,010 INFO clinical_reasoning.event_handlers: Recomputed profile for patient EXP-1 after 
lab_result.created
2026-07-17 00:41:02,020 INFO clinical_reasoning.event_handlers: Recomputed outcome for patient EXP-1 after lab event
2026-07-17 00:41:02,024 WARNING clinical_reasoning.services.engine: No ACTIVE rules matched for patient EXP-1 � 
differential will be empty. Ensure KnowledgeBase entries have ACTIVE status.
2026-07-17 00:41:02,030 INFO clinical_reasoning.event_handlers: Recomputed profile for patient EXP-1 after 
lab_result.created
2026-07-17 00:41:02,038 WARNING clinical_reasoning.services.engine: No ACTIVE rules matched for patient EXP-1 � 
differential will be empty. Ensure KnowledgeBase entries have ACTIVE status.
2026-07-17 00:41:02,044 INFO clinical_reasoning.event_handlers: Recomputed profile for patient EXP-1 after 
patient.updated
2026-07-17 00:41:02,050 WARNING clinical_reasoning.services.engine: No ACTIVE rules matched for patient EXP-1 � 
differential will be empty. Ensure KnowledgeBase entries have ACTIVE status.
2026-07-17 00:41:02,056 INFO clinical_reasoning.event_handlers: Recomputed profile for patient EXP-1 after 
treatment_exposure.created
..2026-07-17 00:41:02,079 WARNING clinical_reasoning.services.engine: No ACTIVE rules matched for patient EXP-1 � 
differential will be empty. Ensure KnowledgeBase entries have ACTIVE status.
2026-07-17 00:41:02,086 INFO clinical_reasoning.event_handlers: Recomputed profile for patient EXP-1 after 
patient.registered
2026-07-17 00:41:02,096 INFO clinical_reasoning.event_handlers: Recomputed outcome for patient EXP-1 after lab event
2026-07-17 00:41:02,101 WARNING clinical_reasoning.services.engine: No ACTIVE rules matched for patient EXP-1 � 
differential will be empty. Ensure KnowledgeBase entries have ACTIVE status.
2026-07-17 00:41:02,107 INFO clinical_reasoning.event_handlers: Recomputed profile for patient EXP-1 after 
lab_result.created
2026-07-17 00:41:02,117 INFO clinical_reasoning.event_handlers: Recomputed outcome for patient EXP-1 after lab event
2026-07-17 00:41:02,121 WARNING clinical_reasoning.services.engine: No ACTIVE rules matched for patient EXP-1 � 
differential will be empty. Ensure KnowledgeBase entries have ACTIVE status.
2026-07-17 00:41:02,128 INFO clinical_reasoning.event_handlers: Recomputed profile for patient EXP-1 after 
lab_result.created
2026-07-17 00:41:02,136 WARNING clinical_reasoning.services.engine: No ACTIVE rules matched for patient EXP-1 � 
differential will be empty. Ensure KnowledgeBase entries have ACTIVE status.
2026-07-17 00:41:02,142 INFO clinical_reasoning.event_handlers: Recomputed profile for patient EXP-1 after 
patient.updated
2026-07-17 00:41:02,148 WARNING clinical_reasoning.services.engine: No ACTIVE rules matched for patient EXP-1 � 
differential will be empty. Ensure KnowledgeBase entries have ACTIVE status.
2026-07-17 00:41:02,154 INFO clinical_reasoning.event_handlers: Recomputed profile for patient EXP-1 after 
treatment_exposure.created
.2026-07-17 00:41:02,175 WARNING clinical_reasoning.services.engine: No ACTIVE rules matched for patient EXP-1 � 
differential will be empty. Ensure KnowledgeBase entries have ACTIVE status.
2026-07-17 00:41:02,182 INFO clinical_reasoning.event_handlers: Recomputed profile for patient EXP-1 after 
patient.registered
2026-07-17 00:41:02,192 INFO clinical_reasoning.event_handlers: Recomputed outcome for patient EXP-1 after lab event
2026-07-17 00:41:02,197 WARNING clinical_reasoning.services.engine: No ACTIVE rules matched for patient EXP-1 � 
differential will be empty. Ensure KnowledgeBase entries have ACTIVE status.
2026-07-17 00:41:02,203 INFO clinical_reasoning.event_handlers: Recomputed profile for patient EXP-1 after 
lab_result.created
2026-07-17 00:41:02,213 INFO clinical_reasoning.event_handlers: Recomputed outcome for patient EXP-1 after lab event
2026-07-17 00:41:02,217 WARNING clinical_reasoning.services.engine: No ACTIVE rules matched for patient EXP-1 � 
differential will be empty. Ensure KnowledgeBase entries have ACTIVE status.
2026-07-17 00:41:02,224 INFO clinical_reasoning.event_handlers: Recomputed profile for patient EXP-1 after 
lab_result.created
2026-07-17 00:41:02,231 WARNING clinical_reasoning.services.engine: No ACTIVE rules matched for patient EXP-1 � 
differential will be empty. Ensure KnowledgeBase entries have ACTIVE status.
2026-07-17 00:41:02,237 INFO clinical_reasoning.event_handlers: Recomputed profile for patient EXP-1 after 
patient.updated
2026-07-17 00:41:02,244 WARNING clinical_reasoning.services.engine: No ACTIVE rules matched for patient EXP-1 � 
differential will be empty. Ensure KnowledgeBase entries have ACTIVE status.
2026-07-17 00:41:02,250 INFO clinical_reasoning.event_handlers: Recomputed profile for patient EXP-1 after 
treatment_exposure.created
.2026-07-17 00:41:02,272 WARNING clinical_reasoning.services.engine: No ACTIVE rules matched for patient EXP-1 � 
differential will be empty. Ensure KnowledgeBase entries have ACTIVE status.
2026-07-17 00:41:02,279 INFO clinical_reasoning.event_handlers: Recomputed profile for patient EXP-1 after 
patient.registered
2026-07-17 00:41:02,289 INFO clinical_reasoning.event_handlers: Recomputed outcome for patient EXP-1 after lab event
2026-07-17 00:41:02,294 WARNING clinical_reasoning.services.engine: No ACTIVE rules matched for patient EXP-1 � 
differential will be empty. Ensure KnowledgeBase entries have ACTIVE status.
2026-07-17 00:41:02,300 INFO clinical_reasoning.event_handlers: Recomputed profile for patient EXP-1 after 
lab_result.created
2026-07-17 00:41:02,309 INFO clinical_reasoning.event_handlers: Recomputed outcome for patient EXP-1 after lab event
2026-07-17 00:41:02,315 WARNING clinical_reasoning.services.engine: No ACTIVE rules matched for patient EXP-1 � 
differential will be empty. Ensure KnowledgeBase entries have ACTIVE status.
2026-07-17 00:41:02,321 INFO clinical_reasoning.event_handlers: Recomputed profile for patient EXP-1 after 
lab_result.created
2026-07-17 00:41:02,329 WARNING clinical_reasoning.services.engine: No ACTIVE rules matched for patient EXP-1 � 
differential will be empty. Ensure KnowledgeBase entries have ACTIVE status.
2026-07-17 00:41:02,334 INFO clinical_reasoning.event_handlers: Recomputed profile for patient EXP-1 after 
patient.updated
2026-07-17 00:41:02,341 WARNING clinical_reasoning.services.engine: No ACTIVE rules matched for patient EXP-1 � 
differential will be empty. Ensure KnowledgeBase entries have ACTIVE status.
2026-07-17 00:41:02,347 INFO clinical_reasoning.event_handlers: Recomputed profile for patient EXP-1 after 
treatment_exposure.created
.2026-07-17 00:41:02,843 WARNING clinical_reasoning.services.engine: No ACTIVE rules matched for patient EXP-1 � 
differential will be empty. Ensure KnowledgeBase entries have ACTIVE status.
2026-07-17 00:41:02,850 INFO clinical_reasoning.event_handlers: Recomputed profile for patient EXP-1 after 
patient.registered
2026-07-17 00:41:02,860 INFO clinical_reasoning.event_handlers: Recomputed outcome for patient EXP-1 after lab event
2026-07-17 00:41:02,866 WARNING clinical_reasoning.services.engine: No ACTIVE rules matched for patient EXP-1 � 
differential will be empty. Ensure KnowledgeBase entries have ACTIVE status.
2026-07-17 00:41:02,872 INFO clinical_reasoning.event_handlers: Recomputed profile for patient EXP-1 after 
lab_result.created
2026-07-17 00:41:02,881 INFO clinical_reasoning.event_handlers: Recomputed outcome for patient EXP-1 after lab event
2026-07-17 00:41:02,886 WARNING clinical_reasoning.services.engine: No ACTIVE rules matched for patient EXP-1 � 
differential will be empty. Ensure KnowledgeBase entries have ACTIVE status.
2026-07-17 00:41:02,893 INFO clinical_reasoning.event_handlers: Recomputed profile for patient EXP-1 after 
lab_result.created
2026-07-17 00:41:02,900 WARNING clinical_reasoning.services.engine: No ACTIVE rules matched for patient EXP-1 � 
differential will be empty. Ensure KnowledgeBase entries have ACTIVE status.
2026-07-17 00:41:02,906 INFO clinical_reasoning.event_handlers: Recomputed profile for patient EXP-1 after 
patient.updated
2026-07-17 00:41:02,913 WARNING clinical_reasoning.services.engine: No ACTIVE rules matched for patient EXP-1 � 
differential will be empty. Ensure KnowledgeBase entries have ACTIVE status.
2026-07-17 00:41:02,918 INFO clinical_reasoning.event_handlers: Recomputed profile for patient EXP-1 after 
treatment_exposure.created
.2026-07-17 00:41:03,052 WARNING clinical_reasoning.services.engine: No ACTIVE rules matched for patient EXP-1 � 
differential will be empty. Ensure KnowledgeBase entries have ACTIVE status.
2026-07-17 00:41:03,059 INFO clinical_reasoning.event_handlers: Recomputed profile for patient EXP-1 after 
patient.registered
2026-07-17 00:41:03,069 INFO clinical_reasoning.event_handlers: Recomputed outcome for patient EXP-1 after lab event
2026-07-17 00:41:03,074 WARNING clinical_reasoning.services.engine: No ACTIVE rules matched for patient EXP-1 � 
differential will be empty. Ensure KnowledgeBase entries have ACTIVE status.
2026-07-17 00:41:03,080 INFO clinical_reasoning.event_handlers: Recomputed profile for patient EXP-1 after 
lab_result.created
2026-07-17 00:41:03,089 INFO clinical_reasoning.event_handlers: Recomputed outcome for patient EXP-1 after lab event
2026-07-17 00:41:03,094 WARNING clinical_reasoning.services.engine: No ACTIVE rules matched for patient EXP-1 � 
differential will be empty. Ensure KnowledgeBase entries have ACTIVE status.
2026-07-17 00:41:03,100 INFO clinical_reasoning.event_handlers: Recomputed profile for patient EXP-1 after 
lab_result.created
2026-07-17 00:41:03,108 WARNING clinical_reasoning.services.engine: No ACTIVE rules matched for patient EXP-1 � 
differential will be empty. Ensure KnowledgeBase entries have ACTIVE status.
2026-07-17 00:41:03,114 INFO clinical_reasoning.event_handlers: Recomputed profile for patient EXP-1 after 
patient.updated
2026-07-17 00:41:03,120 WARNING clinical_reasoning.services.engine: No ACTIVE rules matched for patient EXP-1 � 
differential will be empty. Ensure KnowledgeBase entries have ACTIVE status.
2026-07-17 00:41:03,126 INFO clinical_reasoning.event_handlers: Recomputed profile for patient EXP-1 after 
treatment_exposure.created
.2026-07-17 00:41:03,971 WARNING clinical_reasoning.services.engine: No ACTIVE rules matched for patient EXP-1 � 
differential will be empty. Ensure KnowledgeBase entries have ACTIVE status.
2026-07-17 00:41:03,978 INFO clinical_reasoning.event_handlers: Recomputed profile for patient EXP-1 after 
patient.registered
2026-07-17 00:41:03,991 INFO clinical_reasoning.event_handlers: Recomputed outcome for patient EXP-1 after lab event
2026-07-17 00:41:03,996 WARNING clinical_reasoning.services.engine: No ACTIVE rules matched for patient EXP-1 � 
differential will be empty. Ensure KnowledgeBase entries have ACTIVE status.
2026-07-17 00:41:04,003 INFO clinical_reasoning.event_handlers: Recomputed profile for patient EXP-1 after 
lab_result.created
2026-07-17 00:41:04,012 INFO clinical_reasoning.event_handlers: Recomputed outcome for patient EXP-1 after lab event
2026-07-17 00:41:04,017 WARNING clinical_reasoning.services.engine: No ACTIVE rules matched for patient EXP-1 � 
differential will be empty. Ensure KnowledgeBase entries have ACTIVE status.
2026-07-17 00:41:04,023 INFO clinical_reasoning.event_handlers: Recomputed profile for patient EXP-1 after 
lab_result.created
2026-07-17 00:41:04,031 WARNING clinical_reasoning.services.engine: No ACTIVE rules matched for patient EXP-1 � 
differential will be empty. Ensure KnowledgeBase entries have ACTIVE status.
2026-07-17 00:41:04,038 INFO clinical_reasoning.event_handlers: Recomputed profile for patient EXP-1 after 
patient.updated
2026-07-17 00:41:04,044 WARNING clinical_reasoning.services.engine: No ACTIVE rules matched for patient EXP-1 � 
differential will be empty. Ensure KnowledgeBase entries have ACTIVE status.
2026-07-17 00:41:04,050 INFO clinical_reasoning.event_handlers: Recomputed profile for patient EXP-1 after 
treatment_exposure.created
.2026-07-17 00:41:04,884 WARNING clinical_reasoning.services.engine: No ACTIVE rules matched for patient EXP-1 � 
differential will be empty. Ensure KnowledgeBase entries have ACTIVE status.
2026-07-17 00:41:04,891 INFO clinical_reasoning.event_handlers: Recomputed profile for patient EXP-1 after 
patient.registered
2026-07-17 00:41:04,900 INFO clinical_reasoning.event_handlers: Recomputed outcome for patient EXP-1 after lab event
2026-07-17 00:41:04,905 WARNING clinical_reasoning.services.engine: No ACTIVE rules matched for patient EXP-1 � 
differential will be empty. Ensure KnowledgeBase entries have ACTIVE status.
2026-07-17 00:41:04,912 INFO clinical_reasoning.event_handlers: Recomputed profile for patient EXP-1 after 
lab_result.created
2026-07-17 00:41:04,923 INFO clinical_reasoning.event_handlers: Recomputed outcome for patient EXP-1 after lab event
2026-07-17 00:41:04,927 WARNING clinical_reasoning.services.engine: No ACTIVE rules matched for patient EXP-1 � 
differential will be empty. Ensure KnowledgeBase entries have ACTIVE status.
2026-07-17 00:41:04,934 INFO clinical_reasoning.event_handlers: Recomputed profile for patient EXP-1 after 
lab_result.created
2026-07-17 00:41:04,941 WARNING clinical_reasoning.services.engine: No ACTIVE rules matched for patient EXP-1 � 
differential will be empty. Ensure KnowledgeBase entries have ACTIVE status.
2026-07-17 00:41:04,947 INFO clinical_reasoning.event_handlers: Recomputed profile for patient EXP-1 after 
patient.updated
2026-07-17 00:41:04,953 WARNING clinical_reasoning.services.engine: No ACTIVE rules matched for patient EXP-1 � 
differential will be empty. Ensure KnowledgeBase entries have ACTIVE status.
2026-07-17 00:41:04,959 INFO clinical_reasoning.event_handlers: Recomputed profile for patient EXP-1 after 
treatment_exposure.created
......................2026-07-17 00:41:30,870 WARNING clinical_reasoning.services.engine: No ACTIVE rules matched for 
patient D1 � differential will be empty. Ensure KnowledgeBase entries have ACTIVE status.
2026-07-17 00:41:30,908 INFO followup.services.engine: Follow-up plan for D1: protocol=general risk=low interval=180d 
next_visit=2027-01-12
2026-07-17 00:41:30,914 INFO followup.services.engine: Cancelled 6 stale tasks for D1
2026-07-17 00:41:30,921 INFO followup.services.engine: Follow-up plan for D1: protocol=general risk=low interval=180d 
next_visit=2027-01-12
2026-07-17 00:41:30,923 INFO clinical_reasoning.event_handlers: Recomputed profile for patient D1 after 
patient.registered
2026-07-17 00:41:30,928 INFO followup.services.engine: Cancelled 6 stale tasks for D1
2026-07-17 00:41:30,935 INFO followup.services.engine: Follow-up plan for D1: protocol=general risk=low interval=180d 
next_visit=2027-01-12
2026-07-17 00:41:30,936 INFO followup.event_handlers: Follow-up plan recomputed for D1 after patient.registered
.2026-07-17 00:41:30,951 WARNING clinical_reasoning.services.engine: No ACTIVE rules matched for patient D1 � 
differential will be empty. Ensure KnowledgeBase entries have ACTIVE status.
2026-07-17 00:41:30,966 INFO followup.services.engine: Follow-up plan for D1: protocol=general risk=low interval=180d 
next_visit=2027-01-12
2026-07-17 00:41:30,972 INFO followup.services.engine: Cancelled 6 stale tasks for D1
2026-07-17 00:41:30,979 INFO followup.services.engine: Follow-up plan for D1: protocol=general risk=low interval=180d 
next_visit=2027-01-12
2026-07-17 00:41:30,980 INFO clinical_reasoning.event_handlers: Recomputed profile for patient D1 after 
patient.registered
2026-07-17 00:41:30,985 INFO followup.services.engine: Cancelled 6 stale tasks for D1
2026-07-17 00:41:30,993 INFO followup.services.engine: Follow-up plan for D1: protocol=general risk=low interval=180d 
next_visit=2027-01-12
2026-07-17 00:41:30,993 INFO followup.event_handlers: Follow-up plan recomputed for D1 after patient.registered
.2026-07-17 00:41:31,763 WARNING clinical_reasoning.services.engine: No ACTIVE rules matched for patient INT1 � 
differential will be empty. Ensure KnowledgeBase entries have ACTIVE status.
2026-07-17 00:41:31,780 INFO followup.services.engine: Follow-up plan for INT1: protocol=general risk=low 
interval=180d next_visit=2027-01-12
2026-07-17 00:41:31,785 INFO followup.services.engine: Cancelled 6 stale tasks for INT1
2026-07-17 00:41:31,793 INFO followup.services.engine: Follow-up plan for INT1: protocol=general risk=low 
interval=180d next_visit=2027-01-12
2026-07-17 00:41:31,794 INFO clinical_reasoning.event_handlers: Recomputed profile for patient INT1 after 
patient.registered
2026-07-17 00:41:31,799 INFO followup.services.engine: Cancelled 6 stale tasks for INT1
2026-07-17 00:41:31,806 INFO followup.services.engine: Follow-up plan for INT1: protocol=general risk=low 
interval=180d next_visit=2027-01-12
2026-07-17 00:41:31,807 INFO followup.event_handlers: Follow-up plan recomputed for INT1 after patient.registered
2026-07-17 00:41:31,812 INFO followup.services.engine: Cancelled 6 stale tasks for INT1
2026-07-17 00:41:31,820 INFO followup.services.engine: Follow-up plan for INT1: protocol=general risk=low 
interval=180d next_visit=2027-01-12
.2026-07-17 00:41:32,560 WARNING clinical_reasoning.services.engine: No ACTIVE rules matched for patient INT1 � 
differential will be empty. Ensure KnowledgeBase entries have ACTIVE status.
2026-07-17 00:41:32,575 INFO followup.services.engine: Follow-up plan for INT1: protocol=general risk=low 
interval=180d next_visit=2027-01-12
2026-07-17 00:41:32,580 INFO followup.services.engine: Cancelled 6 stale tasks for INT1
2026-07-17 00:41:32,587 INFO followup.services.engine: Follow-up plan for INT1: protocol=general risk=low 
interval=180d next_visit=2027-01-12
2026-07-17 00:41:32,588 INFO clinical_reasoning.event_handlers: Recomputed profile for patient INT1 after 
patient.registered
2026-07-17 00:41:32,593 INFO followup.services.engine: Cancelled 6 stale tasks for INT1
2026-07-17 00:41:32,599 INFO followup.services.engine: Follow-up plan for INT1: protocol=general risk=low 
interval=180d next_visit=2027-01-12
2026-07-17 00:41:32,600 INFO followup.event_handlers: Follow-up plan recomputed for INT1 after patient.registered
2026-07-17 00:41:32,604 INFO followup.services.engine: Cancelled 6 stale tasks for INT1
2026-07-17 00:41:32,611 INFO followup.services.engine: Follow-up plan for INT1: protocol=general risk=low 
interval=180d next_visit=2027-01-12
.2026-07-17 00:41:33,324 WARNING clinical_reasoning.services.engine: No ACTIVE rules matched for patient INT1 � 
differential will be empty. Ensure KnowledgeBase entries have ACTIVE status.
2026-07-17 00:41:33,339 INFO followup.services.engine: Follow-up plan for INT1: protocol=general risk=low 
interval=180d next_visit=2027-01-12
2026-07-17 00:41:33,344 INFO followup.services.engine: Cancelled 6 stale tasks for INT1
2026-07-17 00:41:33,351 INFO followup.services.engine: Follow-up plan for INT1: protocol=general risk=low 
interval=180d next_visit=2027-01-12
2026-07-17 00:41:33,353 INFO clinical_reasoning.event_handlers: Recomputed profile for patient INT1 after 
patient.registered
2026-07-17 00:41:33,357 INFO followup.services.engine: Cancelled 6 stale tasks for INT1
2026-07-17 00:41:33,364 INFO followup.services.engine: Follow-up plan for INT1: protocol=general risk=low 
interval=180d next_visit=2027-01-12
2026-07-17 00:41:33,365 INFO followup.event_handlers: Follow-up plan recomputed for INT1 after patient.registered
2026-07-17 00:41:33,371 WARNING clinical_reasoning.services.engine: No ACTIVE rules matched for patient INT2 � 
differential will be empty. Ensure KnowledgeBase entries have ACTIVE status.
2026-07-17 00:41:33,385 INFO followup.services.engine: Follow-up plan for INT2: protocol=general risk=low 
interval=180d next_visit=2027-01-12
2026-07-17 00:41:33,391 INFO followup.services.engine: Cancelled 6 stale tasks for INT2
2026-07-17 00:41:33,397 INFO followup.services.engine: Follow-up plan for INT2: protocol=general risk=low 
interval=180d next_visit=2027-01-12
2026-07-17 00:41:33,399 INFO clinical_reasoning.event_handlers: Recomputed profile for patient INT2 after 
patient.registered
2026-07-17 00:41:33,403 INFO followup.services.engine: Cancelled 6 stale tasks for INT2
2026-07-17 00:41:33,410 INFO followup.services.engine: Follow-up plan for INT2: protocol=general risk=low 
interval=180d next_visit=2027-01-12
2026-07-17 00:41:33,410 INFO followup.event_handlers: Follow-up plan recomputed for INT2 after patient.registered
2026-07-17 00:41:33,415 INFO followup.services.engine: Cancelled 6 stale tasks for INT2
2026-07-17 00:41:33,422 INFO followup.services.engine: Follow-up plan for INT2: protocol=general risk=low 
interval=180d next_visit=2027-01-12
.2026-07-17 00:41:33,429 WARNING clinical_reasoning.services.engine: No ACTIVE rules matched for patient E1 � 
differential will be empty. Ensure KnowledgeBase entries have ACTIVE status.
2026-07-17 00:41:33,443 INFO followup.services.engine: Follow-up plan for E1: protocol=general risk=low interval=180d 
next_visit=2027-01-12
2026-07-17 00:41:33,449 INFO followup.services.engine: Cancelled 6 stale tasks for E1
2026-07-17 00:41:33,456 INFO followup.services.engine: Follow-up plan for E1: protocol=general risk=low interval=180d 
next_visit=2027-01-12
2026-07-17 00:41:33,457 INFO clinical_reasoning.event_handlers: Recomputed profile for patient E1 after 
patient.registered
2026-07-17 00:41:33,462 INFO followup.services.engine: Cancelled 6 stale tasks for E1
2026-07-17 00:41:33,471 INFO followup.services.engine: Follow-up plan for E1: protocol=general risk=low interval=180d 
next_visit=2027-01-12
2026-07-17 00:41:33,472 INFO followup.event_handlers: Follow-up plan recomputed for E1 after patient.registered
2026-07-17 00:41:33,473 WARNING followup.services.escalation: ESCALATION level 2: visit_due task 19 for E1 (20 days 
overdue)
2026-07-17 00:41:33,474 INFO followup.services.escalation: Escalated 1 overdue tasks
.2026-07-17 00:41:33,480 WARNING clinical_reasoning.services.engine: No ACTIVE rules matched for patient E1 � 
differential will be empty. Ensure KnowledgeBase entries have ACTIVE status.
2026-07-17 00:41:33,495 INFO followup.services.engine: Follow-up plan for E1: protocol=general risk=low interval=180d 
next_visit=2027-01-12
2026-07-17 00:41:33,500 INFO followup.services.engine: Cancelled 6 stale tasks for E1
2026-07-17 00:41:33,507 INFO followup.services.engine: Follow-up plan for E1: protocol=general risk=low interval=180d 
next_visit=2027-01-12
2026-07-17 00:41:33,508 INFO clinical_reasoning.event_handlers: Recomputed profile for patient E1 after 
patient.registered
2026-07-17 00:41:33,513 INFO followup.services.engine: Cancelled 6 stale tasks for E1
2026-07-17 00:41:33,520 INFO followup.services.engine: Follow-up plan for E1: protocol=general risk=low interval=180d 
next_visit=2027-01-12
2026-07-17 00:41:33,520 INFO followup.event_handlers: Follow-up plan recomputed for E1 after patient.registered
.2026-07-17 00:41:33,528 WARNING clinical_reasoning.services.engine: No ACTIVE rules matched for patient E1 � 
differential will be empty. Ensure KnowledgeBase entries have ACTIVE status.
2026-07-17 00:41:33,542 INFO followup.services.engine: Follow-up plan for E1: protocol=general risk=low interval=180d 
next_visit=2027-01-12
2026-07-17 00:41:33,547 INFO followup.services.engine: Cancelled 6 stale tasks for E1
2026-07-17 00:41:33,555 INFO followup.services.engine: Follow-up plan for E1: protocol=general risk=low interval=180d 
next_visit=2027-01-12
2026-07-17 00:41:33,556 INFO clinical_reasoning.event_handlers: Recomputed profile for patient E1 after 
patient.registered
2026-07-17 00:41:33,561 INFO followup.services.engine: Cancelled 6 stale tasks for E1
2026-07-17 00:41:33,568 INFO followup.services.engine: Follow-up plan for E1: protocol=general risk=low interval=180d 
next_visit=2027-01-12
2026-07-17 00:41:33,568 INFO followup.event_handlers: Follow-up plan recomputed for E1 after patient.registered
2026-07-17 00:41:33,570 INFO followup.services.escalation: Escalated 1 overdue tasks
.............2026-07-17 00:41:33,580 WARNING clinical_reasoning.services.engine: No ACTIVE rules matched for patient 
T1 � differential will be empty. Ensure KnowledgeBase entries have ACTIVE status.
2026-07-17 00:41:33,586 INFO clinical_reasoning.event_handlers: Recomputed profile for patient T1 after 
patient.registered
.2026-07-17 00:41:33,594 WARNING clinical_reasoning.services.engine: No ACTIVE rules matched for patient R3 � 
differential will be empty. Ensure KnowledgeBase entries have ACTIVE status.
2026-07-17 00:41:33,608 INFO followup.services.engine: Follow-up plan for R3: protocol=general risk=low interval=180d 
next_visit=2027-01-12
2026-07-17 00:41:33,614 INFO followup.services.engine: Cancelled 6 stale tasks for R3
2026-07-17 00:41:33,620 INFO followup.services.engine: Follow-up plan for R3: protocol=general risk=low interval=180d 
next_visit=2027-01-12
2026-07-17 00:41:33,622 INFO clinical_reasoning.event_handlers: Recomputed profile for patient R3 after 
patient.registered
2026-07-17 00:41:33,626 INFO followup.services.engine: Cancelled 6 stale tasks for R3
2026-07-17 00:41:33,633 INFO followup.services.engine: Follow-up plan for R3: protocol=general risk=low interval=180d 
next_visit=2027-01-12
2026-07-17 00:41:33,633 INFO followup.event_handlers: Follow-up plan recomputed for R3 after patient.registered
2026-07-17 00:41:33,638 INFO followup.services.engine: Cancelled 6 stale tasks for R3
2026-07-17 00:41:33,645 INFO followup.services.engine: Follow-up plan for R3: protocol=general risk=high interval=108d 
next_visit=2026-11-01
.2026-07-17 00:41:33,654 WARNING clinical_reasoning.services.engine: No ACTIVE rules matched for patient R1 � 
differential will be empty. Ensure KnowledgeBase entries have ACTIVE status.
2026-07-17 00:41:33,669 INFO followup.services.engine: Follow-up plan for R1: protocol=general risk=low interval=180d 
next_visit=2027-01-12
2026-07-17 00:41:33,675 INFO followup.services.engine: Cancelled 6 stale tasks for R1
2026-07-17 00:41:33,682 INFO followup.services.engine: Follow-up plan for R1: protocol=general risk=low interval=180d 
next_visit=2027-01-12
2026-07-17 00:41:33,683 INFO clinical_reasoning.event_handlers: Recomputed profile for patient R1 after 
patient.registered
2026-07-17 00:41:33,688 INFO followup.services.engine: Cancelled 6 stale tasks for R1
2026-07-17 00:41:33,695 INFO followup.services.engine: Follow-up plan for R1: protocol=general risk=low interval=180d 
next_visit=2027-01-12
2026-07-17 00:41:33,695 INFO followup.event_handlers: Follow-up plan recomputed for R1 after patient.registered
.2026-07-17 00:41:33,704 WARNING clinical_reasoning.services.engine: No ACTIVE rules matched for patient R2 � 
differential will be empty. Ensure KnowledgeBase entries have ACTIVE status.
2026-07-17 00:41:33,720 INFO followup.services.engine: Follow-up plan for R2: protocol=general risk=low interval=180d 
next_visit=2027-01-12
2026-07-17 00:41:33,726 INFO followup.services.engine: Cancelled 6 stale tasks for R2
2026-07-17 00:41:33,733 INFO followup.services.engine: Follow-up plan for R2: protocol=general risk=low interval=180d 
next_visit=2027-01-12
2026-07-17 00:41:33,735 INFO clinical_reasoning.event_handlers: Recomputed profile for patient R2 after 
patient.registered
2026-07-17 00:41:33,741 INFO followup.services.engine: Cancelled 6 stale tasks for R2
2026-07-17 00:41:33,751 INFO followup.services.engine: Follow-up plan for R2: protocol=general risk=low interval=180d 
next_visit=2027-01-12
2026-07-17 00:41:33,752 INFO followup.event_handlers: Follow-up plan recomputed for R2 after patient.registered
.2026-07-17 00:41:34,548 WARNING clinical_reasoning.services.engine: No ACTIVE rules matched for patient TG1 � 
differential will be empty. Ensure KnowledgeBase entries have ACTIVE status.
2026-07-17 00:41:34,564 INFO followup.services.engine: Follow-up plan for TG1: protocol=general risk=low interval=180d 
next_visit=2027-01-12
2026-07-17 00:41:34,569 INFO followup.services.engine: Cancelled 6 stale tasks for TG1
2026-07-17 00:41:34,576 INFO followup.services.engine: Follow-up plan for TG1: protocol=general risk=low interval=180d 
next_visit=2027-01-12
2026-07-17 00:41:34,578 INFO clinical_reasoning.event_handlers: Recomputed profile for patient TG1 after 
patient.registered
2026-07-17 00:41:34,583 INFO followup.services.engine: Cancelled 6 stale tasks for TG1
2026-07-17 00:41:34,590 INFO followup.services.engine: Follow-up plan for TG1: protocol=general risk=low interval=180d 
next_visit=2027-01-12
2026-07-17 00:41:34,590 INFO followup.event_handlers: Follow-up plan recomputed for TG1 after patient.registered
2026-07-17 00:41:34,595 INFO followup.services.engine: Cancelled 6 stale tasks for TG1
2026-07-17 00:41:34,602 INFO followup.services.engine: Follow-up plan for TG1: protocol=general risk=low interval=180d 
next_visit=2027-01-12
.2026-07-17 00:41:35,329 WARNING clinical_reasoning.services.engine: No ACTIVE rules matched for patient TG1 � 
differential will be empty. Ensure KnowledgeBase entries have ACTIVE status.
2026-07-17 00:41:35,344 INFO followup.services.engine: Follow-up plan for TG1: protocol=general risk=low interval=180d 
next_visit=2027-01-12
2026-07-17 00:41:35,349 INFO followup.services.engine: Cancelled 6 stale tasks for TG1
2026-07-17 00:41:35,356 INFO followup.services.engine: Follow-up plan for TG1: protocol=general risk=low interval=180d 
next_visit=2027-01-12
2026-07-17 00:41:35,358 INFO clinical_reasoning.event_handlers: Recomputed profile for patient TG1 after 
patient.registered
2026-07-17 00:41:35,362 INFO followup.services.engine: Cancelled 6 stale tasks for TG1
2026-07-17 00:41:35,369 INFO followup.services.engine: Follow-up plan for TG1: protocol=general risk=low interval=180d 
next_visit=2027-01-12
2026-07-17 00:41:35,369 INFO followup.event_handlers: Follow-up plan recomputed for TG1 after patient.registered
2026-07-17 00:41:35,374 INFO followup.services.engine: Cancelled 6 stale tasks for TG1
2026-07-17 00:41:35,380 INFO followup.services.engine: Follow-up plan for TG1: protocol=general risk=low interval=180d 
next_visit=2027-01-12
.2026-07-17 00:41:36,134 WARNING clinical_reasoning.services.engine: No ACTIVE rules matched for patient TG1 � 
differential will be empty. Ensure KnowledgeBase entries have ACTIVE status.
2026-07-17 00:41:36,149 INFO followup.services.engine: Follow-up plan for TG1: protocol=general risk=low interval=180d 
next_visit=2027-01-12
2026-07-17 00:41:36,154 INFO followup.services.engine: Cancelled 6 stale tasks for TG1
2026-07-17 00:41:36,162 INFO followup.services.engine: Follow-up plan for TG1: protocol=general risk=low interval=180d 
next_visit=2027-01-12
2026-07-17 00:41:36,163 INFO clinical_reasoning.event_handlers: Recomputed profile for patient TG1 after 
patient.registered
2026-07-17 00:41:36,168 INFO followup.services.engine: Cancelled 6 stale tasks for TG1
2026-07-17 00:41:36,175 INFO followup.services.engine: Follow-up plan for TG1: protocol=general risk=low interval=180d 
next_visit=2027-01-12
2026-07-17 00:41:36,175 INFO followup.event_handlers: Follow-up plan recomputed for TG1 after patient.registered
2026-07-17 00:41:36,180 INFO followup.services.engine: Cancelled 7 stale tasks for TG1
2026-07-17 00:41:36,187 INFO followup.services.engine: Follow-up plan for TG1: protocol=general risk=low interval=180d 
next_visit=2027-01-12
............................F..2026-07-17 00:41:36,233 INFO clinical_reasoning.event_handlers: Recomputed profile for 
patient BGD-00001 after patient.registered
.2026-07-17 00:41:36,245 WARNING clinical_reasoning.services.engine: No ACTIVE rules matched for patient BGD-00001 � 
differential will be empty. Ensure KnowledgeBase entries have ACTIVE status.
2026-07-17 00:41:36,252 INFO clinical_reasoning.event_handlers: Recomputed profile for patient BGD-00001 after 
patient.registered
.2026-07-17 00:41:36,270 INFO clinical_reasoning.event_handlers: Recomputed profile for patient BGD-00001 after 
patient.registered
.2026-07-17 00:41:36,287 INFO clinical_reasoning.event_handlers: Recomputed profile for patient BGD-00001 after 
patient.registered
.2026-07-17 00:41:36,303 INFO clinical_reasoning.event_handlers: Recomputed profile for patient BGD-00001 after 
patient.registered
...2026-07-17 00:41:36,332 INFO knowledge.graph_service: Knowledge graph population complete.
.2026-07-17 00:41:36,347 INFO knowledge.graph_service: Knowledge graph population complete.
.2026-07-17 00:41:36,364 INFO knowledge.graph_service: Knowledge graph population complete.
.2026-07-17 00:41:36,389 INFO knowledge.graph_service: Knowledge graph population complete.
.2026-07-17 00:41:36,404 INFO knowledge.graph_service: Knowledge graph population complete.
2026-07-17 00:41:36,416 INFO knowledge.graph_service: Knowledge graph population complete.
.2026-07-17 00:41:36,445 INFO knowledge.graph_service: Knowledge graph population complete.
............2026-07-17 00:41:36,484 INFO knowledge.graph_service: Knowledge graph population complete.
.2026-07-17 00:41:36,503 INFO knowledge.graph_service: Knowledge graph population complete.
.2026-07-17 00:41:36,521 INFO knowledge.graph_service: Knowledge graph population complete.
.2026-07-17 00:41:36,537 INFO knowledge.graph_service: Knowledge graph population complete.
.2026-07-17 00:41:36,553 INFO knowledge.graph_service: Knowledge graph population complete.
.2026-07-17 00:41:36,570 INFO knowledge.graph_service: Knowledge graph population complete.
.2026-07-17 00:41:36,585 INFO knowledge.graph_service: Knowledge graph population complete.
.2026-07-17 00:41:36,602 INFO knowledge.graph_service: Knowledge graph population complete.
.2026-07-17 00:41:36,621 INFO knowledge.graph_service: Knowledge graph population complete.
........................................2026-07-17 00:41:36,684 WARNING clinical_reasoning.services.engine: No ACTIVE 
rules matched for patient BGD-00001 � differential will be empty. Ensure KnowledgeBase entries have ACTIVE status.
2026-07-17 00:41:36,690 INFO clinical_reasoning.event_handlers: Recomputed profile for patient BGD-00001 after 
patient.registered
.2026-07-17 00:41:36,699 WARNING clinical_reasoning.services.engine: No ACTIVE rules matched for patient BGD-00001 � 
differential will be empty. Ensure KnowledgeBase entries have ACTIVE status.
2026-07-17 00:41:36,704 INFO clinical_reasoning.event_handlers: Recomputed profile for patient BGD-00001 after 
patient.registered
.2026-07-17 00:41:36,712 WARNING clinical_reasoning.services.engine: No ACTIVE rules matched for patient BGD-00001 � 
differential will be empty. Ensure KnowledgeBase entries have ACTIVE status.
2026-07-17 00:41:36,718 INFO clinical_reasoning.event_handlers: Recomputed profile for patient BGD-00001 after 
patient.registered
.2026-07-17 00:41:36,726 WARNING clinical_reasoning.services.engine: No ACTIVE rules matched for patient BGD-00001 � 
differential will be empty. Ensure KnowledgeBase entries have ACTIVE status.
2026-07-17 00:41:36,732 INFO clinical_reasoning.event_handlers: Recomputed profile for patient BGD-00001 after 
patient.registered
.2026-07-17 00:41:36,740 WARNING clinical_reasoning.services.engine: No ACTIVE rules matched for patient BGD-00001 � 
differential will be empty. Ensure KnowledgeBase entries have ACTIVE status.
2026-07-17 00:41:36,746 INFO clinical_reasoning.event_handlers: Recomputed profile for patient BGD-00001 after 
patient.registered
2026-07-17 00:41:36,752 WARNING clinical_reasoning.services.engine: No ACTIVE rules matched for patient BGD-00001 � 
differential will be empty. Ensure KnowledgeBase entries have ACTIVE status.
2026-07-17 00:41:36,757 INFO clinical_reasoning.event_handlers: Recomputed profile for patient BGD-00001 after 
encounter.created
.2026-07-17 00:41:36,766 WARNING clinical_reasoning.services.engine: No ACTIVE rules matched for patient BGD-00001 � 
differential will be empty. Ensure KnowledgeBase entries have ACTIVE status.
2026-07-17 00:41:36,772 INFO clinical_reasoning.event_handlers: Recomputed profile for patient BGD-00001 after 
patient.registered
2026-07-17 00:41:36,778 WARNING clinical_reasoning.services.engine: No ACTIVE rules matched for patient BGD-00001 � 
differential will be empty. Ensure KnowledgeBase entries have ACTIVE status.
2026-07-17 00:41:36,783 INFO clinical_reasoning.event_handlers: Recomputed profile for patient BGD-00001 after 
encounter.created
.2026-07-17 00:41:36,792 WARNING clinical_reasoning.services.engine: No ACTIVE rules matched for patient BGD-00001 � 
differential will be empty. Ensure KnowledgeBase entries have ACTIVE status.
2026-07-17 00:41:36,797 INFO clinical_reasoning.event_handlers: Recomputed profile for patient BGD-00001 after 
patient.registered
.2026-07-17 00:41:36,806 WARNING clinical_reasoning.services.engine: No ACTIVE rules matched for patient BGD-00001 � 
differential will be empty. Ensure KnowledgeBase entries have ACTIVE status.
2026-07-17 00:41:36,811 INFO clinical_reasoning.event_handlers: Recomputed profile for patient BGD-00001 after 
patient.registered
.2026-07-17 00:41:36,819 WARNING clinical_reasoning.services.engine: No ACTIVE rules matched for patient BGD-00001 � 
differential will be empty. Ensure KnowledgeBase entries have ACTIVE status.
2026-07-17 00:41:36,825 INFO clinical_reasoning.event_handlers: Recomputed profile for patient BGD-00001 after 
patient.registered
.2026-07-17 00:41:36,833 WARNING clinical_reasoning.services.engine: No ACTIVE rules matched for patient BGD-00001 � 
differential will be empty. Ensure KnowledgeBase entries have ACTIVE status.
2026-07-17 00:41:36,839 INFO clinical_reasoning.event_handlers: Recomputed profile for patient BGD-00001 after 
patient.registered
.....2026-07-17 00:41:36,889 WARNING clinical_reasoning.services.engine: No ACTIVE rules matched for patient BGD-TEST 
� differential will be empty. Ensure KnowledgeBase entries have ACTIVE status.
2026-07-17 00:41:36,894 INFO clinical_reasoning.event_handlers: Recomputed profile for patient BGD-TEST after 
patient.registered
2026-07-17 00:41:36,900 WARNING clinical_reasoning.services.engine: No ACTIVE rules matched for patient BGD-TEST � 
differential will be empty. Ensure KnowledgeBase entries have ACTIVE status.
2026-07-17 00:41:36,906 INFO clinical_reasoning.event_handlers: Recomputed profile for patient BGD-TEST after 
encounter.created
2026-07-17 00:41:37,666 INFO clinical_reasoning.event_handlers: Recomputed outcome for patient BGD-TEST after clinical 
event
2026-07-17 00:41:37,671 WARNING clinical_reasoning.services.engine: No ACTIVE rules matched for patient BGD-TEST � 
differential will be empty. Ensure KnowledgeBase entries have ACTIVE status.
2026-07-17 00:41:37,677 INFO clinical_reasoning.event_handlers: Recomputed profile for patient BGD-TEST after 
clinical_assessment.created
.2026-07-17 00:41:37,684 WARNING clinical_reasoning.services.engine: No ACTIVE rules matched for patient BGD-TEST � 
differential will be empty. Ensure KnowledgeBase entries have ACTIVE status.
2026-07-17 00:41:37,690 INFO clinical_reasoning.event_handlers: Recomputed profile for patient BGD-TEST after 
patient.registered
2026-07-17 00:41:37,696 WARNING clinical_reasoning.services.engine: No ACTIVE rules matched for patient BGD-TEST � 
differential will be empty. Ensure KnowledgeBase entries have ACTIVE status.
2026-07-17 00:41:37,702 INFO clinical_reasoning.event_handlers: Recomputed profile for patient BGD-TEST after 
encounter.created
2026-07-17 00:41:38,519 INFO clinical_reasoning.event_handlers: Recomputed outcome for patient BGD-TEST after clinical 
event
2026-07-17 00:41:38,525 WARNING clinical_reasoning.services.engine: No ACTIVE rules matched for patient BGD-TEST � 
differential will be empty. Ensure KnowledgeBase entries have ACTIVE status.
2026-07-17 00:41:38,531 INFO clinical_reasoning.event_handlers: Recomputed profile for patient BGD-TEST after 
clinical_assessment.created
.2026-07-17 00:41:38,573 WARNING clinical_reasoning.services.engine: No ACTIVE rules matched for patient BGD-TEST � 
differential will be empty. Ensure KnowledgeBase entries have ACTIVE status.
2026-07-17 00:41:38,579 INFO clinical_reasoning.event_handlers: Recomputed profile for patient BGD-TEST after 
patient.registered
2026-07-17 00:41:38,585 WARNING clinical_reasoning.services.engine: No ACTIVE rules matched for patient BGD-TEST � 
differential will be empty. Ensure KnowledgeBase entries have ACTIVE status.
2026-07-17 00:41:38,590 INFO clinical_reasoning.event_handlers: Recomputed profile for patient BGD-TEST after 
encounter.created
2026-07-17 00:41:39,318 INFO clinical_reasoning.event_handlers: Recomputed outcome for patient BGD-TEST after clinical 
event
2026-07-17 00:41:39,323 WARNING clinical_reasoning.services.engine: No ACTIVE rules matched for patient BGD-TEST � 
differential will be empty. Ensure KnowledgeBase entries have ACTIVE status.
2026-07-17 00:41:39,329 INFO clinical_reasoning.event_handlers: Recomputed profile for patient BGD-TEST after 
clinical_assessment.created
C:\Users\wmmha\AppData\Roaming\Python\Python314\site-packages\rest_framework\pagination.py:198: 
UnorderedObjectListWarning: Pagination may yield inconsistent results with an unordered object_list: <class 
'clinical.models.ClinicalAssessment'> QuerySet.
  paginator = self.django_paginator_class(queryset, page_size)
.2026-07-17 00:41:39,385 WARNING clinical_reasoning.services.engine: No ACTIVE rules matched for patient BGD-TEST � 
differential will be empty. Ensure KnowledgeBase entries have ACTIVE status.
2026-07-17 00:41:39,390 INFO clinical_reasoning.event_handlers: Recomputed profile for patient BGD-TEST after 
patient.registered
2026-07-17 00:41:39,397 WARNING clinical_reasoning.services.engine: No ACTIVE rules matched for patient BGD-TEST � 
differential will be empty. Ensure KnowledgeBase entries have ACTIVE status.
2026-07-17 00:41:39,402 INFO clinical_reasoning.event_handlers: Recomputed profile for patient BGD-TEST after 
encounter.created
.2026-07-17 00:41:40,158 WARNING clinical_reasoning.services.engine: No ACTIVE rules matched for patient BGD-TEST � 
differential will be empty. Ensure KnowledgeBase entries have ACTIVE status.
2026-07-17 00:41:40,164 INFO clinical_reasoning.event_handlers: Recomputed profile for patient BGD-TEST after 
patient.registered
2026-07-17 00:41:40,170 WARNING clinical_reasoning.services.engine: No ACTIVE rules matched for patient BGD-TEST � 
differential will be empty. Ensure KnowledgeBase entries have ACTIVE status.
2026-07-17 00:41:40,175 INFO clinical_reasoning.event_handlers: Recomputed profile for patient BGD-TEST after 
encounter.created
2026-07-17 00:41:40,909 INFO clinical_reasoning.event_handlers: Recomputed outcome for patient BGD-TEST after clinical 
event
2026-07-17 00:41:40,914 WARNING clinical_reasoning.services.engine: No ACTIVE rules matched for patient BGD-TEST � 
differential will be empty. Ensure KnowledgeBase entries have ACTIVE status.
2026-07-17 00:41:40,920 INFO clinical_reasoning.event_handlers: Recomputed profile for patient BGD-TEST after 
clinical_assessment.created
2026-07-17 00:41:40,962 INFO clinical_reasoning.event_handlers: Recomputed outcome for patient BGD-TEST after clinical 
event
2026-07-17 00:41:40,967 WARNING clinical_reasoning.services.engine: No ACTIVE rules matched for patient BGD-TEST � 
differential will be empty. Ensure KnowledgeBase entries have ACTIVE status.
2026-07-17 00:41:40,973 INFO clinical_reasoning.event_handlers: Recomputed profile for patient BGD-TEST after 
clinical_assessment.updated
.2026-07-17 00:41:41,043 INFO knowledge.graph_service: Knowledge graph population complete.
.........C:\Users\wmmha\AppData\Roaming\Python\Python314\site-packages\rest_framework\pagination.py:198: 
UnorderedObjectListWarning: Pagination may yield inconsistent results with an unordered object_list: <class 
'knowledge.models.GuidelineSource'> QuerySet.
  paginator = self.django_paginator_class(queryset, page_size)
...2026-07-17 00:41:51,214 INFO clinical_reasoning.event_handlers: Recomputed profile for patient BGD-EVAL after 
patient.registered
..2026-07-17 00:41:52,763 INFO clinical_reasoning.event_handlers: Recomputed profile for patient BGD-FIL after 
patient.registered
.....C:\Users\wmmha\AppData\Roaming\Python\Python314\site-packages\rest_framework\pagination.py:198: 
UnorderedObjectListWarning: Pagination may yield inconsistent results with an unordered object_list: <class 
'knowledge.models.KnowledgeBaseEntry'> QuerySet.
  paginator = self.django_paginator_class(queryset, page_size)
....2026-07-17 00:41:59,286 WARNING clinical_reasoning.services.engine: No ACTIVE rules matched for patient BGD-VS � 
differential will be empty. Ensure KnowledgeBase entries have ACTIVE status.
2026-07-17 00:41:59,292 INFO clinical_reasoning.event_handlers: Recomputed profile for patient BGD-VS after 
patient.registered
2026-07-17 00:41:59,298 WARNING clinical_reasoning.services.engine: No ACTIVE rules matched for patient BGD-VS � 
differential will be empty. Ensure KnowledgeBase entries have ACTIVE status.
2026-07-17 00:41:59,304 INFO clinical_reasoning.event_handlers: Recomputed profile for patient BGD-VS after 
encounter.created
.2026-07-17 00:42:00,097 WARNING clinical_reasoning.services.engine: No ACTIVE rules matched for patient BGD-VS � 
differential will be empty. Ensure KnowledgeBase entries have ACTIVE status.
2026-07-17 00:42:00,103 INFO clinical_reasoning.event_handlers: Recomputed profile for patient BGD-VS after 
patient.registered
2026-07-17 00:42:00,110 WARNING clinical_reasoning.services.engine: No ACTIVE rules matched for patient BGD-VS � 
differential will be empty. Ensure KnowledgeBase entries have ACTIVE status.
2026-07-17 00:42:00,116 INFO clinical_reasoning.event_handlers: Recomputed profile for patient BGD-VS after 
encounter.created
C:\Users\wmmha\AppData\Roaming\Python\Python314\site-packages\rest_framework\pagination.py:198: 
UnorderedObjectListWarning: Pagination may yield inconsistent results with an unordered object_list: <class 
'clinical.models.VitalSign'> QuerySet.
  paginator = self.django_paginator_class(queryset, page_size)
.2026-07-17 00:42:00,863 WARNING clinical_reasoning.services.engine: No ACTIVE rules matched for patient BGD-VS � 
differential will be empty. Ensure KnowledgeBase entries have ACTIVE status.
2026-07-17 00:42:00,869 INFO clinical_reasoning.event_handlers: Recomputed profile for patient BGD-VS after 
patient.registered
2026-07-17 00:42:00,875 WARNING clinical_reasoning.services.engine: No ACTIVE rules matched for patient BGD-VS � 
differential will be empty. Ensure KnowledgeBase entries have ACTIVE status.
2026-07-17 00:42:00,881 INFO clinical_reasoning.event_handlers: Recomputed profile for patient BGD-VS after 
encounter.created
.............................................................2026-07-17 00:42:01,747 INFO 
clinical_reasoning.event_handlers: Recomputed profile for patient BGD-00001 after patient.registered
...............2026-07-17 00:42:01,761 WARNING clinical_reasoning.services.engine: No ACTIVE rules matched for patient 
TRD-001 � differential will be empty. Ensure KnowledgeBase entries have ACTIVE status.
2026-07-17 00:42:01,769 INFO clinical_reasoning.event_handlers: Recomputed profile for patient TRD-001 after 
patient.registered
2026-07-17 00:42:01,780 INFO clinical_reasoning.event_handlers: Recomputed outcome for patient TRD-001 after lab event
2026-07-17 00:42:01,785 WARNING clinical_reasoning.services.engine: No ACTIVE rules matched for patient TRD-001 � 
differential will be empty. Ensure KnowledgeBase entries have ACTIVE status.
2026-07-17 00:42:01,792 INFO clinical_reasoning.event_handlers: Recomputed profile for patient TRD-001 after 
lab_result.created
2026-07-17 00:42:01,801 INFO clinical_reasoning.event_handlers: Recomputed outcome for patient TRD-001 after lab event
2026-07-17 00:42:01,807 WARNING clinical_reasoning.services.engine: No ACTIVE rules matched for patient TRD-001 � 
differential will be empty. Ensure KnowledgeBase entries have ACTIVE status.
2026-07-17 00:42:01,815 INFO clinical_reasoning.event_handlers: Recomputed profile for patient TRD-001 after 
lab_result.created
.2026-07-17 00:42:01,823 WARNING clinical_reasoning.services.engine: No ACTIVE rules matched for patient TRD-001 � 
differential will be empty. Ensure KnowledgeBase entries have ACTIVE status.
2026-07-17 00:42:01,829 INFO clinical_reasoning.event_handlers: Recomputed profile for patient TRD-001 after 
patient.registered
2026-07-17 00:42:01,840 INFO clinical_reasoning.event_handlers: Recomputed outcome for patient TRD-001 after lab event
2026-07-17 00:42:01,845 WARNING clinical_reasoning.services.engine: No ACTIVE rules matched for patient TRD-001 � 
differential will be empty. Ensure KnowledgeBase entries have ACTIVE status.
2026-07-17 00:42:01,850 INFO clinical_reasoning.event_handlers: Recomputed profile for patient TRD-001 after 
lab_result.created
2026-07-17 00:42:01,859 INFO clinical_reasoning.event_handlers: Recomputed outcome for patient TRD-001 after lab event
2026-07-17 00:42:01,864 WARNING clinical_reasoning.services.engine: No ACTIVE rules matched for patient TRD-001 � 
differential will be empty. Ensure KnowledgeBase entries have ACTIVE status.
2026-07-17 00:42:01,870 INFO clinical_reasoning.event_handlers: Recomputed profile for patient TRD-001 after 
lab_result.created
.2026-07-17 00:42:01,877 WARNING clinical_reasoning.services.engine: No ACTIVE rules matched for patient TRD-001 � 
differential will be empty. Ensure KnowledgeBase entries have ACTIVE status.
2026-07-17 00:42:01,883 INFO clinical_reasoning.event_handlers: Recomputed profile for patient TRD-001 after 
patient.registered
2026-07-17 00:42:01,892 INFO clinical_reasoning.event_handlers: Recomputed outcome for patient TRD-001 after lab event
2026-07-17 00:42:01,897 WARNING clinical_reasoning.services.engine: No ACTIVE rules matched for patient TRD-001 � 
differential will be empty. Ensure KnowledgeBase entries have ACTIVE status.
2026-07-17 00:42:01,902 INFO clinical_reasoning.event_handlers: Recomputed profile for patient TRD-001 after 
lab_result.created
2026-07-17 00:42:01,912 INFO clinical_reasoning.event_handlers: Recomputed outcome for patient TRD-001 after lab event
2026-07-17 00:42:01,916 WARNING clinical_reasoning.services.engine: No ACTIVE rules matched for patient TRD-001 � 
differential will be empty. Ensure KnowledgeBase entries have ACTIVE status.
2026-07-17 00:42:01,922 INFO clinical_reasoning.event_handlers: Recomputed profile for patient TRD-001 after 
lab_result.created
.2026-07-17 00:42:01,929 WARNING clinical_reasoning.services.engine: No ACTIVE rules matched for patient TRD-001 � 
differential will be empty. Ensure KnowledgeBase entries have ACTIVE status.
2026-07-17 00:42:01,935 INFO clinical_reasoning.event_handlers: Recomputed profile for patient TRD-001 after 
patient.registered
2026-07-17 00:42:01,945 INFO clinical_reasoning.event_handlers: Recomputed outcome for patient TRD-001 after lab event
2026-07-17 00:42:01,949 WARNING clinical_reasoning.services.engine: No ACTIVE rules matched for patient TRD-001 � 
differential will be empty. Ensure KnowledgeBase entries have ACTIVE status.
2026-07-17 00:42:01,955 INFO clinical_reasoning.event_handlers: Recomputed profile for patient TRD-001 after 
lab_result.created
2026-07-17 00:42:01,964 INFO clinical_reasoning.event_handlers: Recomputed outcome for patient TRD-001 after lab event
2026-07-17 00:42:01,969 WARNING clinical_reasoning.services.engine: No ACTIVE rules matched for patient TRD-001 � 
differential will be empty. Ensure KnowledgeBase entries have ACTIVE status.
2026-07-17 00:42:01,974 INFO clinical_reasoning.event_handlers: Recomputed profile for patient TRD-001 after 
lab_result.created
2026-07-17 00:42:01,983 INFO clinical_reasoning.event_handlers: Recomputed outcome for patient TRD-001 after lab event
2026-07-17 00:42:01,988 WARNING clinical_reasoning.services.engine: No ACTIVE rules matched for patient TRD-001 � 
differential will be empty. Ensure KnowledgeBase entries have ACTIVE status.
2026-07-17 00:42:01,994 INFO clinical_reasoning.event_handlers: Recomputed profile for patient TRD-001 after 
lab_result.created
2026-07-17 00:42:02,003 INFO clinical_reasoning.event_handlers: Recomputed outcome for patient TRD-001 after lab event
2026-07-17 00:42:02,007 WARNING clinical_reasoning.services.engine: No ACTIVE rules matched for patient TRD-001 � 
differential will be empty. Ensure KnowledgeBase entries have ACTIVE status.
2026-07-17 00:42:02,013 INFO clinical_reasoning.event_handlers: Recomputed profile for patient TRD-001 after 
lab_result.created
.2026-07-17 00:42:02,022 WARNING clinical_reasoning.services.engine: No ACTIVE rules matched for patient TRD-001 � 
differential will be empty. Ensure KnowledgeBase entries have ACTIVE status.
2026-07-17 00:42:02,028 INFO clinical_reasoning.event_handlers: Recomputed profile for patient TRD-001 after 
patient.registered
2026-07-17 00:42:02,037 INFO clinical_reasoning.event_handlers: Recomputed outcome for patient TRD-001 after lab event
2026-07-17 00:42:02,041 WARNING clinical_reasoning.services.engine: No ACTIVE rules matched for patient TRD-001 � 
differential will be empty. Ensure KnowledgeBase entries have ACTIVE status.
2026-07-17 00:42:02,047 INFO clinical_reasoning.event_handlers: Recomputed profile for patient TRD-001 after 
lab_result.created
2026-07-17 00:42:02,056 INFO clinical_reasoning.event_handlers: Recomputed outcome for patient TRD-001 after lab event
2026-07-17 00:42:02,060 WARNING clinical_reasoning.services.engine: No ACTIVE rules matched for patient TRD-001 � 
differential will be empty. Ensure KnowledgeBase entries have ACTIVE status.
2026-07-17 00:42:02,066 INFO clinical_reasoning.event_handlers: Recomputed profile for patient TRD-001 after 
lab_result.created
.2026-07-17 00:42:02,073 WARNING clinical_reasoning.services.engine: No ACTIVE rules matched for patient TRD-001 � 
differential will be empty. Ensure KnowledgeBase entries have ACTIVE status.
2026-07-17 00:42:02,079 INFO clinical_reasoning.event_handlers: Recomputed profile for patient TRD-001 after 
patient.registered
2026-07-17 00:42:02,089 INFO clinical_reasoning.event_handlers: Recomputed outcome for patient TRD-001 after lab event
2026-07-17 00:42:02,093 WARNING clinical_reasoning.services.engine: No ACTIVE rules matched for patient TRD-001 � 
differential will be empty. Ensure KnowledgeBase entries have ACTIVE status.
2026-07-17 00:42:02,099 INFO clinical_reasoning.event_handlers: Recomputed profile for patient TRD-001 after 
lab_result.created
2026-07-17 00:42:02,108 INFO clinical_reasoning.event_handlers: Recomputed outcome for patient TRD-001 after lab event
2026-07-17 00:42:02,112 WARNING clinical_reasoning.services.engine: No ACTIVE rules matched for patient TRD-001 � 
differential will be empty. Ensure KnowledgeBase entries have ACTIVE status.
2026-07-17 00:42:02,118 INFO clinical_reasoning.event_handlers: Recomputed profile for patient TRD-001 after 
lab_result.created
.2026-07-17 00:42:02,125 WARNING clinical_reasoning.services.engine: No ACTIVE rules matched for patient TRD-001 � 
differential will be empty. Ensure KnowledgeBase entries have ACTIVE status.
2026-07-17 00:42:02,131 INFO clinical_reasoning.event_handlers: Recomputed profile for patient TRD-001 after 
patient.registered
2026-07-17 00:42:02,140 INFO clinical_reasoning.event_handlers: Recomputed outcome for patient TRD-001 after lab event
2026-07-17 00:42:02,145 WARNING clinical_reasoning.services.engine: No ACTIVE rules matched for patient TRD-001 � 
differential will be empty. Ensure KnowledgeBase entries have ACTIVE status.
2026-07-17 00:42:02,150 INFO clinical_reasoning.event_handlers: Recomputed profile for patient TRD-001 after 
lab_result.created
2026-07-17 00:42:02,159 INFO clinical_reasoning.event_handlers: Recomputed outcome for patient TRD-001 after lab event
2026-07-17 00:42:02,164 WARNING clinical_reasoning.services.engine: No ACTIVE rules matched for patient TRD-001 � 
differential will be empty. Ensure KnowledgeBase entries have ACTIVE status.
2026-07-17 00:42:02,170 INFO clinical_reasoning.event_handlers: Recomputed profile for patient TRD-001 after 
lab_result.created
.2026-07-17 00:42:02,177 WARNING clinical_reasoning.services.engine: No ACTIVE rules matched for patient TRD-001 � 
differential will be empty. Ensure KnowledgeBase entries have ACTIVE status.
2026-07-17 00:42:02,183 INFO clinical_reasoning.event_handlers: Recomputed profile for patient TRD-001 after 
patient.registered
2026-07-17 00:42:02,192 INFO clinical_reasoning.event_handlers: Recomputed outcome for patient TRD-001 after lab event
2026-07-17 00:42:02,197 WARNING clinical_reasoning.services.engine: No ACTIVE rules matched for patient TRD-001 � 
differential will be empty. Ensure KnowledgeBase entries have ACTIVE status.
2026-07-17 00:42:02,203 INFO clinical_reasoning.event_handlers: Recomputed profile for patient TRD-001 after 
lab_result.created
.2026-07-17 00:42:02,210 WARNING clinical_reasoning.services.engine: No ACTIVE rules matched for patient TRD-001 � 
differential will be empty. Ensure KnowledgeBase entries have ACTIVE status.
2026-07-17 00:42:02,215 INFO clinical_reasoning.event_handlers: Recomputed profile for patient TRD-001 after 
patient.registered
2026-07-17 00:42:02,225 INFO clinical_reasoning.event_handlers: Recomputed outcome for patient TRD-001 after lab event
2026-07-17 00:42:02,229 WARNING clinical_reasoning.services.engine: No ACTIVE rules matched for patient TRD-001 � 
differential will be empty. Ensure KnowledgeBase entries have ACTIVE status.
2026-07-17 00:42:02,235 INFO clinical_reasoning.event_handlers: Recomputed profile for patient TRD-001 after 
lab_result.created
2026-07-17 00:42:02,243 INFO clinical_reasoning.event_handlers: Recomputed outcome for patient TRD-001 after lab event
2026-07-17 00:42:02,248 WARNING clinical_reasoning.services.engine: No ACTIVE rules matched for patient TRD-001 � 
differential will be empty. Ensure KnowledgeBase entries have ACTIVE status.
2026-07-17 00:42:02,254 INFO clinical_reasoning.event_handlers: Recomputed profile for patient TRD-001 after 
lab_result.created
.2026-07-17 00:42:02,262 WARNING clinical_reasoning.services.engine: No ACTIVE rules matched for patient TRD-001 � 
differential will be empty. Ensure KnowledgeBase entries have ACTIVE status.
2026-07-17 00:42:02,269 INFO clinical_reasoning.event_handlers: Recomputed profile for patient TRD-001 after 
patient.registered
2026-07-17 00:42:02,280 INFO clinical_reasoning.event_handlers: Recomputed outcome for patient TRD-001 after lab event
2026-07-17 00:42:02,284 WARNING clinical_reasoning.services.engine: No ACTIVE rules matched for patient TRD-001 � 
differential will be empty. Ensure KnowledgeBase entries have ACTIVE status.
2026-07-17 00:42:02,291 INFO clinical_reasoning.event_handlers: Recomputed profile for patient TRD-001 after 
lab_result.created
2026-07-17 00:42:02,300 INFO clinical_reasoning.event_handlers: Recomputed outcome for patient TRD-001 after lab event
2026-07-17 00:42:02,305 WARNING clinical_reasoning.services.engine: No ACTIVE rules matched for patient TRD-001 � 
differential will be empty. Ensure KnowledgeBase entries have ACTIVE status.
2026-07-17 00:42:02,311 INFO clinical_reasoning.event_handlers: Recomputed profile for patient TRD-001 after 
lab_result.created
.2026-07-17 00:42:02,318 WARNING clinical_reasoning.services.engine: No ACTIVE rules matched for patient TRD-001 � 
differential will be empty. Ensure KnowledgeBase entries have ACTIVE status.
2026-07-17 00:42:02,324 INFO clinical_reasoning.event_handlers: Recomputed profile for patient TRD-001 after 
patient.registered
2026-07-17 00:42:02,333 INFO clinical_reasoning.event_handlers: Recomputed outcome for patient TRD-001 after lab event
2026-07-17 00:42:02,338 WARNING clinical_reasoning.services.engine: No ACTIVE rules matched for patient TRD-001 � 
differential will be empty. Ensure KnowledgeBase entries have ACTIVE status.
2026-07-17 00:42:02,344 INFO clinical_reasoning.event_handlers: Recomputed profile for patient TRD-001 after 
lab_result.created
2026-07-17 00:42:02,353 INFO clinical_reasoning.event_handlers: Recomputed outcome for patient TRD-001 after lab event
2026-07-17 00:42:02,357 WARNING clinical_reasoning.services.engine: No ACTIVE rules matched for patient TRD-001 � 
differential will be empty. Ensure KnowledgeBase entries have ACTIVE status.
2026-07-17 00:42:02,363 INFO clinical_reasoning.event_handlers: Recomputed profile for patient TRD-001 after 
lab_result.created
..2026-07-17 00:42:02,394 WARNING clinical_reasoning.services.engine: No ACTIVE rules matched for patient BGD-L1 � 
differential will be empty. Ensure KnowledgeBase entries have ACTIVE status.
2026-07-17 00:42:02,401 INFO clinical_reasoning.event_handlers: Recomputed profile for patient BGD-L1 after 
patient.registered
2026-07-17 00:42:02,413 INFO clinical_reasoning.event_handlers: Recomputed outcome for patient BGD-L1 after lab event
2026-07-17 00:42:02,419 WARNING clinical_reasoning.services.engine: No ACTIVE rules matched for patient BGD-L1 � 
differential will be empty. Ensure KnowledgeBase entries have ACTIVE status.
2026-07-17 00:42:02,425 INFO clinical_reasoning.event_handlers: Recomputed profile for patient BGD-L1 after 
lab_result.created
2026-07-17 00:42:02,435 INFO clinical_reasoning.event_handlers: Recomputed outcome for patient BGD-L1 after lab event
2026-07-17 00:42:02,440 WARNING clinical_reasoning.services.engine: No ACTIVE rules matched for patient BGD-L1 � 
differential will be empty. Ensure KnowledgeBase entries have ACTIVE status.
2026-07-17 00:42:02,447 INFO clinical_reasoning.event_handlers: Recomputed profile for patient BGD-L1 after 
lab_result.created
2026-07-17 00:42:02,455 WARNING clinical_reasoning.services.engine: No ACTIVE rules matched for patient BGD-L1 � 
differential will be empty. Ensure KnowledgeBase entries have ACTIVE status.
2026-07-17 00:42:02,461 INFO clinical_reasoning.event_handlers: Recomputed profile for patient BGD-L1 after 
patient.updated
.2026-07-17 00:42:02,488 WARNING clinical_reasoning.services.engine: No ACTIVE rules matched for patient BGD-L1 � 
differential will be empty. Ensure KnowledgeBase entries have ACTIVE status.
2026-07-17 00:42:02,494 INFO clinical_reasoning.event_handlers: Recomputed profile for patient BGD-L1 after 
patient.registered
2026-07-17 00:42:02,503 INFO clinical_reasoning.event_handlers: Recomputed outcome for patient BGD-L1 after lab event
2026-07-17 00:42:02,508 WARNING clinical_reasoning.services.engine: No ACTIVE rules matched for patient BGD-L1 � 
differential will be empty. Ensure KnowledgeBase entries have ACTIVE status.
2026-07-17 00:42:02,514 INFO clinical_reasoning.event_handlers: Recomputed profile for patient BGD-L1 after 
lab_result.created
2026-07-17 00:42:02,523 INFO clinical_reasoning.event_handlers: Recomputed outcome for patient BGD-L1 after lab event
2026-07-17 00:42:02,527 WARNING clinical_reasoning.services.engine: No ACTIVE rules matched for patient BGD-L1 � 
differential will be empty. Ensure KnowledgeBase entries have ACTIVE status.
2026-07-17 00:42:02,533 INFO clinical_reasoning.event_handlers: Recomputed profile for patient BGD-L1 after 
lab_result.created
2026-07-17 00:42:02,540 WARNING clinical_reasoning.services.engine: No ACTIVE rules matched for patient BGD-L1 � 
differential will be empty. Ensure KnowledgeBase entries have ACTIVE status.
2026-07-17 00:42:02,546 INFO clinical_reasoning.event_handlers: Recomputed profile for patient BGD-L1 after 
patient.updated
2026-07-17 00:42:02,555 INFO clinical_reasoning.event_handlers: Recomputed outcome for patient BGD-L1 after lab event
2026-07-17 00:42:02,559 WARNING clinical_reasoning.services.engine: No ACTIVE rules matched for patient BGD-L1 � 
differential will be empty. Ensure KnowledgeBase entries have ACTIVE status.
2026-07-17 00:42:02,565 INFO clinical_reasoning.event_handlers: Recomputed profile for patient BGD-L1 after 
lab_result.created
2026-07-17 00:42:02,576 INFO clinical_reasoning.event_handlers: Recomputed outcome for patient BGD-L1 after lab event
2026-07-17 00:42:02,581 WARNING clinical_reasoning.services.engine: No ACTIVE rules matched for patient BGD-L1 � 
differential will be empty. Ensure KnowledgeBase entries have ACTIVE status.
2026-07-17 00:42:02,587 INFO clinical_reasoning.event_handlers: Recomputed profile for patient BGD-L1 after 
lab_result.created
2026-07-17 00:42:02,595 WARNING clinical_reasoning.services.engine: No ACTIVE rules matched for patient BGD-L1 � 
differential will be empty. Ensure KnowledgeBase entries have ACTIVE status.
2026-07-17 00:42:02,602 INFO clinical_reasoning.event_handlers: Recomputed profile for patient BGD-L1 after 
patient.updated
.2026-07-17 00:42:02,631 WARNING clinical_reasoning.services.engine: No ACTIVE rules matched for patient BGD-L1 � 
differential will be empty. Ensure KnowledgeBase entries have ACTIVE status.
2026-07-17 00:42:02,638 INFO clinical_reasoning.event_handlers: Recomputed profile for patient BGD-L1 after 
patient.registered
2026-07-17 00:42:02,648 INFO clinical_reasoning.event_handlers: Recomputed outcome for patient BGD-L1 after lab event
2026-07-17 00:42:02,652 WARNING clinical_reasoning.services.engine: No ACTIVE rules matched for patient BGD-L1 � 
differential will be empty. Ensure KnowledgeBase entries have ACTIVE status.
2026-07-17 00:42:02,658 INFO clinical_reasoning.event_handlers: Recomputed profile for patient BGD-L1 after 
lab_result.created
2026-07-17 00:42:02,667 INFO clinical_reasoning.event_handlers: Recomputed outcome for patient BGD-L1 after lab event
2026-07-17 00:42:02,672 WARNING clinical_reasoning.services.engine: No ACTIVE rules matched for patient BGD-L1 � 
differential will be empty. Ensure KnowledgeBase entries have ACTIVE status.
2026-07-17 00:42:02,677 INFO clinical_reasoning.event_handlers: Recomputed profile for patient BGD-L1 after 
lab_result.created
2026-07-17 00:42:02,684 WARNING clinical_reasoning.services.engine: No ACTIVE rules matched for patient BGD-L1 � 
differential will be empty. Ensure KnowledgeBase entries have ACTIVE status.
2026-07-17 00:42:02,690 INFO clinical_reasoning.event_handlers: Recomputed profile for patient BGD-L1 after 
patient.updated
.2026-07-17 00:42:02,716 WARNING clinical_reasoning.services.engine: No ACTIVE rules matched for patient BGD-L1 � 
differential will be empty. Ensure KnowledgeBase entries have ACTIVE status.
2026-07-17 00:42:02,722 INFO clinical_reasoning.event_handlers: Recomputed profile for patient BGD-L1 after 
patient.registered
2026-07-17 00:42:02,732 INFO clinical_reasoning.event_handlers: Recomputed outcome for patient BGD-L1 after lab event
2026-07-17 00:42:02,736 WARNING clinical_reasoning.services.engine: No ACTIVE rules matched for patient BGD-L1 � 
differential will be empty. Ensure KnowledgeBase entries have ACTIVE status.
2026-07-17 00:42:02,742 INFO clinical_reasoning.event_handlers: Recomputed profile for patient BGD-L1 after 
lab_result.created
2026-07-17 00:42:02,751 INFO clinical_reasoning.event_handlers: Recomputed outcome for patient BGD-L1 after lab event
2026-07-17 00:42:02,756 WARNING clinical_reasoning.services.engine: No ACTIVE rules matched for patient BGD-L1 � 
differential will be empty. Ensure KnowledgeBase entries have ACTIVE status.
2026-07-17 00:42:02,762 INFO clinical_reasoning.event_handlers: Recomputed profile for patient BGD-L1 after 
lab_result.created
2026-07-17 00:42:02,769 WARNING clinical_reasoning.services.engine: No ACTIVE rules matched for patient BGD-L1 � 
differential will be empty. Ensure KnowledgeBase entries have ACTIVE status.
2026-07-17 00:42:02,774 INFO clinical_reasoning.event_handlers: Recomputed profile for patient BGD-L1 after 
patient.updated
2026-07-17 00:42:02,784 INFO clinical_reasoning.event_handlers: Recomputed outcome for patient BGD-L1 after lab event
2026-07-17 00:42:02,788 WARNING clinical_reasoning.services.engine: No ACTIVE rules matched for patient BGD-L1 � 
differential will be empty. Ensure KnowledgeBase entries have ACTIVE status.
2026-07-17 00:42:02,794 INFO clinical_reasoning.event_handlers: Recomputed profile for patient BGD-L1 after 
lab_result.created
2026-07-17 00:42:02,803 INFO clinical_reasoning.event_handlers: Recomputed outcome for patient BGD-L1 after lab event
2026-07-17 00:42:02,808 WARNING clinical_reasoning.services.engine: No ACTIVE rules matched for patient BGD-L1 � 
differential will be empty. Ensure KnowledgeBase entries have ACTIVE status.
2026-07-17 00:42:02,813 INFO clinical_reasoning.event_handlers: Recomputed profile for patient BGD-L1 after 
lab_result.created
2026-07-17 00:42:02,820 WARNING clinical_reasoning.services.engine: No ACTIVE rules matched for patient BGD-L1 � 
differential will be empty. Ensure KnowledgeBase entries have ACTIVE status.
2026-07-17 00:42:02,825 INFO clinical_reasoning.event_handlers: Recomputed profile for patient BGD-L1 after 
patient.updated
.2026-07-17 00:42:02,852 WARNING clinical_reasoning.services.engine: No ACTIVE rules matched for patient BGD-L1 � 
differential will be empty. Ensure KnowledgeBase entries have ACTIVE status.
2026-07-17 00:42:02,858 INFO clinical_reasoning.event_handlers: Recomputed profile for patient BGD-L1 after 
patient.registered
2026-07-17 00:42:02,865 WARNING clinical_reasoning.services.engine: No ACTIVE rules matched for patient BGD-L1 � 
differential will be empty. Ensure KnowledgeBase entries have ACTIVE status.
2026-07-17 00:42:02,871 INFO clinical_reasoning.event_handlers: Recomputed profile for patient BGD-L1 after 
encounter.created
2026-07-17 00:42:02,883 INFO clinical_reasoning.event_handlers: Recomputed outcome for patient BGD-L1 after lab event
2026-07-17 00:42:02,888 WARNING clinical_reasoning.services.engine: No ACTIVE rules matched for patient BGD-L1 � 
differential will be empty. Ensure KnowledgeBase entries have ACTIVE status.
2026-07-17 00:42:02,894 INFO clinical_reasoning.event_handlers: Recomputed profile for patient BGD-L1 after 
lab_result.created
2026-07-17 00:42:02,904 INFO clinical_reasoning.event_handlers: Recomputed outcome for patient BGD-L1 after lab event
2026-07-17 00:42:02,909 WARNING clinical_reasoning.services.engine: No ACTIVE rules matched for patient BGD-L1 � 
differential will be empty. Ensure KnowledgeBase entries have ACTIVE status.
2026-07-17 00:42:02,915 INFO clinical_reasoning.event_handlers: Recomputed profile for patient BGD-L1 after 
lab_result.created
2026-07-17 00:42:02,923 WARNING clinical_reasoning.services.engine: No ACTIVE rules matched for patient BGD-L1 � 
differential will be empty. Ensure KnowledgeBase entries have ACTIVE status.
2026-07-17 00:42:02,929 INFO clinical_reasoning.event_handlers: Recomputed profile for patient BGD-L1 after 
patient.updated
2026-07-17 00:42:02,938 INFO clinical_reasoning.event_handlers: Recomputed outcome for patient BGD-L1 after lab event
2026-07-17 00:42:02,944 WARNING clinical_reasoning.services.engine: No ACTIVE rules matched for patient BGD-L1 � 
differential will be empty. Ensure KnowledgeBase entries have ACTIVE status.
2026-07-17 00:42:02,949 INFO clinical_reasoning.event_handlers: Recomputed profile for patient BGD-L1 after 
lab_result.created
2026-07-17 00:42:02,960 INFO clinical_reasoning.event_handlers: Recomputed outcome for patient BGD-L1 after lab event
2026-07-17 00:42:02,965 WARNING clinical_reasoning.services.engine: No ACTIVE rules matched for patient BGD-L1 � 
differential will be empty. Ensure KnowledgeBase entries have ACTIVE status.
2026-07-17 00:42:02,970 INFO clinical_reasoning.event_handlers: Recomputed profile for patient BGD-L1 after 
lab_result.created
2026-07-17 00:42:02,982 INFO clinical_reasoning.event_handlers: Recomputed outcome for patient BGD-L1 after lab event
2026-07-17 00:42:02,987 WARNING clinical_reasoning.services.engine: No ACTIVE rules matched for patient BGD-L1 � 
differential will be empty. Ensure KnowledgeBase entries have ACTIVE status.
2026-07-17 00:42:02,993 INFO clinical_reasoning.event_handlers: Recomputed profile for patient BGD-L1 after 
lab_result.created
2026-07-17 00:42:03,007 INFO clinical_reasoning.event_handlers: Recomputed outcome for patient BGD-L1 after lab event
2026-07-17 00:42:03,014 WARNING clinical_reasoning.services.engine: No ACTIVE rules matched for patient BGD-L1 � 
differential will be empty. Ensure KnowledgeBase entries have ACTIVE status.
2026-07-17 00:42:03,021 INFO clinical_reasoning.event_handlers: Recomputed profile for patient BGD-L1 after 
lab_result.created
2026-07-17 00:42:03,035 INFO clinical_reasoning.event_handlers: Recomputed outcome for patient BGD-L1 after lab event
2026-07-17 00:42:03,041 WARNING clinical_reasoning.services.engine: No ACTIVE rules matched for patient BGD-L1 � 
differential will be empty. Ensure KnowledgeBase entries have ACTIVE status.
2026-07-17 00:42:03,048 INFO clinical_reasoning.event_handlers: Recomputed profile for patient BGD-L1 after 
lab_result.created
.2026-07-17 00:42:03,058 WARNING clinical_reasoning.services.engine: No ACTIVE rules matched for patient CR1 � 
differential will be empty. Ensure KnowledgeBase entries have ACTIVE status.
2026-07-17 00:42:03,065 INFO clinical_reasoning.event_handlers: Recomputed profile for patient CR1 after 
patient.registered
2026-07-17 00:42:03,074 WARNING clinical_reasoning.services.engine: No ACTIVE rules matched for patient CR1 � 
differential will be empty. Ensure KnowledgeBase entries have ACTIVE status.
2026-07-17 00:42:03,080 INFO clinical_reasoning.event_handlers: Recomputed profile for patient CR1 after biopsy.created
.2026-07-17 00:42:03,105 WARNING clinical_reasoning.services.engine: No ACTIVE rules matched for patient CR1 � 
differential will be empty. Ensure KnowledgeBase entries have ACTIVE status.
2026-07-17 00:42:03,112 INFO clinical_reasoning.event_handlers: Recomputed profile for patient CR1 after 
patient.registered
2026-07-17 00:42:03,120 WARNING clinical_reasoning.services.engine: No ACTIVE rules matched for patient CR1 � 
differential will be empty. Ensure KnowledgeBase entries have ACTIVE status.
2026-07-17 00:42:03,126 INFO clinical_reasoning.event_handlers: Recomputed profile for patient CR1 after biopsy.created
.2026-07-17 00:42:03,152 WARNING clinical_reasoning.services.engine: No ACTIVE rules matched for patient CR1 � 
differential will be empty. Ensure KnowledgeBase entries have ACTIVE status.
2026-07-17 00:42:03,158 INFO clinical_reasoning.event_handlers: Recomputed profile for patient CR1 after 
patient.registered
2026-07-17 00:42:03,166 WARNING clinical_reasoning.services.engine: No ACTIVE rules matched for patient CR1 � 
differential will be empty. Ensure KnowledgeBase entries have ACTIVE status.
2026-07-17 00:42:03,172 INFO clinical_reasoning.event_handlers: Recomputed profile for patient CR1 after biopsy.created
2026-07-17 00:42:03,180 WARNING clinical_reasoning.services.engine: No ACTIVE rules matched for patient CR1 � 
differential will be empty. Ensure KnowledgeBase entries have ACTIVE status.
2026-07-17 00:42:03,185 INFO clinical_reasoning.event_handlers: Recomputed profile for patient CR1 after biopsy.created
2026-07-17 00:42:03,205 WARNING clinical_reasoning.services.engine: No ACTIVE rules matched for patient CR1 � 
differential will be empty. Ensure KnowledgeBase entries have ACTIVE status.
2026-07-17 00:42:03,211 INFO clinical_reasoning.event_handlers: Recomputed profile for patient CR1 after biopsy.created
.2026-07-17 00:42:03,230 WARNING clinical_reasoning.services.engine: No ACTIVE rules matched for patient CR1 � 
differential will be empty. Ensure KnowledgeBase entries have ACTIVE status.
2026-07-17 00:42:03,236 INFO clinical_reasoning.event_handlers: Recomputed profile for patient CR1 after 
patient.registered
2026-07-17 00:42:03,244 WARNING clinical_reasoning.services.engine: No ACTIVE rules matched for patient CR1 � 
differential will be empty. Ensure KnowledgeBase entries have ACTIVE status.
2026-07-17 00:42:03,250 INFO clinical_reasoning.event_handlers: Recomputed profile for patient CR1 after biopsy.created
...2026-07-17 00:42:03,262 WARNING clinical_reasoning.services.engine: No ACTIVE rules matched for patient PA1 � 
differential will be empty. Ensure KnowledgeBase entries have ACTIVE status.
2026-07-17 00:42:03,268 INFO clinical_reasoning.event_handlers: Recomputed profile for patient PA1 after 
patient.registered
2026-07-17 00:42:03,276 WARNING clinical_reasoning.services.engine: No ACTIVE rules matched for patient PA1 � 
differential will be empty. Ensure KnowledgeBase entries have ACTIVE status.
2026-07-17 00:42:03,282 INFO clinical_reasoning.event_handlers: Recomputed profile for patient PA1 after biopsy.created
.2026-07-17 00:42:03,291 WARNING clinical_reasoning.services.engine: No ACTIVE rules matched for patient PA1 � 
differential will be empty. Ensure KnowledgeBase entries have ACTIVE status.
2026-07-17 00:42:03,298 INFO clinical_reasoning.event_handlers: Recomputed profile for patient PA1 after 
patient.registered
2026-07-17 00:42:03,305 WARNING clinical_reasoning.services.engine: No ACTIVE rules matched for patient PA1 � 
differential will be empty. Ensure KnowledgeBase entries have ACTIVE status.
2026-07-17 00:42:03,311 INFO clinical_reasoning.event_handlers: Recomputed profile for patient PA1 after biopsy.created
.E:\OneDrive\Project Claude\BGDDR\bgddr\patients\tests_e2e.py:117: UserWarning: Overriding setting DATABASES can lead 
to unexpected behavior.
  with override_settings(
2026-07-17 00:42:04,105 INFO bgddr.backup: Backup created: bgddr_backup_20260717_004204_e2e.sqlite3 (0.00 MB) - 
reason: e2e
2026-07-17 00:42:04,108 INFO bgddr.backup: Backup created: bgddr_backup_20260717_004204_pre_restore.sqlite3 (0.00 MB) 
- reason: pre_restore
2026-07-17 00:42:04,109 INFO bgddr.backup: Database restored from: bgddr_backup_20260717_004204_e2e.sqlite3
.2026-07-17 00:42:04,127 WARNING clinical_reasoning.services.engine: No ACTIVE rules matched for patient BGD-E2E1 � 
differential will be empty. Ensure KnowledgeBase entries have ACTIVE status.
2026-07-17 00:42:04,134 INFO clinical_reasoning.event_handlers: Recomputed profile for patient BGD-E2E1 after 
patient.registered
2026-07-17 00:42:04,143 WARNING clinical_reasoning.services.engine: No ACTIVE rules matched for patient BGD-E2E1 � 
differential will be empty. Ensure KnowledgeBase entries have ACTIVE status.
2026-07-17 00:42:04,149 INFO clinical_reasoning.event_handlers: Recomputed profile for patient BGD-E2E1 after 
encounter.created
2026-07-17 00:42:04,159 INFO clinical_reasoning.event_handlers: Recomputed outcome for patient BGD-E2E1 after lab event
2026-07-17 00:42:04,165 WARNING clinical_reasoning.services.engine: No ACTIVE rules matched for patient BGD-E2E1 � 
differential will be empty. Ensure KnowledgeBase entries have ACTIVE status.
2026-07-17 00:42:04,171 INFO clinical_reasoning.event_handlers: Recomputed profile for patient BGD-E2E1 after 
lab_result.created
2026-07-17 00:42:04,181 INFO clinical_reasoning.event_handlers: Recomputed outcome for patient BGD-E2E1 after lab event
2026-07-17 00:42:04,187 WARNING clinical_reasoning.services.engine: No ACTIVE rules matched for patient BGD-E2E1 � 
differential will be empty. Ensure KnowledgeBase entries have ACTIVE status.
2026-07-17 00:42:04,193 INFO clinical_reasoning.event_handlers: Recomputed profile for patient BGD-E2E1 after 
lab_result.created
2026-07-17 00:42:04,203 WARNING clinical_reasoning.services.engine: No ACTIVE rules matched for patient BGD-E2E1 � 
differential will be empty. Ensure KnowledgeBase entries have ACTIVE status.
2026-07-17 00:42:04,209 INFO clinical_reasoning.event_handlers: Recomputed profile for patient BGD-E2E1 after 
patient.updated
2026-07-17 00:42:04,219 INFO clinical_reasoning.event_handlers: Recomputed outcome for patient BGD-E2E1 after lab event
2026-07-17 00:42:04,225 WARNING clinical_reasoning.services.engine: No ACTIVE rules matched for patient BGD-E2E1 � 
differential will be empty. Ensure KnowledgeBase entries have ACTIVE status.
2026-07-17 00:42:04,231 INFO clinical_reasoning.event_handlers: Recomputed profile for patient BGD-E2E1 after 
lab_result.created
2026-07-17 00:42:04,241 INFO clinical_reasoning.event_handlers: Recomputed outcome for patient BGD-E2E1 after lab event
2026-07-17 00:42:04,247 WARNING clinical_reasoning.services.engine: No ACTIVE rules matched for patient BGD-E2E1 � 
differential will be empty. Ensure KnowledgeBase entries have ACTIVE status.
2026-07-17 00:42:04,253 INFO clinical_reasoning.event_handlers: Recomputed profile for patient BGD-E2E1 after 
lab_result.created
2026-07-17 00:42:04,261 WARNING clinical_reasoning.services.engine: No ACTIVE rules matched for patient BGD-E2E1 � 
differential will be empty. Ensure KnowledgeBase entries have ACTIVE status.
2026-07-17 00:42:04,267 INFO clinical_reasoning.event_handlers: Recomputed profile for patient BGD-E2E1 after 
patient.updated
2026-07-17 00:42:04,277 INFO clinical_reasoning.event_handlers: Recomputed outcome for patient BGD-E2E1 after lab event
2026-07-17 00:42:04,283 WARNING clinical_reasoning.services.engine: No ACTIVE rules matched for patient BGD-E2E1 � 
differential will be empty. Ensure KnowledgeBase entries have ACTIVE status.
2026-07-17 00:42:04,290 INFO clinical_reasoning.event_handlers: Recomputed profile for patient BGD-E2E1 after 
lab_result.created
2026-07-17 00:42:04,299 INFO clinical_reasoning.event_handlers: Recomputed outcome for patient BGD-E2E1 after lab event
2026-07-17 00:42:04,305 WARNING clinical_reasoning.services.engine: No ACTIVE rules matched for patient BGD-E2E1 � 
differential will be empty. Ensure KnowledgeBase entries have ACTIVE status.
2026-07-17 00:42:04,313 INFO clinical_reasoning.event_handlers: Recomputed profile for patient BGD-E2E1 after 
lab_result.created
2026-07-17 00:42:04,322 WARNING clinical_reasoning.services.engine: No ACTIVE rules matched for patient BGD-E2E1 � 
differential will be empty. Ensure KnowledgeBase entries have ACTIVE status.
2026-07-17 00:42:04,329 INFO clinical_reasoning.event_handlers: Recomputed profile for patient BGD-E2E1 after 
patient.updated
2026-07-17 00:42:04,339 WARNING clinical_reasoning.services.engine: No ACTIVE rules matched for patient BGD-E2E1 � 
differential will be empty. Ensure KnowledgeBase entries have ACTIVE status.
2026-07-17 00:42:04,346 INFO clinical_reasoning.event_handlers: Recomputed profile for patient BGD-E2E1 after 
biopsy.created
2026-07-17 00:42:04,362 WARNING clinical_reasoning.services.engine: No ACTIVE rules matched for patient BGD-E2E1 � 
differential will be empty. Ensure KnowledgeBase entries have ACTIVE status.
2026-07-17 00:42:04,369 INFO clinical_reasoning.event_handlers: Recomputed profile for patient BGD-E2E1 after 
treatment_exposure.created
.2026-07-17 00:42:05,233 WARNING clinical_reasoning.services.engine: No ACTIVE rules matched for patient BGD-0001 � 
differential will be empty. Ensure KnowledgeBase entries have ACTIVE status.
2026-07-17 00:42:05,240 INFO clinical_reasoning.event_handlers: Recomputed profile for patient BGD-0001 after 
patient.registered
2026-07-17 00:42:05,248 WARNING clinical_reasoning.services.engine: No ACTIVE rules matched for patient BGD-0001 � 
differential will be empty. Ensure KnowledgeBase entries have ACTIVE status.
2026-07-17 00:42:05,255 INFO clinical_reasoning.event_handlers: Recomputed profile for patient BGD-0001 after 
encounter.created
2026-07-17 00:42:05,265 WARNING clinical_reasoning.services.engine: No ACTIVE rules matched for patient BGD-0001 � 
differential will be empty. Ensure KnowledgeBase entries have ACTIVE status.
2026-07-17 00:42:05,272 INFO clinical_reasoning.event_handlers: Recomputed profile for patient BGD-0001 after 
treatment_exposure.created
2026-07-17 00:42:05,280 WARNING clinical_reasoning.services.engine: No ACTIVE rules matched for patient BGD-0001 � 
differential will be empty. Ensure KnowledgeBase entries have ACTIVE status.
2026-07-17 00:42:05,286 INFO clinical_reasoning.event_handlers: Recomputed profile for patient BGD-0001 after 
encounter.created
.2026-07-17 00:42:05,300 WARNING clinical_reasoning.services.engine: No ACTIVE rules matched for patient BGD-0001 � 
differential will be empty. Ensure KnowledgeBase entries have ACTIVE status.
2026-07-17 00:42:05,306 INFO clinical_reasoning.event_handlers: Recomputed profile for patient BGD-0001 after 
patient.registered
2026-07-17 00:42:05,315 WARNING clinical_reasoning.services.engine: No ACTIVE rules matched for patient BGD-0001 � 
differential will be empty. Ensure KnowledgeBase entries have ACTIVE status.
2026-07-17 00:42:05,323 INFO clinical_reasoning.event_handlers: Recomputed profile for patient BGD-0001 after 
encounter.created
2026-07-17 00:42:05,335 WARNING clinical_reasoning.services.engine: No ACTIVE rules matched for patient BGD-0001 � 
differential will be empty. Ensure KnowledgeBase entries have ACTIVE status.
2026-07-17 00:42:05,342 INFO clinical_reasoning.event_handlers: Recomputed profile for patient BGD-0001 after 
treatment_exposure.created
2026-07-17 00:42:05,350 WARNING clinical_reasoning.services.engine: No ACTIVE rules matched for patient BGD-0001 � 
differential will be empty. Ensure KnowledgeBase entries have ACTIVE status.
2026-07-17 00:42:05,356 INFO clinical_reasoning.event_handlers: Recomputed profile for patient BGD-0001 after 
encounter.created
2026-07-17 00:42:05,369 WARNING clinical_reasoning.services.engine: No ACTIVE rules matched for patient BGD-0001 � 
differential will be empty. Ensure KnowledgeBase entries have ACTIVE status.
2026-07-17 00:42:05,375 INFO clinical_reasoning.event_handlers: Recomputed profile for patient BGD-0001 after 
treatment_exposure.updated
2026-07-17 00:42:05,382 WARNING clinical_reasoning.services.engine: No ACTIVE rules matched for patient BGD-0001 � 
differential will be empty. Ensure KnowledgeBase entries have ACTIVE status.
2026-07-17 00:42:05,392 INFO clinical_reasoning.event_handlers: Recomputed profile for patient BGD-0001 after 
treatment_exposure.created
.2026-07-17 00:42:05,403 WARNING clinical_reasoning.services.engine: No ACTIVE rules matched for patient BGD-0001 � 
differential will be empty. Ensure KnowledgeBase entries have ACTIVE status.
2026-07-17 00:42:05,410 INFO clinical_reasoning.event_handlers: Recomputed profile for patient BGD-0001 after 
patient.registered
2026-07-17 00:42:05,418 WARNING clinical_reasoning.services.engine: No ACTIVE rules matched for patient BGD-0001 � 
differential will be empty. Ensure KnowledgeBase entries have ACTIVE status.
2026-07-17 00:42:05,425 INFO clinical_reasoning.event_handlers: Recomputed profile for patient BGD-0001 after 
encounter.created
2026-07-17 00:42:05,436 WARNING clinical_reasoning.services.engine: No ACTIVE rules matched for patient BGD-0001 � 
differential will be empty. Ensure KnowledgeBase entries have ACTIVE status.
2026-07-17 00:42:05,442 INFO clinical_reasoning.event_handlers: Recomputed profile for patient BGD-0001 after 
treatment_exposure.created
2026-07-17 00:42:05,449 WARNING clinical_reasoning.services.engine: No ACTIVE rules matched for patient BGD-0001 � 
differential will be empty. Ensure KnowledgeBase entries have ACTIVE status.
2026-07-17 00:42:05,456 INFO clinical_reasoning.event_handlers: Recomputed profile for patient BGD-0001 after 
treatment_exposure.created
2026-07-17 00:42:05,473 WARNING clinical_reasoning.services.engine: No ACTIVE rules matched for patient BGD-0001 � 
differential will be empty. Ensure KnowledgeBase entries have ACTIVE status.
2026-07-17 00:42:05,485 INFO clinical_reasoning.event_handlers: Recomputed profile for patient BGD-0001 after 
encounter.created
2026-07-17 00:42:05,497 WARNING clinical_reasoning.services.engine: No ACTIVE rules matched for patient BGD-0001 � 
differential will be empty. Ensure KnowledgeBase entries have ACTIVE status.
2026-07-17 00:42:05,505 INFO clinical_reasoning.event_handlers: Recomputed profile for patient BGD-0001 after 
treatment_exposure.updated
.2026-07-17 00:42:05,514 WARNING clinical_reasoning.services.engine: No ACTIVE rules matched for patient BGD-0001 � 
differential will be empty. Ensure KnowledgeBase entries have ACTIVE status.
2026-07-17 00:42:05,520 INFO clinical_reasoning.event_handlers: Recomputed profile for patient BGD-0001 after 
patient.registered
2026-07-17 00:42:05,528 WARNING clinical_reasoning.services.engine: No ACTIVE rules matched for patient BGD-0001 � 
differential will be empty. Ensure KnowledgeBase entries have ACTIVE status.
2026-07-17 00:42:05,535 INFO clinical_reasoning.event_handlers: Recomputed profile for patient BGD-0001 after 
encounter.created
2026-07-17 00:42:05,549 WARNING clinical_reasoning.services.engine: No ACTIVE rules matched for patient BGD-0001 � 
differential will be empty. Ensure KnowledgeBase entries have ACTIVE status.
2026-07-17 00:42:05,556 INFO clinical_reasoning.event_handlers: Recomputed profile for patient BGD-0001 after 
treatment_exposure.created
.2026-07-17 00:42:05,567 WARNING clinical_reasoning.services.engine: No ACTIVE rules matched for patient BGD-0001 � 
differential will be empty. Ensure KnowledgeBase entries have ACTIVE status.
2026-07-17 00:42:05,574 INFO clinical_reasoning.event_handlers: Recomputed profile for patient BGD-0001 after 
patient.registered
2026-07-17 00:42:05,582 WARNING clinical_reasoning.services.engine: No ACTIVE rules matched for patient BGD-0001 � 
differential will be empty. Ensure KnowledgeBase entries have ACTIVE status.
2026-07-17 00:42:05,588 INFO clinical_reasoning.event_handlers: Recomputed profile for patient BGD-0001 after 
encounter.created
2026-07-17 00:42:05,600 WARNING clinical_reasoning.services.engine: No ACTIVE rules matched for patient BGD-0001 � 
differential will be empty. Ensure KnowledgeBase entries have ACTIVE status.
2026-07-17 00:42:05,607 INFO clinical_reasoning.event_handlers: Recomputed profile for patient BGD-0001 after 
treatment_exposure.created
2026-07-17 00:42:05,614 WARNING clinical_reasoning.services.engine: No ACTIVE rules matched for patient BGD-0001 � 
differential will be empty. Ensure KnowledgeBase entries have ACTIVE status.
2026-07-17 00:42:05,621 INFO clinical_reasoning.event_handlers: Recomputed profile for patient BGD-0001 after 
treatment_exposure.created
.2026-07-17 00:42:05,629 WARNING clinical_reasoning.services.engine: No ACTIVE rules matched for patient BGD-0001 � 
differential will be empty. Ensure KnowledgeBase entries have ACTIVE status.
2026-07-17 00:42:05,636 INFO clinical_reasoning.event_handlers: Recomputed profile for patient BGD-0001 after 
patient.registered
2026-07-17 00:42:05,647 WARNING clinical_reasoning.services.engine: No ACTIVE rules matched for patient BGD-0001 � 
differential will be empty. Ensure KnowledgeBase entries have ACTIVE status.
2026-07-17 00:42:05,654 INFO clinical_reasoning.event_handlers: Recomputed profile for patient BGD-0001 after 
encounter.created
2026-07-17 00:42:05,667 WARNING clinical_reasoning.services.engine: No ACTIVE rules matched for patient BGD-0001 � 
differential will be empty. Ensure KnowledgeBase entries have ACTIVE status.
2026-07-17 00:42:05,673 INFO clinical_reasoning.event_handlers: Recomputed profile for patient BGD-0001 after 
treatment_exposure.created
.2026-07-17 00:42:05,682 WARNING clinical_reasoning.services.engine: No ACTIVE rules matched for patient BGD-TEST-001 
� differential will be empty. Ensure KnowledgeBase entries have ACTIVE status.
2026-07-17 00:42:05,689 INFO clinical_reasoning.event_handlers: Recomputed profile for patient BGD-TEST-001 after 
patient.registered
.2026-07-17 00:42:05,697 WARNING clinical_reasoning.services.engine: No ACTIVE rules matched for patient BGD-TEST-001 
� differential will be empty. Ensure KnowledgeBase entries have ACTIVE status.
2026-07-17 00:42:05,703 INFO clinical_reasoning.event_handlers: Recomputed profile for patient BGD-TEST-001 after 
patient.registered
.2026-07-17 00:42:05,712 WARNING clinical_reasoning.services.engine: No ACTIVE rules matched for patient BGD-TEST-001 
� differential will be empty. Ensure KnowledgeBase entries have ACTIVE status.
2026-07-17 00:42:05,718 INFO clinical_reasoning.event_handlers: Recomputed profile for patient BGD-TEST-001 after 
patient.registered
.2026-07-17 00:42:05,726 WARNING clinical_reasoning.services.engine: No ACTIVE rules matched for patient BGD-TEST-002 
� differential will be empty. Ensure KnowledgeBase entries have ACTIVE status.
2026-07-17 00:42:05,733 INFO clinical_reasoning.event_handlers: Recomputed profile for patient BGD-TEST-002 after 
patient.registered
2026-07-17 00:42:05,736 INFO bgddr.reminders: Created 1 visit reminders
.2026-07-17 00:42:05,750 WARNING clinical_reasoning.services.engine: No ACTIVE rules matched for patient AE1 � 
differential will be empty. Ensure KnowledgeBase entries have ACTIVE status.
2026-07-17 00:42:05,756 INFO clinical_reasoning.event_handlers: Recomputed profile for patient AE1 after 
patient.registered
.2026-07-17 00:42:05,765 WARNING clinical_reasoning.services.engine: No ACTIVE rules matched for patient AE1 � 
differential will be empty. Ensure KnowledgeBase entries have ACTIVE status.
2026-07-17 00:42:05,771 INFO clinical_reasoning.event_handlers: Recomputed profile for patient AE1 after 
patient.registered
.2026-07-17 00:42:05,779 WARNING clinical_reasoning.services.engine: No ACTIVE rules matched for patient AE1 � 
differential will be empty. Ensure KnowledgeBase entries have ACTIVE status.
2026-07-17 00:42:05,786 INFO clinical_reasoning.event_handlers: Recomputed profile for patient AE1 after 
patient.registered
.2026-07-17 00:42:05,815 WARNING clinical_reasoning.services.engine: No ACTIVE rules matched for patient D1 � 
differential will be empty. Ensure KnowledgeBase entries have ACTIVE status.
2026-07-17 00:42:05,822 INFO clinical_reasoning.event_handlers: Recomputed profile for patient D1 after 
patient.registered
2026-07-17 00:42:05,833 INFO clinical_reasoning.event_handlers: Recomputed outcome for patient D1 after lab event
2026-07-17 00:42:05,838 WARNING clinical_reasoning.services.engine: No ACTIVE rules matched for patient D1 � 
differential will be empty. Ensure KnowledgeBase entries have ACTIVE status.
2026-07-17 00:42:05,845 INFO clinical_reasoning.event_handlers: Recomputed profile for patient D1 after 
lab_result.created
2026-07-17 00:42:05,855 INFO clinical_reasoning.event_handlers: Recomputed outcome for patient D1 after lab event
2026-07-17 00:42:05,860 WARNING clinical_reasoning.services.engine: No ACTIVE rules matched for patient D1 � 
differential will be empty. Ensure KnowledgeBase entries have ACTIVE status.
2026-07-17 00:42:05,867 INFO clinical_reasoning.event_handlers: Recomputed profile for patient D1 after 
lab_result.created
2026-07-17 00:42:05,875 WARNING clinical_reasoning.services.engine: No ACTIVE rules matched for patient D1 � 
differential will be empty. Ensure KnowledgeBase entries have ACTIVE status.
2026-07-17 00:42:05,881 INFO clinical_reasoning.event_handlers: Recomputed profile for patient D1 after patient.updated
2026-07-17 00:42:05,892 INFO clinical_reasoning.event_handlers: Recomputed outcome for patient D1 after lab event
2026-07-17 00:42:05,897 WARNING clinical_reasoning.services.engine: No ACTIVE rules matched for patient D1 � 
differential will be empty. Ensure KnowledgeBase entries have ACTIVE status.
2026-07-17 00:42:05,904 INFO clinical_reasoning.event_handlers: Recomputed profile for patient D1 after 
lab_result.created
2026-07-17 00:42:05,915 INFO clinical_reasoning.event_handlers: Recomputed outcome for patient D1 after lab event
2026-07-17 00:42:05,921 WARNING clinical_reasoning.services.engine: No ACTIVE rules matched for patient D1 � 
differential will be empty. Ensure KnowledgeBase entries have ACTIVE status.
2026-07-17 00:42:05,929 INFO clinical_reasoning.event_handlers: Recomputed profile for patient D1 after 
lab_result.created
2026-07-17 00:42:05,938 WARNING clinical_reasoning.services.engine: No ACTIVE rules matched for patient D1 � 
differential will be empty. Ensure KnowledgeBase entries have ACTIVE status.
2026-07-17 00:42:05,944 INFO clinical_reasoning.event_handlers: Recomputed profile for patient D1 after patient.updated
2026-07-17 00:42:05,959 WARNING clinical_reasoning.services.engine: No ACTIVE rules matched for patient D2 � 
differential will be empty. Ensure KnowledgeBase entries have ACTIVE status.
2026-07-17 00:42:05,966 INFO clinical_reasoning.event_handlers: Recomputed profile for patient D2 after 
patient.registered
2026-07-17 00:42:05,976 INFO clinical_reasoning.event_handlers: Recomputed outcome for patient D2 after lab event
2026-07-17 00:42:05,981 WARNING clinical_reasoning.services.engine: No ACTIVE rules matched for patient D2 � 
differential will be empty. Ensure KnowledgeBase entries have ACTIVE status.
2026-07-17 00:42:05,987 INFO clinical_reasoning.event_handlers: Recomputed profile for patient D2 after 
lab_result.created
2026-07-17 00:42:05,997 INFO clinical_reasoning.event_handlers: Recomputed outcome for patient D2 after lab event
2026-07-17 00:42:06,003 WARNING clinical_reasoning.services.engine: No ACTIVE rules matched for patient D2 � 
differential will be empty. Ensure KnowledgeBase entries have ACTIVE status.
2026-07-17 00:42:06,009 INFO clinical_reasoning.event_handlers: Recomputed profile for patient D2 after 
lab_result.created
2026-07-17 00:42:06,017 WARNING clinical_reasoning.services.engine: No ACTIVE rules matched for patient D2 � 
differential will be empty. Ensure KnowledgeBase entries have ACTIVE status.
2026-07-17 00:42:06,023 INFO clinical_reasoning.event_handlers: Recomputed profile for patient D2 after patient.updated
2026-07-17 00:42:06,033 INFO clinical_reasoning.event_handlers: Recomputed outcome for patient D2 after lab event
2026-07-17 00:42:06,038 WARNING clinical_reasoning.services.engine: No ACTIVE rules matched for patient D2 � 
differential will be empty. Ensure KnowledgeBase entries have ACTIVE status.
2026-07-17 00:42:06,045 INFO clinical_reasoning.event_handlers: Recomputed profile for patient D2 after 
lab_result.created
2026-07-17 00:42:06,059 INFO clinical_reasoning.event_handlers: Recomputed outcome for patient D2 after lab event
2026-07-17 00:42:06,064 WARNING clinical_reasoning.services.engine: No ACTIVE rules matched for patient D2 � 
differential will be empty. Ensure KnowledgeBase entries have ACTIVE status.
2026-07-17 00:42:06,070 INFO clinical_reasoning.event_handlers: Recomputed profile for patient D2 after 
lab_result.created
2026-07-17 00:42:06,077 WARNING clinical_reasoning.services.engine: No ACTIVE rules matched for patient D2 � 
differential will be empty. Ensure KnowledgeBase entries have ACTIVE status.
2026-07-17 00:42:06,084 INFO clinical_reasoning.event_handlers: Recomputed profile for patient D2 after patient.updated
2026-07-17 00:42:06,099 WARNING clinical_reasoning.services.engine: No ACTIVE rules matched for patient N1 � 
differential will be empty. Ensure KnowledgeBase entries have ACTIVE status.
2026-07-17 00:42:06,106 INFO clinical_reasoning.event_handlers: Recomputed profile for patient N1 after 
patient.registered
2026-07-17 00:42:06,119 INFO clinical_reasoning.event_handlers: Recomputed outcome for patient N1 after lab event
2026-07-17 00:42:06,127 WARNING clinical_reasoning.services.engine: No ACTIVE rules matched for patient N1 � 
differential will be empty. Ensure KnowledgeBase entries have ACTIVE status.
2026-07-17 00:42:06,133 INFO clinical_reasoning.event_handlers: Recomputed profile for patient N1 after 
lab_result.created
2026-07-17 00:42:06,144 INFO clinical_reasoning.event_handlers: Recomputed outcome for patient N1 after lab event
2026-07-17 00:42:06,150 WARNING clinical_reasoning.services.engine: No ACTIVE rules matched for patient N1 � 
differential will be empty. Ensure KnowledgeBase entries have ACTIVE status.
2026-07-17 00:42:06,156 INFO clinical_reasoning.event_handlers: Recomputed profile for patient N1 after 
lab_result.created
2026-07-17 00:42:06,164 WARNING clinical_reasoning.services.engine: No ACTIVE rules matched for patient N1 � 
differential will be empty. Ensure KnowledgeBase entries have ACTIVE status.
2026-07-17 00:42:06,171 INFO clinical_reasoning.event_handlers: Recomputed profile for patient N1 after patient.updated
2026-07-17 00:42:06,181 INFO clinical_reasoning.event_handlers: Recomputed outcome for patient N1 after lab event
2026-07-17 00:42:06,186 WARNING clinical_reasoning.services.engine: No ACTIVE rules matched for patient N1 � 
differential will be empty. Ensure KnowledgeBase entries have ACTIVE status.
2026-07-17 00:42:06,192 INFO clinical_reasoning.event_handlers: Recomputed profile for patient N1 after 
lab_result.created
2026-07-17 00:42:06,202 INFO clinical_reasoning.event_handlers: Recomputed outcome for patient N1 after lab event
2026-07-17 00:42:06,207 WARNING clinical_reasoning.services.engine: No ACTIVE rules matched for patient N1 � 
differential will be empty. Ensure KnowledgeBase entries have ACTIVE status.
2026-07-17 00:42:06,213 INFO clinical_reasoning.event_handlers: Recomputed profile for patient N1 after 
lab_result.created
2026-07-17 00:42:06,224 WARNING clinical_reasoning.services.engine: No ACTIVE rules matched for patient N1 � 
differential will be empty. Ensure KnowledgeBase entries have ACTIVE status.
2026-07-17 00:42:06,231 INFO clinical_reasoning.event_handlers: Recomputed profile for patient N1 after patient.updated
2026-07-17 00:42:06,244 WARNING clinical_reasoning.services.engine: No ACTIVE rules matched for patient N2 � 
differential will be empty. Ensure KnowledgeBase entries have ACTIVE status.
2026-07-17 00:42:06,251 INFO clinical_reasoning.event_handlers: Recomputed profile for patient N2 after 
patient.registered
2026-07-17 00:42:06,260 INFO clinical_reasoning.event_handlers: Recomputed outcome for patient N2 after lab event
2026-07-17 00:42:06,265 WARNING clinical_reasoning.services.engine: No ACTIVE rules matched for patient N2 � 
differential will be empty. Ensure KnowledgeBase entries have ACTIVE status.
2026-07-17 00:42:06,271 INFO clinical_reasoning.event_handlers: Recomputed profile for patient N2 after 
lab_result.created
2026-07-17 00:42:06,281 INFO clinical_reasoning.event_handlers: Recomputed outcome for patient N2 after lab event
2026-07-17 00:42:06,286 WARNING clinical_reasoning.services.engine: No ACTIVE rules matched for patient N2 � 
differential will be empty. Ensure KnowledgeBase entries have ACTIVE status.
2026-07-17 00:42:06,292 INFO clinical_reasoning.event_handlers: Recomputed profile for patient N2 after 
lab_result.created
2026-07-17 00:42:06,300 WARNING clinical_reasoning.services.engine: No ACTIVE rules matched for patient N2 � 
differential will be empty. Ensure KnowledgeBase entries have ACTIVE status.
2026-07-17 00:42:06,307 INFO clinical_reasoning.event_handlers: Recomputed profile for patient N2 after patient.updated
2026-07-17 00:42:06,317 INFO clinical_reasoning.event_handlers: Recomputed outcome for patient N2 after lab event
2026-07-17 00:42:06,323 WARNING clinical_reasoning.services.engine: No ACTIVE rules matched for patient N2 � 
differential will be empty. Ensure KnowledgeBase entries have ACTIVE status.
2026-07-17 00:42:06,329 INFO clinical_reasoning.event_handlers: Recomputed profile for patient N2 after 
lab_result.created
2026-07-17 00:42:06,341 INFO clinical_reasoning.event_handlers: Recomputed outcome for patient N2 after lab event
2026-07-17 00:42:06,348 WARNING clinical_reasoning.services.engine: No ACTIVE rules matched for patient N2 � 
differential will be empty. Ensure KnowledgeBase entries have ACTIVE status.
2026-07-17 00:42:06,355 INFO clinical_reasoning.event_handlers: Recomputed profile for patient N2 after 
lab_result.created
2026-07-17 00:42:06,363 WARNING clinical_reasoning.services.engine: No ACTIVE rules matched for patient N2 � 
differential will be empty. Ensure KnowledgeBase entries have ACTIVE status.
2026-07-17 00:42:06,369 INFO clinical_reasoning.event_handlers: Recomputed profile for patient N2 after patient.updated
.2026-07-17 00:42:06,409 WARNING clinical_reasoning.services.engine: No ACTIVE rules matched for patient S1 � 
differential will be empty. Ensure KnowledgeBase entries have ACTIVE status.
2026-07-17 00:42:06,418 INFO clinical_reasoning.event_handlers: Recomputed profile for patient S1 after 
patient.registered
2026-07-17 00:42:06,430 INFO clinical_reasoning.event_handlers: Recomputed outcome for patient S1 after lab event
2026-07-17 00:42:06,435 WARNING clinical_reasoning.services.engine: No ACTIVE rules matched for patient S1 � 
differential will be empty. Ensure KnowledgeBase entries have ACTIVE status.
2026-07-17 00:42:06,442 INFO clinical_reasoning.event_handlers: Recomputed profile for patient S1 after 
lab_result.created
2026-07-17 00:42:06,454 INFO clinical_reasoning.event_handlers: Recomputed outcome for patient S1 after lab event
2026-07-17 00:42:06,461 WARNING clinical_reasoning.services.engine: No ACTIVE rules matched for patient S1 � 
differential will be empty. Ensure KnowledgeBase entries have ACTIVE status.
2026-07-17 00:42:06,468 INFO clinical_reasoning.event_handlers: Recomputed profile for patient S1 after 
lab_result.created
2026-07-17 00:42:06,478 WARNING clinical_reasoning.services.engine: No ACTIVE rules matched for patient S1 � 
differential will be empty. Ensure KnowledgeBase entries have ACTIVE status.
2026-07-17 00:42:06,486 INFO clinical_reasoning.event_handlers: Recomputed profile for patient S1 after patient.updated
2026-07-17 00:42:06,497 INFO clinical_reasoning.event_handlers: Recomputed outcome for patient S1 after lab event
2026-07-17 00:42:06,502 WARNING clinical_reasoning.services.engine: No ACTIVE rules matched for patient S1 � 
differential will be empty. Ensure KnowledgeBase entries have ACTIVE status.
2026-07-17 00:42:06,509 INFO clinical_reasoning.event_handlers: Recomputed profile for patient S1 after 
lab_result.created
2026-07-17 00:42:06,520 INFO clinical_reasoning.event_handlers: Recomputed outcome for patient S1 after lab event
2026-07-17 00:42:06,526 WARNING clinical_reasoning.services.engine: No ACTIVE rules matched for patient S1 � 
differential will be empty. Ensure KnowledgeBase entries have ACTIVE status.
2026-07-17 00:42:06,533 INFO clinical_reasoning.event_handlers: Recomputed profile for patient S1 after 
lab_result.created
2026-07-17 00:42:06,542 WARNING clinical_reasoning.services.engine: No ACTIVE rules matched for patient S1 � 
differential will be empty. Ensure KnowledgeBase entries have ACTIVE status.
2026-07-17 00:42:06,548 INFO clinical_reasoning.event_handlers: Recomputed profile for patient S1 after patient.updated
.2026-07-17 00:42:06,569 WARNING clinical_reasoning.services.engine: No ACTIVE rules matched for patient SF0 � 
differential will be empty. Ensure KnowledgeBase entries have ACTIVE status.
2026-07-17 00:42:06,576 INFO clinical_reasoning.event_handlers: Recomputed profile for patient SF0 after 
patient.registered
2026-07-17 00:42:06,587 WARNING clinical_reasoning.services.engine: No ACTIVE rules matched for patient SF1 � 
differential will be empty. Ensure KnowledgeBase entries have ACTIVE status.
2026-07-17 00:42:06,594 INFO clinical_reasoning.event_handlers: Recomputed profile for patient SF1 after 
patient.registered
2026-07-17 00:42:06,605 WARNING clinical_reasoning.services.engine: No ACTIVE rules matched for patient SF2 � 
differential will be empty. Ensure KnowledgeBase entries have ACTIVE status.
2026-07-17 00:42:06,612 INFO clinical_reasoning.event_handlers: Recomputed profile for patient SF2 after 
patient.registered
2026-07-17 00:42:06,624 WARNING clinical_reasoning.services.engine: No ACTIVE rules matched for patient SF3 � 
differential will be empty. Ensure KnowledgeBase entries have ACTIVE status.
2026-07-17 00:42:06,632 INFO clinical_reasoning.event_handlers: Recomputed profile for patient SF3 after 
patient.registered
.2026-07-17 00:42:06,649 WARNING clinical_reasoning.services.engine: No ACTIVE rules matched for patient CAP0 � 
differential will be empty. Ensure KnowledgeBase entries have ACTIVE status.
2026-07-17 00:42:06,656 INFO clinical_reasoning.event_handlers: Recomputed profile for patient CAP0 after 
patient.registered
2026-07-17 00:42:06,666 WARNING clinical_reasoning.services.engine: No ACTIVE rules matched for patient CAP1 � 
differential will be empty. Ensure KnowledgeBase entries have ACTIVE status.
2026-07-17 00:42:06,673 INFO clinical_reasoning.event_handlers: Recomputed profile for patient CAP1 after 
patient.registered
2026-07-17 00:42:06,682 WARNING clinical_reasoning.services.engine: No ACTIVE rules matched for patient CAP2 � 
differential will be empty. Ensure KnowledgeBase entries have ACTIVE status.
2026-07-17 00:42:06,689 INFO clinical_reasoning.event_handlers: Recomputed profile for patient CAP2 after 
patient.registered
.2026-07-17 00:42:06,699 WARNING clinical_reasoning.services.engine: No ACTIVE rules matched for patient CMP1 � 
differential will be empty. Ensure KnowledgeBase entries have ACTIVE status.
2026-07-17 00:42:06,706 INFO clinical_reasoning.event_handlers: Recomputed profile for patient CMP1 after 
patient.registered
2026-07-17 00:42:06,715 WARNING clinical_reasoning.services.engine: No ACTIVE rules matched for patient CMP1 � 
differential will be empty. Ensure KnowledgeBase entries have ACTIVE status.
2026-07-17 00:42:06,722 INFO clinical_reasoning.event_handlers: Recomputed profile for patient CMP1 after 
encounter.created
.2026-07-17 00:42:06,732 WARNING clinical_reasoning.services.engine: No ACTIVE rules matched for patient DUE1 � 
differential will be empty. Ensure KnowledgeBase entries have ACTIVE status.
2026-07-17 00:42:06,738 INFO clinical_reasoning.event_handlers: Recomputed profile for patient DUE1 after 
patient.registered
.2026-07-17 00:42:06,758 WARNING clinical_reasoning.services.engine: No ACTIVE rules matched for patient ROST1 � 
differential will be empty. Ensure KnowledgeBase entries have ACTIVE status.
2026-07-17 00:42:06,765 INFO clinical_reasoning.event_handlers: Recomputed profile for patient ROST1 after 
patient.registered
.2026-07-17 00:42:06,775 WARNING clinical_reasoning.services.engine: No ACTIVE rules matched for patient MON1 � 
differential will be empty. Ensure KnowledgeBase entries have ACTIVE status.
2026-07-17 00:42:06,782 INFO clinical_reasoning.event_handlers: Recomputed profile for patient MON1 after 
patient.registered
2026-07-17 00:42:06,790 WARNING clinical_reasoning.services.engine: No ACTIVE rules matched for patient MON1 � 
differential will be empty. Ensure KnowledgeBase entries have ACTIVE status.
2026-07-17 00:42:06,798 INFO clinical_reasoning.event_handlers: Recomputed profile for patient MON1 after 
treatment_exposure.created
.2026-07-17 00:42:06,807 WARNING clinical_reasoning.services.engine: No ACTIVE rules matched for patient MON1 � 
differential will be empty. Ensure KnowledgeBase entries have ACTIVE status.
2026-07-17 00:42:06,813 INFO clinical_reasoning.event_handlers: Recomputed profile for patient MON1 after 
patient.registered
.2026-07-17 00:42:06,823 WARNING clinical_reasoning.services.engine: No ACTIVE rules matched for patient SC1 � 
differential will be empty. Ensure KnowledgeBase entries have ACTIVE status.
2026-07-17 00:42:06,830 INFO clinical_reasoning.event_handlers: Recomputed profile for patient SC1 after 
patient.registered
.2026-07-17 00:42:06,845 WARNING clinical_reasoning.services.engine: No ACTIVE rules matched for patient SC1 � 
differential will be empty. Ensure KnowledgeBase entries have ACTIVE status.
2026-07-17 00:42:06,852 INFO clinical_reasoning.event_handlers: Recomputed profile for patient SC1 after 
patient.registered
.2026-07-17 00:42:06,875 WARNING clinical_reasoning.services.engine: No ACTIVE rules matched for patient SC1 � 
differential will be empty. Ensure KnowledgeBase entries have ACTIVE status.
2026-07-17 00:42:06,882 INFO clinical_reasoning.event_handlers: Recomputed profile for patient SC1 after 
patient.registered
.2026-07-17 00:42:06,889 WARNING clinical_reasoning.services.engine: No ACTIVE rules matched for patient SC1 � 
differential will be empty. Ensure KnowledgeBase entries have ACTIVE status.
2026-07-17 00:42:06,895 INFO clinical_reasoning.event_handlers: Recomputed profile for patient SC1 after 
patient.registered
.2026-07-17 00:42:06,910 WARNING clinical_reasoning.services.engine: No ACTIVE rules matched for patient A0 � 
differential will be empty. Ensure KnowledgeBase entries have ACTIVE status.
2026-07-17 00:42:06,917 INFO clinical_reasoning.event_handlers: Recomputed profile for patient A0 after 
patient.registered
2026-07-17 00:42:06,926 WARNING clinical_reasoning.services.engine: No ACTIVE rules matched for patient A1 � 
differential will be empty. Ensure KnowledgeBase entries have ACTIVE status.
2026-07-17 00:42:06,933 INFO clinical_reasoning.event_handlers: Recomputed profile for patient A1 after 
patient.registered
2026-07-17 00:42:06,942 WARNING clinical_reasoning.services.engine: No ACTIVE rules matched for patient A2 � 
differential will be empty. Ensure KnowledgeBase entries have ACTIVE status.
2026-07-17 00:42:06,948 INFO clinical_reasoning.event_handlers: Recomputed profile for patient A2 after 
patient.registered
2026-07-17 00:42:06,957 WARNING clinical_reasoning.services.engine: No ACTIVE rules matched for patient A3 � 
differential will be empty. Ensure KnowledgeBase entries have ACTIVE status.
2026-07-17 00:42:06,963 INFO clinical_reasoning.event_handlers: Recomputed profile for patient A3 after 
patient.registered
2026-07-17 00:42:06,972 WARNING clinical_reasoning.services.engine: No ACTIVE rules matched for patient A4 � 
differential will be empty. Ensure KnowledgeBase entries have ACTIVE status.
2026-07-17 00:42:06,979 INFO clinical_reasoning.event_handlers: Recomputed profile for patient A4 after 
patient.registered
2026-07-17 00:42:06,988 WARNING clinical_reasoning.services.engine: No ACTIVE rules matched for patient A5 � 
differential will be empty. Ensure KnowledgeBase entries have ACTIVE status.
2026-07-17 00:42:06,995 INFO clinical_reasoning.event_handlers: Recomputed profile for patient A5 after 
patient.registered
.2026-07-17 00:42:07,006 WARNING clinical_reasoning.services.engine: No ACTIVE rules matched for patient OK � 
differential will be empty. Ensure KnowledgeBase entries have ACTIVE status.
2026-07-17 00:42:07,012 INFO clinical_reasoning.event_handlers: Recomputed profile for patient OK after 
patient.registered
2026-07-17 00:42:07,019 WARNING clinical_reasoning.services.engine: No ACTIVE rules matched for patient BAD � 
differential will be empty. Ensure KnowledgeBase entries have ACTIVE status.
2026-07-17 00:42:07,025 INFO clinical_reasoning.event_handlers: Recomputed profile for patient BAD after 
patient.registered
...2026-07-17 00:42:07,036 WARNING clinical_reasoning.services.engine: No ACTIVE rules matched for patient DUP � 
differential will be empty. Ensure KnowledgeBase entries have ACTIVE status.
2026-07-17 00:42:07,042 INFO clinical_reasoning.event_handlers: Recomputed profile for patient DUP after 
patient.registered
.2026-07-17 00:42:07,053 WARNING clinical_reasoning.services.engine: No ACTIVE rules matched for patient P0 � 
differential will be empty. Ensure KnowledgeBase entries have ACTIVE status.
2026-07-17 00:42:07,059 INFO clinical_reasoning.event_handlers: Recomputed profile for patient P0 after 
patient.registered
2026-07-17 00:42:07,068 WARNING clinical_reasoning.services.engine: No ACTIVE rules matched for patient P1 � 
differential will be empty. Ensure KnowledgeBase entries have ACTIVE status.
2026-07-17 00:42:07,074 INFO clinical_reasoning.event_handlers: Recomputed profile for patient P1 after 
patient.registered
2026-07-17 00:42:07,083 WARNING clinical_reasoning.services.engine: No ACTIVE rules matched for patient P2 � 
differential will be empty. Ensure KnowledgeBase entries have ACTIVE status.
2026-07-17 00:42:07,089 INFO clinical_reasoning.event_handlers: Recomputed profile for patient P2 after 
patient.registered
2026-07-17 00:42:07,098 WARNING clinical_reasoning.services.engine: No ACTIVE rules matched for patient P3 � 
differential will be empty. Ensure KnowledgeBase entries have ACTIVE status.
2026-07-17 00:42:07,104 INFO clinical_reasoning.event_handlers: Recomputed profile for patient P3 after 
patient.registered
2026-07-17 00:42:07,113 WARNING clinical_reasoning.services.engine: No ACTIVE rules matched for patient P4 � 
differential will be empty. Ensure KnowledgeBase entries have ACTIVE status.
2026-07-17 00:42:07,119 INFO clinical_reasoning.event_handlers: Recomputed profile for patient P4 after 
patient.registered
2026-07-17 00:42:07,128 WARNING clinical_reasoning.services.engine: No ACTIVE rules matched for patient P5 � 
differential will be empty. Ensure KnowledgeBase entries have ACTIVE status.
2026-07-17 00:42:07,134 INFO clinical_reasoning.event_handlers: Recomputed profile for patient P5 after 
patient.registered
2026-07-17 00:42:07,143 WARNING clinical_reasoning.services.engine: No ACTIVE rules matched for patient P6 � 
differential will be empty. Ensure KnowledgeBase entries have ACTIVE status.
2026-07-17 00:42:07,149 INFO clinical_reasoning.event_handlers: Recomputed profile for patient P6 after 
patient.registered
2026-07-17 00:42:07,157 WARNING clinical_reasoning.services.engine: No ACTIVE rules matched for patient P7 � 
differential will be empty. Ensure KnowledgeBase entries have ACTIVE status.
2026-07-17 00:42:07,163 INFO clinical_reasoning.event_handlers: Recomputed profile for patient P7 after 
patient.registered
.2026-07-17 00:42:07,174 WARNING clinical_reasoning.services.engine: No ACTIVE rules matched for patient INELIG � 
differential will be empty. Ensure KnowledgeBase entries have ACTIVE status.
2026-07-17 00:42:07,180 INFO clinical_reasoning.event_handlers: Recomputed profile for patient INELIG after 
patient.registered
..2026-07-17 00:42:07,191 WARNING clinical_reasoning.services.engine: No ACTIVE rules matched for patient D0 � 
differential will be empty. Ensure KnowledgeBase entries have ACTIVE status.
2026-07-17 00:42:07,197 INFO clinical_reasoning.event_handlers: Recomputed profile for patient D0 after 
patient.registered
2026-07-17 00:42:07,206 WARNING clinical_reasoning.services.engine: No ACTIVE rules matched for patient D1 � 
differential will be empty. Ensure KnowledgeBase entries have ACTIVE status.
2026-07-17 00:42:07,212 INFO clinical_reasoning.event_handlers: Recomputed profile for patient D1 after 
patient.registered
2026-07-17 00:42:07,220 WARNING clinical_reasoning.services.engine: No ACTIVE rules matched for patient D2 � 
differential will be empty. Ensure KnowledgeBase entries have ACTIVE status.
2026-07-17 00:42:07,227 INFO clinical_reasoning.event_handlers: Recomputed profile for patient D2 after 
patient.registered
2026-07-17 00:42:07,235 WARNING clinical_reasoning.services.engine: No ACTIVE rules matched for patient D3 � 
differential will be empty. Ensure KnowledgeBase entries have ACTIVE status.
2026-07-17 00:42:07,241 INFO clinical_reasoning.event_handlers: Recomputed profile for patient D3 after 
patient.registered
2026-07-17 00:42:07,250 WARNING clinical_reasoning.services.engine: No ACTIVE rules matched for patient N0 � 
differential will be empty. Ensure KnowledgeBase entries have ACTIVE status.
2026-07-17 00:42:07,256 INFO clinical_reasoning.event_handlers: Recomputed profile for patient N0 after 
patient.registered
2026-07-17 00:42:07,264 WARNING clinical_reasoning.services.engine: No ACTIVE rules matched for patient N1 � 
differential will be empty. Ensure KnowledgeBase entries have ACTIVE status.
2026-07-17 00:42:07,270 INFO clinical_reasoning.event_handlers: Recomputed profile for patient N1 after 
patient.registered
2026-07-17 00:42:07,278 WARNING clinical_reasoning.services.engine: No ACTIVE rules matched for patient N2 � 
differential will be empty. Ensure KnowledgeBase entries have ACTIVE status.
2026-07-17 00:42:07,285 INFO clinical_reasoning.event_handlers: Recomputed profile for patient N2 after 
patient.registered
2026-07-17 00:42:07,293 WARNING clinical_reasoning.services.engine: No ACTIVE rules matched for patient N3 � 
differential will be empty. Ensure KnowledgeBase entries have ACTIVE status.
2026-07-17 00:42:07,300 INFO clinical_reasoning.event_handlers: Recomputed profile for patient N3 after 
patient.registered
.2026-07-17 00:42:07,311 WARNING clinical_reasoning.services.engine: No ACTIVE rules matched for patient NOCONSENT � 
differential will be empty. Ensure KnowledgeBase entries have ACTIVE status.
2026-07-17 00:42:07,317 INFO clinical_reasoning.event_handlers: Recomputed profile for patient NOCONSENT after 
patient.registered
.2026-07-17 00:42:07,331 WARNING clinical_reasoning.services.engine: No ACTIVE rules matched for patient BGD-00001 � 
differential will be empty. Ensure KnowledgeBase entries have ACTIVE status.
2026-07-17 00:42:07,337 INFO clinical_reasoning.event_handlers: Recomputed profile for patient BGD-00001 after 
patient.registered
.2026-07-17 00:42:07,345 WARNING clinical_reasoning.services.engine: No ACTIVE rules matched for patient BGD-00001 � 
differential will be empty. Ensure KnowledgeBase entries have ACTIVE status.
2026-07-17 00:42:07,351 INFO clinical_reasoning.event_handlers: Recomputed profile for patient BGD-00001 after 
patient.registered
2026-07-17 00:42:07,358 WARNING clinical_reasoning.services.engine: No ACTIVE rules matched for patient BGD-00001 � 
differential will be empty. Ensure KnowledgeBase entries have ACTIVE status.
2026-07-17 00:42:07,364 INFO clinical_reasoning.event_handlers: Recomputed profile for patient BGD-00001 after 
encounter.created
.2026-07-17 00:42:07,373 WARNING clinical_reasoning.services.engine: No ACTIVE rules matched for patient BGD-00001 � 
differential will be empty. Ensure KnowledgeBase entries have ACTIVE status.
2026-07-17 00:42:07,379 INFO clinical_reasoning.event_handlers: Recomputed profile for patient BGD-00001 after 
patient.registered
.s
======================================================================
ERROR: test_pdf (unittest.loader._FailedTest.test_pdf)
----------------------------------------------------------------------
ImportError: Failed to import test module: test_pdf
Traceback (most recent call last):
  File "C:\Python314\Lib\unittest\loader.py", line 426, in _find_test_path
    module = self._get_module_from_name(name)
  File "C:\Python314\Lib\unittest\loader.py", line 367, in _get_module_from_name
    __import__(name)
    ~~~~~~~~~~^^^^^^
  File "E:\OneDrive\Project Claude\BGDDR\bgddr\test_pdf.py", line 20, in <module>
    exit(1)
    ~~~~^^^
  File "<frozen _sitebuiltins>", line 26, in __call__
SystemExit: 1


======================================================================
FAIL: test_entry_with_no_matching_conditions 
(knowledge.tests.EvaluateEntryTests.test_entry_with_no_matching_conditions)
----------------------------------------------------------------------
Traceback (most recent call last):
  File "E:\OneDrive\Project Claude\BGDDR\bgddr\knowledge\tests.py", line 360, in test_entry_with_no_matching_conditions
    self.assertEqual(result.total_score, 1)  # Only base score
    ~~~~~~~~~~~~~~~~^^^^^^^^^^^^^^^^^^^^^^^
AssertionError: 0 != 1

----------------------------------------------------------------------
Ran 422 tests in 80.763s

FAILED (failures=1, errors=1, skipped=1)
Destroying test database for alias 'default'...

No prescriptions in database. Create one first via the UI.
Found 422 test(s).
System check identified no issues (0 silenced).
Seeded 24 tests and 4 panels.
Seeded 24 tests and 4 panels.
Seeded 24 tests and 4 panels.
Seeded 24 tests and 4 panels.
Seeded 24 tests and 4 panels.
Seeded 24 tests and 4 panels.
Seeded 24 tests and 4 panels.
Seeded 24 tests and 4 panels.
Seeded 24 tests and 4 panels.
Seeded 24 tests and 4 panels.
Seeded 24 tests and 4 panels.
Seeded 24 tests and 4 panels.
Seeded 24 tests and 4 panels.
Seeded 24 tests and 4 panels.
Seeded 24 tests and 4 panels.
Seeded 24 tests and 4 panels.
Seeded 24 tests and 4 panels.
  data_manager: 232 permissions
  statistician: 58 permissions
  readonly: 58 permissions
  coordinator: 13 permissions
  investigator: 18 permissions
  pathologist: 9 permissions
Seeded 6 roles.
  data_manager: 232 permissions
  statistician: 58 permissions
  readonly: 58 permissions
  coordinator: 13 permissions
  investigator: 18 permissions
  pathologist: 9 permissions
Seeded 6 roles.
  data_manager: 232 permissions
  statistician: 58 permissions
  readonly: 58 permissions
  coordinator: 13 permissions
  investigator: 18 permissions
  pathologist: 9 permissions
Seeded 6 roles.
  data_manager: 232 permissions
  statistician: 58 permissions
  readonly: 58 permissions
  coordinator: 13 permissions
  investigator: 18 permissions
  pathologist: 9 permissions
Seeded 6 roles.
Seeded 24 tests and 4 panels.
Seeded 24 tests and 4 panels.
Seeded 24 tests and 4 panels.
Seeded 24 tests and 4 panels.
Seeded 24 tests and 4 panels.
Seeded 24 tests and 4 panels.
Seeded 24 tests and 4 panels.
  data_manager: 232 permissions
  statistician: 58 permissions
  readonly: 58 permissions
  coordinator: 13 permissions
  investigator: 18 permissions
  pathologist: 9 permissions
Seeded 6 roles.
  data_manager: 232 permissions
  statistician: 58 permissions
  readonly: 58 permissions
  coordinator: 13 permissions
  investigator: 18 permissions
  pathologist: 9 permissions
Seeded 6 roles.
  data_manager: 232 permissions
  statistician: 58 permissions
  readonly: 58 permissions
  coordinator: 13 permissions
  investigator: 18 permissions
  pathologist: 9 permissions
Seeded 6 roles.
  data_manager: 232 permissions
  statistician: 58 permissions
  readonly: 58 permissions
  coordinator: 13 permissions
  investigator: 18 permissions
  pathologist: 9 permissions
Seeded 6 roles.
  data_manager: 232 permissions
  statistician: 58 permissions
  readonly: 58 permissions
  coordinator: 13 permissions
  investigator: 18 permissions
  pathologist: 9 permissions
Seeded 6 roles.
  data_manager: 232 permissions
  statistician: 58 permissions
  readonly: 58 permissions
  coordinator: 13 permissions
  investigator: 18 permissions
  pathologist: 9 permissions
Seeded 6 roles.
Seeded 24 tests and 4 panels.
Seeded 24 tests and 4 panels.
Seeded 24 tests and 4 panels.
Seeded 24 tests and 4 panels.
Seeded 24 tests and 4 panels.
Seeded 24 tests and 4 panels.
Seeded 24 tests and 4 panels.
Seeded 24 tests and 4 panels.
